running develop
Removing /home/ismail/ros2_ws/install/navibot_description/lib/python3.10/site-packages/navibot-description.egg-link (link to .)
running egg_info
writing ../../build/navibot_description/navibot_description.egg-info/PKG-INFO
writing dependency_links to ../../build/navibot_description/navibot_description.egg-info/dependency_links.txt
writing entry points to ../../build/navibot_description/navibot_description.egg-info/entry_points.txt
writing requirements to ../../build/navibot_description/navibot_description.egg-info/requires.txt
writing top-level names to ../../build/navibot_description/navibot_description.egg-info/top_level.txt
reading manifest file '../../build/navibot_description/navibot_description.egg-info/SOURCES.txt'
writing manifest file '../../build/navibot_description/navibot_description.egg-info/SOURCES.txt'
running build
running build_py
running install
running install_lib
creating /home/ismail/ros2_ws/install/navibot_description/lib/python3.10/site-packages/navibot_description
copying /home/ismail/ros2_ws/build/navibot_description/build/lib/navibot_description/__init__.py -> /home/ismail/ros2_ws/install/navibot_description/lib/python3.10/site-packages/navibot_description
byte-compiling /home/ismail/ros2_ws/install/navibot_description/lib/python3.10/site-packages/navibot_description/__init__.py to __init__.cpython-310.pyc
running install_data
copying resource/navibot_description -> /home/ismail/ros2_ws/install/navibot_description/share/ament_index/resource_index/packages
copying package.xml -> /home/ismail/ros2_ws/install/navibot_description/share/navibot_description
copying worlds/lidar_world.sdf -> /home/ismail/ros2_ws/install/navibot_description/share/navibot_description/worlds
copying launch/full_navigation.launch.py -> /home/ismail/ros2_ws/install/navibot_description/share/navibot_description/launch
copying launch/gazebo.launch.py -> /home/ismail/ros2_ws/install/navibot_description/share/navibot_description/launch
copying urdf/navibot.urdf.xacro -> /home/ismail/ros2_ws/install/navibot_description/share/navibot_description/urdf
copying config/controllers.yaml -> /home/ismail/ros2_ws/install/navibot_description/share/navibot_description/config
running install_egg_info
Copying ../../build/navibot_description/navibot_description.egg-info to /home/ismail/ros2_ws/install/navibot_description/lib/python3.10/site-packages/navibot_description-0.0.0-py3.10.egg-info
running install_scripts
writing list of installed files to '/home/ismail/ros2_ws/build/navibot_description/install.log'
