[0.834s] Invoking command in '/home/ismail/ros2_ws/build/navibot_description': PYTHONPATH=/home/ismail/ros2_ws/build/navibot_description/prefix_override:/usr/lib/python3/dist-packages/colcon_core/task/python/colcon_distutils_commands:/home/ismail/ros2_ws/install/navibot_description/lib/python3.10/site-packages:${PYTHONPATH} /usr/bin/python3 -W ignore:setup.py install is deprecated -W ignore:easy_install command is deprecated setup.py develop --uninstall --editable --build-directory /home/ismail/ros2_ws/build/navibot_description/build
[1.082s] running develop
[1.233s] Removing /home/ismail/ros2_ws/install/navibot_description/lib/python3.10/site-packages/navibot-description.egg-link (link to .)
[1.270s] Invoked command in '/home/ismail/ros2_ws/build/navibot_description' returned '0': PYTHONPATH=/home/ismail/ros2_ws/build/navibot_description/prefix_override:/usr/lib/python3/dist-packages/colcon_core/task/python/colcon_distutils_commands:/home/ismail/ros2_ws/install/navibot_description/lib/python3.10/site-packages:${PYTHONPATH} /usr/bin/python3 -W ignore:setup.py install is deprecated -W ignore:easy_install command is deprecated setup.py develop --uninstall --editable --build-directory /home/ismail/ros2_ws/build/navibot_description/build
[1.271s] Invoking command in '/home/ismail/ros2_ws/src/navibot_description': PYTHONPATH=/home/ismail/ros2_ws/build/navibot_description/prefix_override:/usr/lib/python3/dist-packages/colcon_core/task/python/colcon_distutils_commands:/home/ismail/ros2_ws/install/navibot_description/lib/python3.10/site-packages:${PYTHONPATH} /usr/bin/python3 -W ignore:setup.py install is deprecated -W ignore:easy_install command is deprecated setup.py egg_info --egg-base ../../build/navibot_description build --build-base /home/ismail/ros2_ws/build/navibot_description/build install --record /home/ismail/ros2_ws/build/navibot_description/install.log --single-version-externally-managed install_data --force
[1.500s] running egg_info
[1.501s] writing ../../build/navibot_description/navibot_description.egg-info/PKG-INFO
[1.501s] writing dependency_links to ../../build/navibot_description/navibot_description.egg-info/dependency_links.txt
[1.502s] writing entry points to ../../build/navibot_description/navibot_description.egg-info/entry_points.txt
[1.502s] writing requirements to ../../build/navibot_description/navibot_description.egg-info/requires.txt
[1.502s] writing top-level names to ../../build/navibot_description/navibot_description.egg-info/top_level.txt
[1.503s] reading manifest file '../../build/navibot_description/navibot_description.egg-info/SOURCES.txt'
[1.504s] writing manifest file '../../build/navibot_description/navibot_description.egg-info/SOURCES.txt'
[1.504s] running build
[1.504s] running build_py
[1.506s] running install
[1.506s] running install_lib
[1.507s] creating /home/ismail/ros2_ws/install/navibot_description/lib/python3.10/site-packages/navibot_description
[1.507s] copying /home/ismail/ros2_ws/build/navibot_description/build/lib/navibot_description/__init__.py -> /home/ismail/ros2_ws/install/navibot_description/lib/python3.10/site-packages/navibot_description
[1.508s] byte-compiling /home/ismail/ros2_ws/install/navibot_description/lib/python3.10/site-packages/navibot_description/__init__.py to __init__.cpython-310.pyc
[1.508s] running install_data
[1.508s] copying resource/navibot_description -> /home/ismail/ros2_ws/install/navibot_description/share/ament_index/resource_index/packages
[1.508s] copying package.xml -> /home/ismail/ros2_ws/install/navibot_description/share/navibot_description
[1.508s] copying worlds/lidar_world.sdf -> /home/ismail/ros2_ws/install/navibot_description/share/navibot_description/worlds
[1.508s] copying launch/full_navigation.launch.py -> /home/ismail/ros2_ws/install/navibot_description/share/navibot_description/launch
[1.508s] copying launch/gazebo.launch.py -> /home/ismail/ros2_ws/install/navibot_description/share/navibot_description/launch
[1.508s] copying urdf/navibot.urdf.xacro -> /home/ismail/ros2_ws/install/navibot_description/share/navibot_description/urdf
[1.509s] copying config/controllers.yaml -> /home/ismail/ros2_ws/install/navibot_description/share/navibot_description/config
[1.509s] running install_egg_info
[1.510s] Copying ../../build/navibot_description/navibot_description.egg-info to /home/ismail/ros2_ws/install/navibot_description/lib/python3.10/site-packages/navibot_description-0.0.0-py3.10.egg-info
[1.511s] running install_scripts
[1.532s] writing list of installed files to '/home/ismail/ros2_ws/build/navibot_description/install.log'
[1.565s] Invoked command in '/home/ismail/ros2_ws/src/navibot_description' returned '0': PYTHONPATH=/home/ismail/ros2_ws/build/navibot_description/prefix_override:/usr/lib/python3/dist-packages/colcon_core/task/python/colcon_distutils_commands:/home/ismail/ros2_ws/install/navibot_description/lib/python3.10/site-packages:${PYTHONPATH} /usr/bin/python3 -W ignore:setup.py install is deprecated -W ignore:easy_install command is deprecated setup.py egg_info --egg-base ../../build/navibot_description build --build-base /home/ismail/ros2_ws/build/navibot_description/build install --record /home/ismail/ros2_ws/build/navibot_description/install.log --single-version-externally-managed install_data --force
