[1.528s] Invoking command in '/home/ismail/ros2_ws/src/navibot_description': PYTHONPATH=/home/ismail/ros2_ws/build/navibot_description/prefix_override:/usr/lib/python3/dist-packages/colcon_core/task/python/colcon_distutils_commands:/home/ismail/ros2_ws/install/navibot_description/lib/python3.10/site-packages:${PYTHONPATH} /usr/bin/python3 -W ignore:setup.py install is deprecated -W ignore:easy_install command is deprecated setup.py egg_info --egg-base ../../build/navibot_description build --build-base /home/ismail/ros2_ws/build/navibot_description/build install --record /home/ismail/ros2_ws/build/navibot_description/install.log --single-version-externally-managed install_data
[2.047s] running egg_info
[2.050s] writing ../../build/navibot_description/navibot_description.egg-info/PKG-INFO
[2.050s] writing dependency_links to ../../build/navibot_description/navibot_description.egg-info/dependency_links.txt
[2.051s] writing entry points to ../../build/navibot_description/navibot_description.egg-info/entry_points.txt
[2.051s] writing requirements to ../../build/navibot_description/navibot_description.egg-info/requires.txt
[2.051s] writing top-level names to ../../build/navibot_description/navibot_description.egg-info/top_level.txt
[2.054s] reading manifest file '../../build/navibot_description/navibot_description.egg-info/SOURCES.txt'
[2.057s] writing manifest file '../../build/navibot_description/navibot_description.egg-info/SOURCES.txt'
[2.059s] running build
[2.061s] running build_py
[2.062s] running install
[2.063s] running install_lib
[2.066s] running install_data
[2.067s] copying launch/nav2.launch.py -> /home/ismail/ros2_ws/install/navibot_description/share/navibot_description/launch
[2.067s] copying config/nav2_params.yaml -> /home/ismail/ros2_ws/install/navibot_description/share/navibot_description/config
[2.068s] running install_egg_info
[2.073s] removing '/home/ismail/ros2_ws/install/navibot_description/lib/python3.10/site-packages/navibot_description-0.0.0-py3.10.egg-info' (and everything under it)
[2.074s] Copying ../../build/navibot_description/navibot_description.egg-info to /home/ismail/ros2_ws/install/navibot_description/lib/python3.10/site-packages/navibot_description-0.0.0-py3.10.egg-info
[2.076s] running install_scripts
[2.124s] writing list of installed files to '/home/ismail/ros2_ws/build/navibot_description/install.log'
[2.196s] Invoked command in '/home/ismail/ros2_ws/src/navibot_description' returned '0': PYTHONPATH=/home/ismail/ros2_ws/build/navibot_description/prefix_override:/usr/lib/python3/dist-packages/colcon_core/task/python/colcon_distutils_commands:/home/ismail/ros2_ws/install/navibot_description/lib/python3.10/site-packages:${PYTHONPATH} /usr/bin/python3 -W ignore:setup.py install is deprecated -W ignore:easy_install command is deprecated setup.py egg_info --egg-base ../../build/navibot_description build --build-base /home/ismail/ros2_ws/build/navibot_description/build install --record /home/ismail/ros2_ws/build/navibot_description/install.log --single-version-externally-managed install_data
