[0.124s] DEBUG:colcon:Command line arguments: ['/usr/bin/colcon', 'build', '--symlink-install']
[0.125s] DEBUG:colcon:Parsed command line arguments: Namespace(log_base=None, log_level=None, verb_name='build', build_base='build', install_base='install', merge_install=False, symlink_install=True, test_result_base=None, continue_on_error=False, executor='parallel', parallel_workers=8, event_handlers=None, ignore_user_meta=False, metas=['./colcon.meta'], base_paths=['.'], packages_ignore=None, packages_ignore_regex=None, paths=None, packages_up_to=None, packages_up_to_regex=None, packages_above=None, packages_above_and_dependencies=None, packages_above_depth=None, packages_select_by_dep=None, packages_skip_by_dep=None, packages_skip_up_to=None, packages_select_build_failed=False, packages_skip_build_finished=False, packages_select_test_failures=False, packages_skip_test_passed=False, packages_select=None, packages_skip=None, packages_select_regex=None, packages_skip_regex=None, packages_start=None, packages_end=None, allow_overriding=[], cmake_args=None, cmake_target=None, cmake_target_skip_unavailable=False, cmake_clean_cache=False, cmake_clean_first=False, cmake_force_configure=False, ament_cmake_args=None, catkin_cmake_args=None, catkin_skip_building_tests=False, verb_parser=<colcon_defaults.argument_parser.defaults.DefaultArgumentsDecorator object at 0x7bf9a85383a0>, verb_extension=<colcon_core.verb.build.BuildVerb object at 0x7bf9a85033d0>, main=<bound method BuildVerb.main of <colcon_core.verb.build.BuildVerb object at 0x7bf9a85033d0>>)
[0.299s] Level 1:colcon.colcon_core.package_discovery:discover_packages(colcon_meta) check parameters
[0.299s] Level 1:colcon.colcon_core.package_discovery:discover_packages(recursive) check parameters
[0.299s] Level 1:colcon.colcon_core.package_discovery:discover_packages(ignore) check parameters
[0.299s] Level 1:colcon.colcon_core.package_discovery:discover_packages(path) check parameters
[0.299s] Level 1:colcon.colcon_core.package_discovery:discover_packages(colcon_meta) discover
[0.299s] Level 1:colcon.colcon_core.package_discovery:discover_packages(recursive) discover
[0.299s] INFO:colcon.colcon_core.package_discovery:Crawling recursively for packages in '/home/ismail/ros2_ws'
[0.299s] Level 1:colcon.colcon_core.package_identification:_identify(.) by extensions ['ignore', 'ignore_ament_install']
[0.299s] Level 1:colcon.colcon_core.package_identification:_identify(.) by extension 'ignore'
[0.299s] Level 1:colcon.colcon_core.package_identification:_identify(.) by extension 'ignore_ament_install'
[0.299s] Level 1:colcon.colcon_core.package_identification:_identify(.) by extensions ['colcon_pkg']
[0.299s] Level 1:colcon.colcon_core.package_identification:_identify(.) by extension 'colcon_pkg'
[0.300s] Level 1:colcon.colcon_core.package_identification:_identify(.) by extensions ['colcon_meta']
[0.300s] Level 1:colcon.colcon_core.package_identification:_identify(.) by extension 'colcon_meta'
[0.300s] Level 1:colcon.colcon_core.package_identification:_identify(.) by extensions ['ros']
[0.300s] Level 1:colcon.colcon_core.package_identification:_identify(.) by extension 'ros'
[0.312s] Level 1:colcon.colcon_core.package_identification:_identify(.) by extensions ['cmake', 'python']
[0.312s] Level 1:colcon.colcon_core.package_identification:_identify(.) by extension 'cmake'
[0.313s] Level 1:colcon.colcon_core.package_identification:_identify(.) by extension 'python'
[0.313s] Level 1:colcon.colcon_core.package_identification:_identify(.) by extensions ['python_setup_py']
[0.313s] Level 1:colcon.colcon_core.package_identification:_identify(.) by extension 'python_setup_py'
[0.313s] Level 1:colcon.colcon_core.package_identification:_identify(build) by extensions ['ignore', 'ignore_ament_install']
[0.313s] Level 1:colcon.colcon_core.package_identification:_identify(build) by extension 'ignore'
[0.313s] Level 1:colcon.colcon_core.package_identification:_identify(build) ignored
[0.314s] Level 1:colcon.colcon_core.package_identification:_identify(install) by extensions ['ignore', 'ignore_ament_install']
[0.314s] Level 1:colcon.colcon_core.package_identification:_identify(install) by extension 'ignore'
[0.314s] Level 1:colcon.colcon_core.package_identification:_identify(install) ignored
[0.314s] Level 1:colcon.colcon_core.package_identification:_identify(log) by extensions ['ignore', 'ignore_ament_install']
[0.314s] Level 1:colcon.colcon_core.package_identification:_identify(log) by extension 'ignore'
[0.314s] Level 1:colcon.colcon_core.package_identification:_identify(log) ignored
[0.314s] Level 1:colcon.colcon_core.package_identification:_identify(src) by extensions ['ignore', 'ignore_ament_install']
[0.314s] Level 1:colcon.colcon_core.package_identification:_identify(src) by extension 'ignore'
[0.315s] Level 1:colcon.colcon_core.package_identification:_identify(src) by extension 'ignore_ament_install'
[0.315s] Level 1:colcon.colcon_core.package_identification:_identify(src) by extensions ['colcon_pkg']
[0.315s] Level 1:colcon.colcon_core.package_identification:_identify(src) by extension 'colcon_pkg'
[0.315s] Level 1:colcon.colcon_core.package_identification:_identify(src) by extensions ['colcon_meta']
[0.315s] Level 1:colcon.colcon_core.package_identification:_identify(src) by extension 'colcon_meta'
[0.315s] Level 1:colcon.colcon_core.package_identification:_identify(src) by extensions ['ros']
[0.315s] Level 1:colcon.colcon_core.package_identification:_identify(src) by extension 'ros'
[0.315s] Level 1:colcon.colcon_core.package_identification:_identify(src) by extensions ['cmake', 'python']
[0.315s] Level 1:colcon.colcon_core.package_identification:_identify(src) by extension 'cmake'
[0.315s] Level 1:colcon.colcon_core.package_identification:_identify(src) by extension 'python'
[0.315s] Level 1:colcon.colcon_core.package_identification:_identify(src) by extensions ['python_setup_py']
[0.315s] Level 1:colcon.colcon_core.package_identification:_identify(src) by extension 'python_setup_py'
[0.315s] Level 1:colcon.colcon_core.package_identification:_identify(src/my_4w_robot_description) by extensions ['ignore', 'ignore_ament_install']
[0.315s] Level 1:colcon.colcon_core.package_identification:_identify(src/my_4w_robot_description) by extension 'ignore'
[0.315s] Level 1:colcon.colcon_core.package_identification:_identify(src/my_4w_robot_description) by extension 'ignore_ament_install'
[0.316s] Level 1:colcon.colcon_core.package_identification:_identify(src/my_4w_robot_description) by extensions ['colcon_pkg']
[0.316s] Level 1:colcon.colcon_core.package_identification:_identify(src/my_4w_robot_description) by extension 'colcon_pkg'
[0.316s] Level 1:colcon.colcon_core.package_identification:_identify(src/my_4w_robot_description) by extensions ['colcon_meta']
[0.316s] Level 1:colcon.colcon_core.package_identification:_identify(src/my_4w_robot_description) by extension 'colcon_meta'
[0.316s] Level 1:colcon.colcon_core.package_identification:_identify(src/my_4w_robot_description) by extensions ['ros']
[0.316s] Level 1:colcon.colcon_core.package_identification:_identify(src/my_4w_robot_description) by extension 'ros'
[0.319s] DEBUG:colcon.colcon_core.package_identification:Package 'src/my_4w_robot_description' with type 'ros.ament_cmake' and name 'my_4w_robot_description'
[0.319s] Level 1:colcon.colcon_core.package_identification:_identify(src/my_robot) by extensions ['ignore', 'ignore_ament_install']
[0.319s] Level 1:colcon.colcon_core.package_identification:_identify(src/my_robot) by extension 'ignore'
[0.319s] Level 1:colcon.colcon_core.package_identification:_identify(src/my_robot) by extension 'ignore_ament_install'
[0.319s] Level 1:colcon.colcon_core.package_identification:_identify(src/my_robot) by extensions ['colcon_pkg']
[0.319s] Level 1:colcon.colcon_core.package_identification:_identify(src/my_robot) by extension 'colcon_pkg'
[0.319s] Level 1:colcon.colcon_core.package_identification:_identify(src/my_robot) by extensions ['colcon_meta']
[0.319s] Level 1:colcon.colcon_core.package_identification:_identify(src/my_robot) by extension 'colcon_meta'
[0.319s] Level 1:colcon.colcon_core.package_identification:_identify(src/my_robot) by extensions ['ros']
[0.319s] Level 1:colcon.colcon_core.package_identification:_identify(src/my_robot) by extension 'ros'
[0.320s] Level 1:colcon.colcon_core.package_identification:_identify(src/my_robot) by extensions ['cmake', 'python']
[0.320s] Level 1:colcon.colcon_core.package_identification:_identify(src/my_robot) by extension 'cmake'
[0.320s] Level 1:colcon.colcon_core.package_identification:_identify(src/my_robot) by extension 'python'
[0.320s] Level 1:colcon.colcon_core.package_identification:_identify(src/my_robot) by extensions ['python_setup_py']
[0.320s] Level 1:colcon.colcon_core.package_identification:_identify(src/my_robot) by extension 'python_setup_py'
[0.320s] Level 1:colcon.colcon_core.package_identification:_identify(src/my_robot_bringup) by extensions ['ignore', 'ignore_ament_install']
[0.320s] Level 1:colcon.colcon_core.package_identification:_identify(src/my_robot_bringup) by extension 'ignore'
[0.320s] Level 1:colcon.colcon_core.package_identification:_identify(src/my_robot_bringup) by extension 'ignore_ament_install'
[0.320s] Level 1:colcon.colcon_core.package_identification:_identify(src/my_robot_bringup) by extensions ['colcon_pkg']
[0.320s] Level 1:colcon.colcon_core.package_identification:_identify(src/my_robot_bringup) by extension 'colcon_pkg'
[0.320s] Level 1:colcon.colcon_core.package_identification:_identify(src/my_robot_bringup) by extensions ['colcon_meta']
[0.320s] Level 1:colcon.colcon_core.package_identification:_identify(src/my_robot_bringup) by extension 'colcon_meta'
[0.320s] Level 1:colcon.colcon_core.package_identification:_identify(src/my_robot_bringup) by extensions ['ros']
[0.320s] Level 1:colcon.colcon_core.package_identification:_identify(src/my_robot_bringup) by extension 'ros'
[0.321s] DEBUG:colcon.colcon_core.package_identification:Failed to parse potential ROS package manifest in'src/my_robot_bringup': Error(s) in package 'src/my_robot_bringup/package.xml':
The manifest must contain exactly one "name" tag
[0.321s] Level 1:colcon.colcon_core.package_identification:_identify(src/my_robot_bringup) by extensions ['cmake', 'python']
[0.321s] Level 1:colcon.colcon_core.package_identification:_identify(src/my_robot_bringup) by extension 'cmake'
[0.321s] Level 1:colcon.colcon_core.package_identification:_identify(src/my_robot_bringup) by extension 'python'
[0.321s] Level 1:colcon.colcon_core.package_identification:_identify(src/my_robot_bringup) by extensions ['python_setup_py']
[0.321s] Level 1:colcon.colcon_core.package_identification:_identify(src/my_robot_bringup) by extension 'python_setup_py'
[0.566s] DEBUG:colcon.colcon_core.package_identification:Package 'src/my_robot_bringup' with type 'python' and name 'my_robot_bringup'
[0.567s] Level 1:colcon.colcon_core.package_identification:_identify(src/my_robot_description) by extensions ['ignore', 'ignore_ament_install']
[0.567s] Level 1:colcon.colcon_core.package_identification:_identify(src/my_robot_description) by extension 'ignore'
[0.567s] Level 1:colcon.colcon_core.package_identification:_identify(src/my_robot_description) by extension 'ignore_ament_install'
[0.567s] Level 1:colcon.colcon_core.package_identification:_identify(src/my_robot_description) by extensions ['colcon_pkg']
[0.567s] Level 1:colcon.colcon_core.package_identification:_identify(src/my_robot_description) by extension 'colcon_pkg'
[0.567s] Level 1:colcon.colcon_core.package_identification:_identify(src/my_robot_description) by extensions ['colcon_meta']
[0.567s] Level 1:colcon.colcon_core.package_identification:_identify(src/my_robot_description) by extension 'colcon_meta'
[0.567s] Level 1:colcon.colcon_core.package_identification:_identify(src/my_robot_description) by extensions ['ros']
[0.567s] Level 1:colcon.colcon_core.package_identification:_identify(src/my_robot_description) by extension 'ros'
[0.569s] DEBUG:colcon.colcon_core.package_identification:Package 'src/my_robot_description' with type 'ros.ament_cmake' and name 'my_robot_description'
[0.569s] Level 1:colcon.colcon_core.package_identification:_identify(src/my_robot_navigation) by extensions ['ignore', 'ignore_ament_install']
[0.569s] Level 1:colcon.colcon_core.package_identification:_identify(src/my_robot_navigation) by extension 'ignore'
[0.569s] Level 1:colcon.colcon_core.package_identification:_identify(src/my_robot_navigation) by extension 'ignore_ament_install'
[0.569s] Level 1:colcon.colcon_core.package_identification:_identify(src/my_robot_navigation) by extensions ['colcon_pkg']
[0.570s] Level 1:colcon.colcon_core.package_identification:_identify(src/my_robot_navigation) by extension 'colcon_pkg'
[0.570s] Level 1:colcon.colcon_core.package_identification:_identify(src/my_robot_navigation) by extensions ['colcon_meta']
[0.570s] Level 1:colcon.colcon_core.package_identification:_identify(src/my_robot_navigation) by extension 'colcon_meta'
[0.570s] Level 1:colcon.colcon_core.package_identification:_identify(src/my_robot_navigation) by extensions ['ros']
[0.570s] Level 1:colcon.colcon_core.package_identification:_identify(src/my_robot_navigation) by extension 'ros'
[0.570s] DEBUG:colcon.colcon_core.package_identification:Failed to parse potential ROS package manifest in'src/my_robot_navigation': Error(s) in package 'src/my_robot_navigation/package.xml':
The manifest must contain exactly one "name" tag
[0.570s] Level 1:colcon.colcon_core.package_identification:_identify(src/my_robot_navigation) by extensions ['cmake', 'python']
[0.570s] Level 1:colcon.colcon_core.package_identification:_identify(src/my_robot_navigation) by extension 'cmake'
[0.572s] Level 1:colcon.colcon_core.package_identification:_identify(src/my_robot_navigation) by extension 'python'
[0.572s] DEBUG:colcon.colcon_core.package_identification:Package 'src/my_robot_navigation' with type 'cmake' and name 'my_robot_navigation'
[0.572s] Level 1:colcon.colcon_core.package_identification:_identify(src/my_robot_simulation) by extensions ['ignore', 'ignore_ament_install']
[0.573s] Level 1:colcon.colcon_core.package_identification:_identify(src/my_robot_simulation) by extension 'ignore'
[0.573s] Level 1:colcon.colcon_core.package_identification:_identify(src/my_robot_simulation) by extension 'ignore_ament_install'
[0.573s] Level 1:colcon.colcon_core.package_identification:_identify(src/my_robot_simulation) by extensions ['colcon_pkg']
[0.573s] Level 1:colcon.colcon_core.package_identification:_identify(src/my_robot_simulation) by extension 'colcon_pkg'
[0.573s] Level 1:colcon.colcon_core.package_identification:_identify(src/my_robot_simulation) by extensions ['colcon_meta']
[0.573s] Level 1:colcon.colcon_core.package_identification:_identify(src/my_robot_simulation) by extension 'colcon_meta'
[0.573s] Level 1:colcon.colcon_core.package_identification:_identify(src/my_robot_simulation) by extensions ['ros']
[0.573s] Level 1:colcon.colcon_core.package_identification:_identify(src/my_robot_simulation) by extension 'ros'
[0.573s] DEBUG:colcon.colcon_core.package_identification:Failed to parse potential ROS package manifest in'src/my_robot_simulation': Error(s) in package 'src/my_robot_simulation/package.xml':
The manifest must contain exactly one "name" tag
[0.574s] Level 1:colcon.colcon_core.package_identification:_identify(src/my_robot_simulation) by extensions ['cmake', 'python']
[0.574s] Level 1:colcon.colcon_core.package_identification:_identify(src/my_robot_simulation) by extension 'cmake'
[0.574s] Level 1:colcon.colcon_core.package_identification:_identify(src/my_robot_simulation) by extension 'python'
[0.574s] DEBUG:colcon.colcon_core.package_identification:Package 'src/my_robot_simulation' with type 'cmake' and name 'my_robot_simulation'
[0.574s] Level 1:colcon.colcon_core.package_identification:_identify(src/navibot_description) by extensions ['ignore', 'ignore_ament_install']
[0.574s] Level 1:colcon.colcon_core.package_identification:_identify(src/navibot_description) by extension 'ignore'
[0.574s] Level 1:colcon.colcon_core.package_identification:_identify(src/navibot_description) by extension 'ignore_ament_install'
[0.574s] Level 1:colcon.colcon_core.package_identification:_identify(src/navibot_description) by extensions ['colcon_pkg']
[0.575s] Level 1:colcon.colcon_core.package_identification:_identify(src/navibot_description) by extension 'colcon_pkg'
[0.575s] Level 1:colcon.colcon_core.package_identification:_identify(src/navibot_description) by extensions ['colcon_meta']
[0.575s] Level 1:colcon.colcon_core.package_identification:_identify(src/navibot_description) by extension 'colcon_meta'
[0.575s] Level 1:colcon.colcon_core.package_identification:_identify(src/navibot_description) by extensions ['ros']
[0.575s] Level 1:colcon.colcon_core.package_identification:_identify(src/navibot_description) by extension 'ros'
[0.577s] DEBUG:colcon.colcon_core.package_identification:Package 'src/navibot_description' with type 'ros.ament_python' and name 'navibot_description'
[0.577s] Level 1:colcon.colcon_core.package_discovery:discover_packages(recursive) using defaults
[0.577s] Level 1:colcon.colcon_core.package_discovery:discover_packages(ignore) discover
[0.577s] Level 1:colcon.colcon_core.package_discovery:discover_packages(ignore) using defaults
[0.577s] Level 1:colcon.colcon_core.package_discovery:discover_packages(path) discover
[0.577s] Level 1:colcon.colcon_core.package_discovery:discover_packages(path) using defaults
[0.619s] Level 1:colcon.colcon_core.package_discovery:discover_packages(prefix_path) check parameters
[0.620s] Level 1:colcon.colcon_core.package_discovery:discover_packages(prefix_path) discover
[0.623s] DEBUG:colcon.colcon_installed_package_information.package_discovery:Found 1 installed packages in /home/ismail/ros2_ws/install
[0.626s] DEBUG:colcon.colcon_installed_package_information.package_discovery:Found 395 installed packages in /opt/ros/humble
[0.629s] Level 1:colcon.colcon_core.package_discovery:discover_packages(prefix_path) using defaults
[0.682s] Level 5:colcon.colcon_core.verb:set package 'my_4w_robot_description' build argument 'cmake_args' from command line to 'None'
[0.682s] Level 5:colcon.colcon_core.verb:set package 'my_4w_robot_description' build argument 'cmake_target' from command line to 'None'
[0.682s] Level 5:colcon.colcon_core.verb:set package 'my_4w_robot_description' build argument 'cmake_target_skip_unavailable' from command line to 'False'
[0.682s] Level 5:colcon.colcon_core.verb:set package 'my_4w_robot_description' build argument 'cmake_clean_cache' from command line to 'False'
[0.682s] Level 5:colcon.colcon_core.verb:set package 'my_4w_robot_description' build argument 'cmake_clean_first' from command line to 'False'
[0.682s] Level 5:colcon.colcon_core.verb:set package 'my_4w_robot_description' build argument 'cmake_force_configure' from command line to 'False'
[0.682s] Level 5:colcon.colcon_core.verb:set package 'my_4w_robot_description' build argument 'ament_cmake_args' from command line to 'None'
[0.682s] Level 5:colcon.colcon_core.verb:set package 'my_4w_robot_description' build argument 'catkin_cmake_args' from command line to 'None'
[0.682s] Level 5:colcon.colcon_core.verb:set package 'my_4w_robot_description' build argument 'catkin_skip_building_tests' from command line to 'False'
[0.682s] DEBUG:colcon.colcon_core.verb:Building package 'my_4w_robot_description' with the following arguments: {'ament_cmake_args': None, 'build_base': '/home/ismail/ros2_ws/build/my_4w_robot_description', 'catkin_cmake_args': None, 'catkin_skip_building_tests': False, 'cmake_args': None, 'cmake_clean_cache': False, 'cmake_clean_first': False, 'cmake_force_configure': False, 'cmake_target': None, 'cmake_target_skip_unavailable': False, 'install_base': '/home/ismail/ros2_ws/install/my_4w_robot_description', 'merge_install': False, 'path': '/home/ismail/ros2_ws/src/my_4w_robot_description', 'symlink_install': True, 'test_result_base': None}
[0.682s] Level 5:colcon.colcon_core.verb:set package 'my_robot_bringup' build argument 'cmake_args' from command line to 'None'
[0.682s] Level 5:colcon.colcon_core.verb:set package 'my_robot_bringup' build argument 'cmake_target' from command line to 'None'
[0.683s] Level 5:colcon.colcon_core.verb:set package 'my_robot_bringup' build argument 'cmake_target_skip_unavailable' from command line to 'False'
[0.683s] Level 5:colcon.colcon_core.verb:set package 'my_robot_bringup' build argument 'cmake_clean_cache' from command line to 'False'
[0.683s] Level 5:colcon.colcon_core.verb:set package 'my_robot_bringup' build argument 'cmake_clean_first' from command line to 'False'
[0.683s] Level 5:colcon.colcon_core.verb:set package 'my_robot_bringup' build argument 'cmake_force_configure' from command line to 'False'
[0.683s] Level 5:colcon.colcon_core.verb:set package 'my_robot_bringup' build argument 'ament_cmake_args' from command line to 'None'
[0.683s] Level 5:colcon.colcon_core.verb:set package 'my_robot_bringup' build argument 'catkin_cmake_args' from command line to 'None'
[0.683s] Level 5:colcon.colcon_core.verb:set package 'my_robot_bringup' build argument 'catkin_skip_building_tests' from command line to 'False'
[0.683s] DEBUG:colcon.colcon_core.verb:Building package 'my_robot_bringup' with the following arguments: {'ament_cmake_args': None, 'build_base': '/home/ismail/ros2_ws/build/my_robot_bringup', 'catkin_cmake_args': None, 'catkin_skip_building_tests': False, 'cmake_args': None, 'cmake_clean_cache': False, 'cmake_clean_first': False, 'cmake_force_configure': False, 'cmake_target': None, 'cmake_target_skip_unavailable': False, 'install_base': '/home/ismail/ros2_ws/install/my_robot_bringup', 'merge_install': False, 'path': '/home/ismail/ros2_ws/src/my_robot_bringup', 'symlink_install': True, 'test_result_base': None}
[0.683s] Level 5:colcon.colcon_core.verb:set package 'my_robot_description' build argument 'cmake_args' from command line to 'None'
[0.683s] Level 5:colcon.colcon_core.verb:set package 'my_robot_description' build argument 'cmake_target' from command line to 'None'
[0.683s] Level 5:colcon.colcon_core.verb:set package 'my_robot_description' build argument 'cmake_target_skip_unavailable' from command line to 'False'
[0.683s] Level 5:colcon.colcon_core.verb:set package 'my_robot_description' build argument 'cmake_clean_cache' from command line to 'False'
[0.683s] Level 5:colcon.colcon_core.verb:set package 'my_robot_description' build argument 'cmake_clean_first' from command line to 'False'
[0.683s] Level 5:colcon.colcon_core.verb:set package 'my_robot_description' build argument 'cmake_force_configure' from command line to 'False'
[0.683s] Level 5:colcon.colcon_core.verb:set package 'my_robot_description' build argument 'ament_cmake_args' from command line to 'None'
[0.683s] Level 5:colcon.colcon_core.verb:set package 'my_robot_description' build argument 'catkin_cmake_args' from command line to 'None'
[0.683s] Level 5:colcon.colcon_core.verb:set package 'my_robot_description' build argument 'catkin_skip_building_tests' from command line to 'False'
[0.683s] DEBUG:colcon.colcon_core.verb:Building package 'my_robot_description' with the following arguments: {'ament_cmake_args': None, 'build_base': '/home/ismail/ros2_ws/build/my_robot_description', 'catkin_cmake_args': None, 'catkin_skip_building_tests': False, 'cmake_args': None, 'cmake_clean_cache': False, 'cmake_clean_first': False, 'cmake_force_configure': False, 'cmake_target': None, 'cmake_target_skip_unavailable': False, 'install_base': '/home/ismail/ros2_ws/install/my_robot_description', 'merge_install': False, 'path': '/home/ismail/ros2_ws/src/my_robot_description', 'symlink_install': True, 'test_result_base': None}
[0.683s] Level 5:colcon.colcon_core.verb:set package 'my_robot_navigation' build argument 'cmake_args' from command line to 'None'
[0.684s] Level 5:colcon.colcon_core.verb:set package 'my_robot_navigation' build argument 'cmake_target' from command line to 'None'
[0.684s] Level 5:colcon.colcon_core.verb:set package 'my_robot_navigation' build argument 'cmake_target_skip_unavailable' from command line to 'False'
[0.684s] Level 5:colcon.colcon_core.verb:set package 'my_robot_navigation' build argument 'cmake_clean_cache' from command line to 'False'
[0.684s] Level 5:colcon.colcon_core.verb:set package 'my_robot_navigation' build argument 'cmake_clean_first' from command line to 'False'
[0.684s] Level 5:colcon.colcon_core.verb:set package 'my_robot_navigation' build argument 'cmake_force_configure' from command line to 'False'
[0.684s] Level 5:colcon.colcon_core.verb:set package 'my_robot_navigation' build argument 'ament_cmake_args' from command line to 'None'
[0.684s] Level 5:colcon.colcon_core.verb:set package 'my_robot_navigation' build argument 'catkin_cmake_args' from command line to 'None'
[0.684s] Level 5:colcon.colcon_core.verb:set package 'my_robot_navigation' build argument 'catkin_skip_building_tests' from command line to 'False'
[0.684s] DEBUG:colcon.colcon_core.verb:Building package 'my_robot_navigation' with the following arguments: {'ament_cmake_args': None, 'build_base': '/home/ismail/ros2_ws/build/my_robot_navigation', 'catkin_cmake_args': None, 'catkin_skip_building_tests': False, 'cmake_args': None, 'cmake_clean_cache': False, 'cmake_clean_first': False, 'cmake_force_configure': False, 'cmake_target': None, 'cmake_target_skip_unavailable': False, 'install_base': '/home/ismail/ros2_ws/install/my_robot_navigation', 'merge_install': False, 'path': '/home/ismail/ros2_ws/src/my_robot_navigation', 'symlink_install': True, 'test_result_base': None}
[0.684s] Level 5:colcon.colcon_core.verb:set package 'my_robot_simulation' build argument 'cmake_args' from command line to 'None'
[0.684s] Level 5:colcon.colcon_core.verb:set package 'my_robot_simulation' build argument 'cmake_target' from command line to 'None'
[0.684s] Level 5:colcon.colcon_core.verb:set package 'my_robot_simulation' build argument 'cmake_target_skip_unavailable' from command line to 'False'
[0.684s] Level 5:colcon.colcon_core.verb:set package 'my_robot_simulation' build argument 'cmake_clean_cache' from command line to 'False'
[0.684s] Level 5:colcon.colcon_core.verb:set package 'my_robot_simulation' build argument 'cmake_clean_first' from command line to 'False'
[0.684s] Level 5:colcon.colcon_core.verb:set package 'my_robot_simulation' build argument 'cmake_force_configure' from command line to 'False'
[0.684s] Level 5:colcon.colcon_core.verb:set package 'my_robot_simulation' build argument 'ament_cmake_args' from command line to 'None'
[0.684s] Level 5:colcon.colcon_core.verb:set package 'my_robot_simulation' build argument 'catkin_cmake_args' from command line to 'None'
[0.684s] Level 5:colcon.colcon_core.verb:set package 'my_robot_simulation' build argument 'catkin_skip_building_tests' from command line to 'False'
[0.684s] DEBUG:colcon.colcon_core.verb:Building package 'my_robot_simulation' with the following arguments: {'ament_cmake_args': None, 'build_base': '/home/ismail/ros2_ws/build/my_robot_simulation', 'catkin_cmake_args': None, 'catkin_skip_building_tests': False, 'cmake_args': None, 'cmake_clean_cache': False, 'cmake_clean_first': False, 'cmake_force_configure': False, 'cmake_target': None, 'cmake_target_skip_unavailable': False, 'install_base': '/home/ismail/ros2_ws/install/my_robot_simulation', 'merge_install': False, 'path': '/home/ismail/ros2_ws/src/my_robot_simulation', 'symlink_install': True, 'test_result_base': None}
[0.684s] Level 5:colcon.colcon_core.verb:set package 'navibot_description' build argument 'cmake_args' from command line to 'None'
[0.684s] Level 5:colcon.colcon_core.verb:set package 'navibot_description' build argument 'cmake_target' from command line to 'None'
[0.685s] Level 5:colcon.colcon_core.verb:set package 'navibot_description' build argument 'cmake_target_skip_unavailable' from command line to 'False'
[0.685s] Level 5:colcon.colcon_core.verb:set package 'navibot_description' build argument 'cmake_clean_cache' from command line to 'False'
[0.685s] Level 5:colcon.colcon_core.verb:set package 'navibot_description' build argument 'cmake_clean_first' from command line to 'False'
[0.685s] Level 5:colcon.colcon_core.verb:set package 'navibot_description' build argument 'cmake_force_configure' from command line to 'False'
[0.685s] Level 5:colcon.colcon_core.verb:set package 'navibot_description' build argument 'ament_cmake_args' from command line to 'None'
[0.685s] Level 5:colcon.colcon_core.verb:set package 'navibot_description' build argument 'catkin_cmake_args' from command line to 'None'
[0.685s] Level 5:colcon.colcon_core.verb:set package 'navibot_description' build argument 'catkin_skip_building_tests' from command line to 'False'
[0.685s] DEBUG:colcon.colcon_core.verb:Building package 'navibot_description' with the following arguments: {'ament_cmake_args': None, 'build_base': '/home/ismail/ros2_ws/build/navibot_description', 'catkin_cmake_args': None, 'catkin_skip_building_tests': False, 'cmake_args': None, 'cmake_clean_cache': False, 'cmake_clean_first': False, 'cmake_force_configure': False, 'cmake_target': None, 'cmake_target_skip_unavailable': False, 'install_base': '/home/ismail/ros2_ws/install/navibot_description', 'merge_install': False, 'path': '/home/ismail/ros2_ws/src/navibot_description', 'symlink_install': True, 'test_result_base': None}
[0.685s] INFO:colcon.colcon_core.executor:Executing jobs using 'parallel' executor
[0.686s] DEBUG:colcon.colcon_parallel_executor.executor.parallel:run_until_complete
[0.687s] INFO:colcon.colcon_ros.task.ament_cmake.build:Building ROS package in '/home/ismail/ros2_ws/src/my_4w_robot_description' with build type 'ament_cmake'
[0.687s] INFO:colcon.colcon_cmake.task.cmake.build:Building CMake package in '/home/ismail/ros2_ws/src/my_4w_robot_description'
[0.691s] INFO:colcon.colcon_core.plugin_system:Skipping extension 'colcon_core.shell.bat': Not used on non-Windows systems
[0.692s] INFO:colcon.colcon_core.shell:Skip shell extension 'powershell' for command environment: Not usable outside of PowerShell
[0.692s] DEBUG:colcon.colcon_core.shell:Skip shell extension 'dsv' for command environment
[0.697s] INFO:colcon.colcon_core.task.python.build:Building Python package in '/home/ismail/ros2_ws/src/my_robot_bringup'
[0.698s] INFO:colcon.colcon_core.shell:Skip shell extension 'powershell' for command environment: Not usable outside of PowerShell
[0.698s] DEBUG:colcon.colcon_core.shell:Skip shell extension 'dsv' for command environment
[0.704s] INFO:colcon.colcon_ros.task.ament_cmake.build:Building ROS package in '/home/ismail/ros2_ws/src/my_robot_description' with build type 'ament_cmake'
[0.704s] INFO:colcon.colcon_cmake.task.cmake.build:Building CMake package in '/home/ismail/ros2_ws/src/my_robot_description'
[0.705s] INFO:colcon.colcon_core.shell:Skip shell extension 'powershell' for command environment: Not usable outside of PowerShell
[0.705s] DEBUG:colcon.colcon_core.shell:Skip shell extension 'dsv' for command environment
[0.708s] INFO:colcon.colcon_cmake.task.cmake.build:Building CMake package in '/home/ismail/ros2_ws/src/my_robot_navigation'
[0.709s] INFO:colcon.colcon_core.shell:Skip shell extension 'powershell' for command environment: Not usable outside of PowerShell
[0.709s] DEBUG:colcon.colcon_core.shell:Skip shell extension 'dsv' for command environment
[0.713s] INFO:colcon.colcon_cmake.task.cmake.build:Building CMake package in '/home/ismail/ros2_ws/src/my_robot_simulation'
[0.713s] INFO:colcon.colcon_core.shell:Skip shell extension 'powershell' for command environment: Not usable outside of PowerShell
[0.713s] DEBUG:colcon.colcon_core.shell:Skip shell extension 'dsv' for command environment
[0.719s] INFO:colcon.colcon_ros.task.ament_python.build:Building ROS package in '/home/ismail/ros2_ws/src/navibot_description' with build type 'ament_python'
[0.719s] Level 1:colcon.colcon_core.shell:create_environment_hook('navibot_description', 'ament_prefix_path')
[0.720s] INFO:colcon.colcon_core.shell:Creating environment hook '/home/ismail/ros2_ws/install/navibot_description/share/navibot_description/hook/ament_prefix_path.ps1'
[0.721s] INFO:colcon.colcon_core.shell:Creating environment descriptor '/home/ismail/ros2_ws/install/navibot_description/share/navibot_description/hook/ament_prefix_path.dsv'
[0.721s] INFO:colcon.colcon_core.shell:Creating environment hook '/home/ismail/ros2_ws/install/navibot_description/share/navibot_description/hook/ament_prefix_path.sh'
[0.722s] INFO:colcon.colcon_core.shell:Skip shell extension 'powershell' for command environment: Not usable outside of PowerShell
[0.722s] DEBUG:colcon.colcon_core.shell:Skip shell extension 'dsv' for command environment
[0.733s] DEBUG:colcon.colcon_core.event_handler.log_command:Invoking command in '/home/ismail/ros2_ws/build/my_4w_robot_description': CMAKE_PREFIX_PATH=/home/ismail/ros2_ws/install/navibot_description:/opt/ros/humble /usr/bin/cmake /home/ismail/ros2_ws/src/my_4w_robot_description -DAMENT_CMAKE_SYMLINK_INSTALL=1 -DCMAKE_INSTALL_PREFIX=/home/ismail/ros2_ws/install/my_4w_robot_description
[1.034s] DEBUG:colcon.colcon_core.event_handler.log_command:Invoking command in '/home/ismail/ros2_ws/build/my_robot_description': CMAKE_PREFIX_PATH=/home/ismail/ros2_ws/install/navibot_description:/opt/ros/humble /usr/bin/cmake /home/ismail/ros2_ws/src/my_robot_description -DAMENT_CMAKE_SYMLINK_INSTALL=1 -DCMAKE_INSTALL_PREFIX=/home/ismail/ros2_ws/install/my_robot_description
[1.037s] DEBUG:colcon.colcon_core.event_handler.log_command:Invoking command in '/home/ismail/ros2_ws/build/my_robot_navigation': /usr/bin/cmake /home/ismail/ros2_ws/src/my_robot_navigation -DCMAKE_INSTALL_PREFIX=/home/ismail/ros2_ws/install/my_robot_navigation
[1.043s] DEBUG:colcon.colcon_core.event_handler.log_command:Invoking command in '/home/ismail/ros2_ws/build/my_robot_simulation': /usr/bin/cmake /home/ismail/ros2_ws/src/my_robot_simulation -DCMAKE_INSTALL_PREFIX=/home/ismail/ros2_ws/install/my_robot_simulation
[1.592s] INFO:colcon.colcon_core.task.python.build:Building Python package in '/home/ismail/ros2_ws/src/navibot_description'
[1.593s] INFO:colcon.colcon_core.shell:Skip shell extension 'powershell' for command environment: Not usable outside of PowerShell
[1.593s] DEBUG:colcon.colcon_core.shell:Skip shell extension 'dsv' for command environment
[1.823s] DEBUG:colcon.colcon_core.event_handler.log_command:Invoking command in '/home/ismail/ros2_ws/build/my_robot_bringup': PYTHONPATH=/home/ismail/ros2_ws/build/my_robot_bringup/prefix_override:/usr/lib/python3/dist-packages/colcon_core/task/python/colcon_distutils_commands:/home/ismail/ros2_ws/install/my_robot_bringup/lib/python3.10/site-packages:${PYTHONPATH} /usr/bin/python3 -W ignore:setup.py install is deprecated -W ignore:easy_install command is deprecated setup.py develop --editable --build-directory /home/ismail/ros2_ws/build/my_robot_bringup/build --no-deps symlink_data
[1.892s] DEBUG:colcon.colcon_core.event_handler.log_command:Invoked command in '/home/ismail/ros2_ws/build/my_4w_robot_description' returned '0': CMAKE_PREFIX_PATH=/home/ismail/ros2_ws/install/navibot_description:/opt/ros/humble /usr/bin/cmake /home/ismail/ros2_ws/src/my_4w_robot_description -DAMENT_CMAKE_SYMLINK_INSTALL=1 -DCMAKE_INSTALL_PREFIX=/home/ismail/ros2_ws/install/my_4w_robot_description
[1.895s] DEBUG:colcon.colcon_core.event_handler.log_command:Invoking command in '/home/ismail/ros2_ws/build/my_4w_robot_description': CMAKE_PREFIX_PATH=/home/ismail/ros2_ws/install/navibot_description:/opt/ros/humble /usr/bin/cmake --build /home/ismail/ros2_ws/build/my_4w_robot_description -- -j8 -l8
[1.992s] DEBUG:colcon.colcon_core.event_handler.log_command:Invoked command in '/home/ismail/ros2_ws/build/my_4w_robot_description' returned '0': CMAKE_PREFIX_PATH=/home/ismail/ros2_ws/install/navibot_description:/opt/ros/humble /usr/bin/cmake --build /home/ismail/ros2_ws/build/my_4w_robot_description -- -j8 -l8
[2.012s] DEBUG:colcon.colcon_core.event_handler.log_command:Invoking command in '/home/ismail/ros2_ws/build/my_4w_robot_description': CMAKE_PREFIX_PATH=/home/ismail/ros2_ws/install/navibot_description:/opt/ros/humble /usr/bin/cmake --install /home/ismail/ros2_ws/build/my_4w_robot_description
[2.270s] Level 1:colcon.colcon_core.environment:create_environment_scripts_only(my_4w_robot_description)
[2.271s] DEBUG:colcon.colcon_core.event_handler.log_command:Invoked command in '/home/ismail/ros2_ws/build/my_4w_robot_description' returned '0': CMAKE_PREFIX_PATH=/home/ismail/ros2_ws/install/navibot_description:/opt/ros/humble /usr/bin/cmake --install /home/ismail/ros2_ws/build/my_4w_robot_description
[2.275s] Level 1:colcon.colcon_core.environment:checking '/home/ismail/ros2_ws/install/my_4w_robot_description' for CMake module files
[2.276s] Level 1:colcon.colcon_core.environment:checking '/home/ismail/ros2_ws/install/my_4w_robot_description' for CMake config files
[2.277s] Level 1:colcon.colcon_core.shell:create_environment_hook('my_4w_robot_description', 'cmake_prefix_path')
[2.277s] INFO:colcon.colcon_core.shell:Creating environment hook '/home/ismail/ros2_ws/install/my_4w_robot_description/share/my_4w_robot_description/hook/cmake_prefix_path.ps1'
[2.278s] INFO:colcon.colcon_core.shell:Creating environment descriptor '/home/ismail/ros2_ws/install/my_4w_robot_description/share/my_4w_robot_description/hook/cmake_prefix_path.dsv'
[2.279s] INFO:colcon.colcon_core.shell:Creating environment hook '/home/ismail/ros2_ws/install/my_4w_robot_description/share/my_4w_robot_description/hook/cmake_prefix_path.sh'
[2.281s] Level 1:colcon.colcon_core.environment:checking '/home/ismail/ros2_ws/install/my_4w_robot_description/bin'
[2.282s] Level 1:colcon.colcon_core.environment:checking '/home/ismail/ros2_ws/install/my_4w_robot_description/lib/pkgconfig/my_4w_robot_description.pc'
[2.282s] Level 1:colcon.colcon_core.environment:checking '/home/ismail/ros2_ws/install/my_4w_robot_description/lib/python3.10/site-packages'
[2.284s] Level 1:colcon.colcon_core.environment:checking '/home/ismail/ros2_ws/install/my_4w_robot_description/bin'
[2.285s] INFO:colcon.colcon_core.shell:Creating package script '/home/ismail/ros2_ws/install/my_4w_robot_description/share/my_4w_robot_description/package.ps1'
[2.289s] INFO:colcon.colcon_core.shell:Creating package descriptor '/home/ismail/ros2_ws/install/my_4w_robot_description/share/my_4w_robot_description/package.dsv'
[2.294s] INFO:colcon.colcon_core.shell:Creating package script '/home/ismail/ros2_ws/install/my_4w_robot_description/share/my_4w_robot_description/package.sh'
[2.297s] INFO:colcon.colcon_core.shell:Creating package script '/home/ismail/ros2_ws/install/my_4w_robot_description/share/my_4w_robot_description/package.bash'
[2.299s] INFO:colcon.colcon_core.shell:Creating package script '/home/ismail/ros2_ws/install/my_4w_robot_description/share/my_4w_robot_description/package.zsh'
[2.302s] Level 1:colcon.colcon_core.environment:create_file_with_runtime_dependencies(/home/ismail/ros2_ws/install/my_4w_robot_description/share/colcon-core/packages/my_4w_robot_description)
[2.306s] Level 1:colcon.colcon_core.environment:create_environment_scripts_only(my_4w_robot_description)
[2.306s] Level 1:colcon.colcon_core.environment:checking '/home/ismail/ros2_ws/install/my_4w_robot_description' for CMake module files
[2.308s] Level 1:colcon.colcon_core.environment:checking '/home/ismail/ros2_ws/install/my_4w_robot_description' for CMake config files
[2.308s] Level 1:colcon.colcon_core.shell:create_environment_hook('my_4w_robot_description', 'cmake_prefix_path')
[2.309s] INFO:colcon.colcon_core.shell:Creating environment hook '/home/ismail/ros2_ws/install/my_4w_robot_description/share/my_4w_robot_description/hook/cmake_prefix_path.ps1'
[2.310s] INFO:colcon.colcon_core.shell:Creating environment descriptor '/home/ismail/ros2_ws/install/my_4w_robot_description/share/my_4w_robot_description/hook/cmake_prefix_path.dsv'
[2.311s] INFO:colcon.colcon_core.shell:Creating environment hook '/home/ismail/ros2_ws/install/my_4w_robot_description/share/my_4w_robot_description/hook/cmake_prefix_path.sh'
[2.313s] Level 1:colcon.colcon_core.environment:checking '/home/ismail/ros2_ws/install/my_4w_robot_description/bin'
[2.313s] Level 1:colcon.colcon_core.environment:checking '/home/ismail/ros2_ws/install/my_4w_robot_description/lib/pkgconfig/my_4w_robot_description.pc'
[2.314s] Level 1:colcon.colcon_core.environment:checking '/home/ismail/ros2_ws/install/my_4w_robot_description/lib/python3.10/site-packages'
[2.315s] Level 1:colcon.colcon_core.environment:checking '/home/ismail/ros2_ws/install/my_4w_robot_description/bin'
[2.316s] INFO:colcon.colcon_core.shell:Creating package script '/home/ismail/ros2_ws/install/my_4w_robot_description/share/my_4w_robot_description/package.ps1'
[2.317s] INFO:colcon.colcon_core.shell:Creating package descriptor '/home/ismail/ros2_ws/install/my_4w_robot_description/share/my_4w_robot_description/package.dsv'
[2.318s] INFO:colcon.colcon_core.shell:Creating package script '/home/ismail/ros2_ws/install/my_4w_robot_description/share/my_4w_robot_description/package.sh'
[2.320s] INFO:colcon.colcon_core.shell:Creating package script '/home/ismail/ros2_ws/install/my_4w_robot_description/share/my_4w_robot_description/package.bash'
[2.322s] INFO:colcon.colcon_core.shell:Creating package script '/home/ismail/ros2_ws/install/my_4w_robot_description/share/my_4w_robot_description/package.zsh'
[2.325s] Level 1:colcon.colcon_core.environment:create_file_with_runtime_dependencies(/home/ismail/ros2_ws/install/my_4w_robot_description/share/colcon-core/packages/my_4w_robot_description)
[2.329s] DEBUG:colcon.colcon_core.event_handler.log_command:Invoked command in '/home/ismail/ros2_ws/build/my_robot_description' returned '0': CMAKE_PREFIX_PATH=/home/ismail/ros2_ws/install/navibot_description:/opt/ros/humble /usr/bin/cmake /home/ismail/ros2_ws/src/my_robot_description -DAMENT_CMAKE_SYMLINK_INSTALL=1 -DCMAKE_INSTALL_PREFIX=/home/ismail/ros2_ws/install/my_robot_description
[2.333s] DEBUG:colcon.colcon_core.event_handler.log_command:Invoking command in '/home/ismail/ros2_ws/build/my_robot_description': CMAKE_PREFIX_PATH=/home/ismail/ros2_ws/install/navibot_description:/opt/ros/humble /usr/bin/cmake --build /home/ismail/ros2_ws/build/my_robot_description -- -j8 -l8
[2.385s] DEBUG:colcon.colcon_core.task.python.build:While undoing a previous installation files outside the Python library path are being ignored: /home/ismail/ros2_ws/install/navibot_description/share/ament_index/resource_index/packages/navibot_description
[2.385s] DEBUG:colcon.colcon_core.task.python.build:While undoing a previous installation files outside the Python library path are being ignored: /home/ismail/ros2_ws/install/navibot_description/share/navibot_description/package.xml
[2.385s] DEBUG:colcon.colcon_core.task.python.build:While undoing a previous installation files outside the Python library path are being ignored: /home/ismail/ros2_ws/install/navibot_description/share/navibot_description/worlds/lidar_world.sdf
[2.385s] DEBUG:colcon.colcon_core.task.python.build:While undoing a previous installation files outside the Python library path are being ignored: /home/ismail/ros2_ws/install/navibot_description/share/navibot_description/launch/full_navigation.launch.py
[2.385s] DEBUG:colcon.colcon_core.task.python.build:While undoing a previous installation files outside the Python library path are being ignored: /home/ismail/ros2_ws/install/navibot_description/share/navibot_description/launch/gazebo.launch.py
[2.385s] DEBUG:colcon.colcon_core.task.python.build:While undoing a previous installation files outside the Python library path are being ignored: /home/ismail/ros2_ws/install/navibot_description/share/navibot_description/urdf/navibot.urdf.xacro
[2.385s] DEBUG:colcon.colcon_core.task.python.build:While undoing a previous installation files outside the Python library path are being ignored: /home/ismail/ros2_ws/install/navibot_description/share/navibot_description/config/controllers.yaml
[2.391s] DEBUG:colcon.colcon_core.event_handler.log_command:Invoking command in '/home/ismail/ros2_ws/build/navibot_description': PYTHONPATH=/home/ismail/ros2_ws/build/navibot_description/prefix_override:/usr/lib/python3/dist-packages/colcon_core/task/python/colcon_distutils_commands:/home/ismail/ros2_ws/install/navibot_description/lib/python3.10/site-packages:${PYTHONPATH} /usr/bin/python3 -W ignore:setup.py install is deprecated -W ignore:easy_install command is deprecated setup.py develop --editable --build-directory /home/ismail/ros2_ws/build/navibot_description/build --no-deps symlink_data --force
[2.393s] DEBUG:colcon.colcon_core.event_handler.log_command:Invoked command in '/home/ismail/ros2_ws/build/my_robot_simulation' returned '1': /usr/bin/cmake /home/ismail/ros2_ws/src/my_robot_simulation -DCMAKE_INSTALL_PREFIX=/home/ismail/ros2_ws/install/my_robot_simulation
[2.899s] DEBUG:colcon.colcon_parallel_executor.executor.parallel:closing loop
[2.899s] DEBUG:colcon.colcon_parallel_executor.executor.parallel:loop closed
[2.899s] DEBUG:colcon.colcon_parallel_executor.executor.parallel:run_until_complete finished with '1'
[2.899s] DEBUG:colcon.colcon_core.event_reactor:joining thread
[2.907s] INFO:colcon.colcon_core.plugin_system:Skipping extension 'colcon_notification.desktop_notification.terminal_notifier': Not used on non-Darwin systems
[2.907s] INFO:colcon.colcon_core.plugin_system:Skipping extension 'colcon_notification.desktop_notification.win32': Not used on non-Windows systems
[2.907s] INFO:colcon.colcon_notification.desktop_notification:Sending desktop notification using 'notify2'
[2.923s] DEBUG:colcon.colcon_core.event_reactor:joined thread
[2.923s] INFO:colcon.colcon_core.shell:Creating prefix script '/home/ismail/ros2_ws/install/local_setup.ps1'
[2.924s] INFO:colcon.colcon_core.shell:Creating prefix util module '/home/ismail/ros2_ws/install/_local_setup_util_ps1.py'
[2.926s] INFO:colcon.colcon_core.shell:Creating prefix chain script '/home/ismail/ros2_ws/install/setup.ps1'
[2.927s] INFO:colcon.colcon_core.shell:Creating prefix script '/home/ismail/ros2_ws/install/local_setup.sh'
[2.928s] INFO:colcon.colcon_core.shell:Creating prefix util module '/home/ismail/ros2_ws/install/_local_setup_util_sh.py'
[2.929s] INFO:colcon.colcon_core.shell:Creating prefix chain script '/home/ismail/ros2_ws/install/setup.sh'
[2.930s] INFO:colcon.colcon_core.shell:Creating prefix script '/home/ismail/ros2_ws/install/local_setup.bash'
[2.931s] INFO:colcon.colcon_core.shell:Creating prefix chain script '/home/ismail/ros2_ws/install/setup.bash'
[2.932s] INFO:colcon.colcon_core.shell:Creating prefix script '/home/ismail/ros2_ws/install/local_setup.zsh'
[2.933s] INFO:colcon.colcon_core.shell:Creating prefix chain script '/home/ismail/ros2_ws/install/setup.zsh'
