[0.328s] Invoking command in '/home/ismail/ros2_ws/build/my_robot_navigation': /usr/bin/cmake /home/ismail/ros2_ws/src/my_robot_navigation -DCMAKE_INSTALL_PREFIX=/home/ismail/ros2_ws/install/my_robot_navigation
[0.453s] -- The C compiler identification is GNU 11.4.0
[0.569s] -- The CXX compiler identification is GNU 11.4.0
[0.577s] -- Detecting C compiler ABI info
[0.703s] -- Detecting C compiler ABI info - done
[0.720s] -- Check for working C compiler: /usr/bin/cc - skipped
[0.720s] -- Detecting C compile features
[0.721s] -- Detecting C compile features - done
[0.727s] -- Detecting CXX compiler ABI info
[0.911s] -- Detecting CXX compiler ABI info - done
[0.936s] -- Check for working CXX compiler: /usr/bin/c++ - skipped
[0.936s] -- Detecting CXX compile features
[0.937s] -- Detecting CXX compile features - done
[0.941s] -- Found ament_cmake: 1.3.13 (/opt/ros/humble/share/ament_cmake/cmake)
[1.279s] -- Found Python3: /usr/bin/python3 (found version "3.10.12") found components: Interpreter 
[1.553s] Error parsing '/home/ismail/ros2_ws/src/my_robot_navigation/package.xml':
[1.690s] Traceback (most recent call last):
[1.691s]   File "/opt/ros/humble/share/ament_cmake_core/cmake/core/package_xml_2_cmake.py", line 150, in <module>
[1.691s]     main()
[1.691s]   File "/opt/ros/humble/share/ament_cmake_core/cmake/core/package_xml_2_cmake.py", line 53, in main
[1.691s]     raise e
[1.691s]   File "/opt/ros/humble/share/ament_cmake_core/cmake/core/package_xml_2_cmake.py", line 49, in main
[1.692s]     package = parse_package_string(
[1.692s]   File "/usr/lib/python3/dist-packages/catkin_pkg/package.py", line 630, in parse_package_string
[1.692s]     pkg.name = _get_node_value(_get_node(root, 'name', filename))
[1.692s]   File "/usr/lib/python3/dist-packages/catkin_pkg/package.py", line 800, in _get_node
[1.692s]     raise InvalidPackage('The manifest must contain exactly one "%s" tag' % tagname, filename)
[1.692s] catkin_pkg.package.InvalidPackage: Error(s) in package '/home/ismail/ros2_ws/src/my_robot_navigation/package.xml':
[1.693s] The manifest must contain exactly one "name" tag
[1.717s] [31mCMake Error at /opt/ros/humble/share/ament_cmake_core/cmake/core/ament_package_xml.cmake:95 (message):
[1.718s]   execute_process(/usr/bin/python3
[1.718s]   /opt/ros/humble/share/ament_cmake_core/cmake/core/package_xml_2_cmake.py
[1.718s]   /home/ismail/ros2_ws/src/my_robot_navigation/package.xml
[1.718s]   /home/ismail/ros2_ws/build/my_robot_navigation/ament_cmake_core/package.cmake)
[1.718s]   returned error code 1
[1.718s] Call Stack (most recent call first):
[1.718s]   /opt/ros/humble/share/ament_cmake_core/cmake/core/ament_package_xml.cmake:49 (_ament_package_xml)
[1.718s]   /opt/ros/humble/share/ament_cmake_core/cmake/core/ament_package.cmake:63 (ament_package_xml)
[1.719s]   CMakeLists.txt:11 (ament_package)
[1.719s] 
[1.719s] [0m
[1.719s] -- Configuring incomplete, errors occurred!
[1.719s] See also "/home/ismail/ros2_ws/build/my_robot_navigation/CMakeFiles/CMakeOutput.log".
