[0.629s] Invoking command in '/home/ismail/ros2_ws/src/navibot_description': PYTHONPATH=/home/ismail/ros2_ws/src/build/navibot_description/prefix_override:/usr/lib/python3/dist-packages/colcon_core/task/python/colcon_distutils_commands:/home/ismail/ros2_ws/src/install/navibot_description/lib/python3.10/site-packages:${PYTHONPATH} /usr/bin/python3 -W ignore:setup.py install is deprecated -W ignore:easy_install command is deprecated setup.py egg_info --egg-base ../build/navibot_description build --build-base /home/ismail/ros2_ws/src/build/navibot_description/build install --record /home/ismail/ros2_ws/src/build/navibot_description/install.log --single-version-externally-managed install_data
[0.864s] running egg_info
[0.865s] creating ../build/navibot_description/navibot_description.egg-info
[0.865s] writing ../build/navibot_description/navibot_description.egg-info/PKG-INFO
[0.865s] writing dependency_links to ../build/navibot_description/navibot_description.egg-info/dependency_links.txt
[0.865s] writing entry points to ../build/navibot_description/navibot_description.egg-info/entry_points.txt
[0.865s] writing requirements to ../build/navibot_description/navibot_description.egg-info/requires.txt
[0.865s] writing top-level names to ../build/navibot_description/navibot_description.egg-info/top_level.txt
[0.865s] writing manifest file '../build/navibot_description/navibot_description.egg-info/SOURCES.txt'
[0.867s] reading manifest file '../build/navibot_description/navibot_description.egg-info/SOURCES.txt'
[0.868s] writing manifest file '../build/navibot_description/navibot_description.egg-info/SOURCES.txt'
[0.868s] running build
[0.868s] running build_py
[0.868s] creating /home/ismail/ros2_ws/src/build/navibot_description/build
[0.868s] creating /home/ismail/ros2_ws/src/build/navibot_description/build/lib
[0.868s] creating /home/ismail/ros2_ws/src/build/navibot_description/build/lib/navibot_description
[0.868s] copying navibot_description/__init__.py -> /home/ismail/ros2_ws/src/build/navibot_description/build/lib/navibot_description
[0.868s] running install
[0.868s] running install_lib
[0.869s] creating /home/ismail/ros2_ws/src/install/navibot_description/lib/python3.10/site-packages/navibot_description
[0.869s] copying /home/ismail/ros2_ws/src/build/navibot_description/build/lib/navibot_description/__init__.py -> /home/ismail/ros2_ws/src/install/navibot_description/lib/python3.10/site-packages/navibot_description
[0.870s] byte-compiling /home/ismail/ros2_ws/src/install/navibot_description/lib/python3.10/site-packages/navibot_description/__init__.py to __init__.cpython-310.pyc
[0.870s] running install_data
[0.870s] creating /home/ismail/ros2_ws/src/install/navibot_description/share/ament_index
[0.870s] creating /home/ismail/ros2_ws/src/install/navibot_description/share/ament_index/resource_index
[0.870s] creating /home/ismail/ros2_ws/src/install/navibot_description/share/ament_index/resource_index/packages
[0.870s] copying resource/navibot_description -> /home/ismail/ros2_ws/src/install/navibot_description/share/ament_index/resource_index/packages
[0.870s] copying package.xml -> /home/ismail/ros2_ws/src/install/navibot_description/share/navibot_description
[0.870s] creating /home/ismail/ros2_ws/src/install/navibot_description/share/navibot_description/worlds
[0.870s] copying worlds/lidar_world.sdf -> /home/ismail/ros2_ws/src/install/navibot_description/share/navibot_description/worlds
[0.870s] creating /home/ismail/ros2_ws/src/install/navibot_description/share/navibot_description/launch
[0.871s] copying launch/full_navigation.launch.py -> /home/ismail/ros2_ws/src/install/navibot_description/share/navibot_description/launch
[0.871s] copying launch/gazebo.launch.py -> /home/ismail/ros2_ws/src/install/navibot_description/share/navibot_description/launch
[0.871s] creating /home/ismail/ros2_ws/src/install/navibot_description/share/navibot_description/urdf
[0.871s] copying urdf/navibot.urdf.xacro -> /home/ismail/ros2_ws/src/install/navibot_description/share/navibot_description/urdf
[0.871s] creating /home/ismail/ros2_ws/src/install/navibot_description/share/navibot_description/config
[0.871s] copying config/controllers.yaml -> /home/ismail/ros2_ws/src/install/navibot_description/share/navibot_description/config
[0.871s] running install_egg_info
[0.872s] Copying ../build/navibot_description/navibot_description.egg-info to /home/ismail/ros2_ws/src/install/navibot_description/lib/python3.10/site-packages/navibot_description-0.0.0-py3.10.egg-info
[0.873s] running install_scripts
[0.891s] writing list of installed files to '/home/ismail/ros2_ws/src/build/navibot_description/install.log'
[0.922s] Invoked command in '/home/ismail/ros2_ws/src/navibot_description' returned '0': PYTHONPATH=/home/ismail/ros2_ws/src/build/navibot_description/prefix_override:/usr/lib/python3/dist-packages/colcon_core/task/python/colcon_distutils_commands:/home/ismail/ros2_ws/src/install/navibot_description/lib/python3.10/site-packages:${PYTHONPATH} /usr/bin/python3 -W ignore:setup.py install is deprecated -W ignore:easy_install command is deprecated setup.py egg_info --egg-base ../build/navibot_description build --build-base /home/ismail/ros2_ws/src/build/navibot_description/build install --record /home/ismail/ros2_ws/src/build/navibot_description/install.log --single-version-externally-managed install_data
