[0.328s] Invoking command in '/home/ismail/ros2_ws/build/my_robot_description': CMAKE_PREFIX_PATH=/home/ismail/ros2_ws/install/navibot_description:/opt/ros/humble /usr/bin/cmake /home/ismail/ros2_ws/src/my_robot_description -DAMENT_CMAKE_SYMLINK_INSTALL=1 -DCMAKE_INSTALL_PREFIX=/home/ismail/ros2_ws/install/my_robot_description
[0.426s] -- The C compiler identification is GNU 11.4.0
[0.553s] -- The CXX compiler identification is GNU 11.4.0
[0.568s] -- Detecting C compiler ABI info
[0.687s] -- Detecting C compiler ABI info - done
[0.704s] -- Check for working C compiler: /usr/bin/cc - skipped
[0.704s] -- Detecting C compile features
[0.705s] -- Detecting C compile features - done
[0.709s] -- Detecting CXX compiler ABI info
[0.855s] -- Detecting CXX compiler ABI info - done
[0.877s] -- Check for working CXX compiler: /usr/bin/c++ - skipped
[0.878s] -- Detecting CXX compile features
[0.879s] -- Detecting CXX compile features - done
[0.884s] -- Found ament_cmake: 1.3.13 (/opt/ros/humble/share/ament_cmake/cmake)
[1.230s] -- Found Python3: /usr/bin/python3 (found version "3.10.12") found components: Interpreter 
[1.371s] -- Override CMake install command with custom implementation using symlinks instead of copying resources
[1.553s] -- Configuring done
[1.557s] -- Generating done
[1.559s] -- Build files have been written to: /home/ismail/ros2_ws/build/my_robot_description
[1.623s] Invoked command in '/home/ismail/ros2_ws/build/my_robot_description' returned '0': CMAKE_PREFIX_PATH=/home/ismail/ros2_ws/install/navibot_description:/opt/ros/humble /usr/bin/cmake /home/ismail/ros2_ws/src/my_robot_description -DAMENT_CMAKE_SYMLINK_INSTALL=1 -DCMAKE_INSTALL_PREFIX=/home/ismail/ros2_ws/install/my_robot_description
[1.627s] Invoking command in '/home/ismail/ros2_ws/build/my_robot_description': CMAKE_PREFIX_PATH=/home/ismail/ros2_ws/install/navibot_description:/opt/ros/humble /usr/bin/cmake --build /home/ismail/ros2_ws/build/my_robot_description -- -j8 -l8
