[1.671s] Invoking command in '/home/ismail/ros2_ws/build/navibot_description': PYTHONPATH=/home/ismail/ros2_ws/build/navibot_description/prefix_override:/usr/lib/python3/dist-packages/colcon_core/task/python/colcon_distutils_commands:/home/ismail/ros2_ws/install/navibot_description/lib/python3.10/site-packages:${PYTHONPATH} /usr/bin/python3 -W ignore:setup.py install is deprecated -W ignore:easy_install command is deprecated setup.py develop --editable --build-directory /home/ismail/ros2_ws/build/navibot_description/build --no-deps symlink_data --force
[1.978s] running develop
[2.133s] running egg_info
[2.133s] writing navibot_description.egg-info/PKG-INFO
[2.133s] writing dependency_links to navibot_description.egg-info/dependency_links.txt
[2.133s] writing entry points to navibot_description.egg-info/entry_points.txt
[2.133s] writing requirements to navibot_description.egg-info/requires.txt
[2.134s] writing top-level names to navibot_description.egg-info/top_level.txt
[2.135s] reading manifest file 'navibot_description.egg-info/SOURCES.txt'
[2.137s] writing manifest file 'navibot_description.egg-info/SOURCES.txt'
[2.138s] running build_ext
[2.138s] Creating /home/ismail/ros2_ws/install/navibot_description/lib/python3.10/site-packages/navibot-description.egg-link (link to .)
[2.139s] 
[2.139s] Installed /home/ismail/ros2_ws/build/navibot_description
[2.139s] running symlink_data
[2.139s] symbolically linking /home/ismail/ros2_ws/build/navibot_description/resource/navibot_description -> /home/ismail/ros2_ws/install/navibot_description/share/ament_index/resource_index/packages
[2.139s] symbolically linking /home/ismail/ros2_ws/build/navibot_description/package.xml -> /home/ismail/ros2_ws/install/navibot_description/share/navibot_description
[2.140s] symbolically linking /home/ismail/ros2_ws/build/navibot_description/worlds/lidar_world.sdf -> /home/ismail/ros2_ws/install/navibot_description/share/navibot_description/worlds
[2.140s] symbolically linking /home/ismail/ros2_ws/build/navibot_description/launch/full_navigation.launch.py -> /home/ismail/ros2_ws/install/navibot_description/share/navibot_description/launch
[2.141s] symbolically linking /home/ismail/ros2_ws/build/navibot_description/launch/gazebo.launch.py -> /home/ismail/ros2_ws/install/navibot_description/share/navibot_description/launch
[2.141s] symbolically linking /home/ismail/ros2_ws/build/navibot_description/urdf/navibot.urdf.xacro -> /home/ismail/ros2_ws/install/navibot_description/share/navibot_description/urdf
[2.141s] symbolically linking /home/ismail/ros2_ws/build/navibot_description/config/controllers.yaml -> /home/ismail/ros2_ws/install/navibot_description/share/navibot_description/config
