[0.941s] Invoking command in '/home/ismail/ros2_ws/src/navibot_description': PYTHONPATH=/home/ismail/ros2_ws/build/navibot_description/prefix_override:/usr/lib/python3/dist-packages/colcon_core/task/python/colcon_distutils_commands:/home/ismail/ros2_ws/install/navibot_description/lib/python3.10/site-packages:${PYTHONPATH} /usr/bin/python3 -W ignore:setup.py install is deprecated -W ignore:easy_install command is deprecated setup.py egg_info --egg-base ../../build/navibot_description build --build-base /home/ismail/ros2_ws/build/navibot_description/build install --record /home/ismail/ros2_ws/build/navibot_description/install.log --single-version-externally-managed install_data
[1.303s] running egg_info
[1.304s] writing ../../build/navibot_description/navibot_description.egg-info/PKG-INFO
[1.305s] writing dependency_links to ../../build/navibot_description/navibot_description.egg-info/dependency_links.txt
[1.305s] writing entry points to ../../build/navibot_description/navibot_description.egg-info/entry_points.txt
[1.305s] writing requirements to ../../build/navibot_description/navibot_description.egg-info/requires.txt
[1.305s] writing top-level names to ../../build/navibot_description/navibot_description.egg-info/top_level.txt
[1.307s] reading manifest file '../../build/navibot_description/navibot_description.egg-info/SOURCES.txt'
[1.309s] writing manifest file '../../build/navibot_description/navibot_description.egg-info/SOURCES.txt'
[1.309s] running build
[1.309s] running build_py
[1.309s] running install
[1.310s] running install_lib
[1.311s] running install_data
[1.312s] running install_egg_info
[1.316s] removing '/home/ismail/ros2_ws/install/navibot_description/lib/python3.10/site-packages/navibot_description-0.0.0-py3.10.egg-info' (and everything under it)
[1.317s] Copying ../../build/navibot_description/navibot_description.egg-info to /home/ismail/ros2_ws/install/navibot_description/lib/python3.10/site-packages/navibot_description-0.0.0-py3.10.egg-info
[1.318s] running install_scripts
[1.352s] writing list of installed files to '/home/ismail/ros2_ws/build/navibot_description/install.log'
[1.390s] Invoked command in '/home/ismail/ros2_ws/src/navibot_description' returned '0': PYTHONPATH=/home/ismail/ros2_ws/build/navibot_description/prefix_override:/usr/lib/python3/dist-packages/colcon_core/task/python/colcon_distutils_commands:/home/ismail/ros2_ws/install/navibot_description/lib/python3.10/site-packages:${PYTHONPATH} /usr/bin/python3 -W ignore:setup.py install is deprecated -W ignore:easy_install command is deprecated setup.py egg_info --egg-base ../../build/navibot_description build --build-base /home/ismail/ros2_ws/build/navibot_description/build install --record /home/ismail/ros2_ws/build/navibot_description/install.log --single-version-externally-managed install_data
