[0.790s] Invoking command in '/home/ismail/ros2_ws/src/navibot_description': PYTHONPATH=/home/ismail/ros2_ws/build/navibot_description/prefix_override:/usr/lib/python3/dist-packages/colcon_core/task/python/colcon_distutils_commands:/home/ismail/ros2_ws/install/navibot_description/lib/python3.10/site-packages:${PYTHONPATH} /usr/bin/python3 -W ignore:setup.py install is deprecated -W ignore:easy_install command is deprecated setup.py egg_info --egg-base ../../build/navibot_description build --build-base /home/ismail/ros2_ws/build/navibot_description/build install --record /home/ismail/ros2_ws/build/navibot_description/install.log --single-version-externally-managed install_data
[1.078s] running egg_info
[1.079s] writing ../../build/navibot_description/navibot_description.egg-info/PKG-INFO
[1.080s] writing dependency_links to ../../build/navibot_description/navibot_description.egg-info/dependency_links.txt
[1.080s] writing entry points to ../../build/navibot_description/navibot_description.egg-info/entry_points.txt
[1.080s] writing requirements to ../../build/navibot_description/navibot_description.egg-info/requires.txt
[1.081s] writing top-level names to ../../build/navibot_description/navibot_description.egg-info/top_level.txt
[1.082s] reading manifest file '../../build/navibot_description/navibot_description.egg-info/SOURCES.txt'
[1.083s] writing manifest file '../../build/navibot_description/navibot_description.egg-info/SOURCES.txt'
[1.084s] running build
[1.084s] running build_py
[1.084s] running install
[1.085s] running install_lib
[1.086s] running install_data
[1.087s] copying launch/gazebo.launch.py -> /home/ismail/ros2_ws/install/navibot_description/share/navibot_description/launch
[1.087s] running install_egg_info
[1.089s] removing '/home/ismail/ros2_ws/install/navibot_description/lib/python3.10/site-packages/navibot_description-0.0.0-py3.10.egg-info' (and everything under it)
[1.090s] Copying ../../build/navibot_description/navibot_description.egg-info to /home/ismail/ros2_ws/install/navibot_description/lib/python3.10/site-packages/navibot_description-0.0.0-py3.10.egg-info
[1.091s] running install_scripts
[1.114s] writing list of installed files to '/home/ismail/ros2_ws/build/navibot_description/install.log'
[1.150s] Invoked command in '/home/ismail/ros2_ws/src/navibot_description' returned '0': PYTHONPATH=/home/ismail/ros2_ws/build/navibot_description/prefix_override:/usr/lib/python3/dist-packages/colcon_core/task/python/colcon_distutils_commands:/home/ismail/ros2_ws/install/navibot_description/lib/python3.10/site-packages:${PYTHONPATH} /usr/bin/python3 -W ignore:setup.py install is deprecated -W ignore:easy_install command is deprecated setup.py egg_info --egg-base ../../build/navibot_description build --build-base /home/ismail/ros2_ws/build/navibot_description/build install --record /home/ismail/ros2_ws/build/navibot_description/install.log --single-version-externally-managed install_data
