[2.504s] Invoking command in '/home/ismail/ros2_ws/src/navibot_description': PYTHONPATH=/home/ismail/ros2_ws/build/navibot_description/prefix_override:/usr/lib/python3/dist-packages/colcon_core/task/python/colcon_distutils_commands:/home/ismail/ros2_ws/install/navibot_description/lib/python3.10/site-packages:${PYTHONPATH} /usr/bin/python3 -W ignore:setup.py install is deprecated -W ignore:easy_install command is deprecated setup.py egg_info --egg-base ../../build/navibot_description build --build-base /home/ismail/ros2_ws/build/navibot_description/build install --record /home/ismail/ros2_ws/build/navibot_description/install.log --single-version-externally-managed install_data
[3.323s] running egg_info
[3.325s] writing ../../build/navibot_description/navibot_description.egg-info/PKG-INFO
[3.325s] writing dependency_links to ../../build/navibot_description/navibot_description.egg-info/dependency_links.txt
[3.326s] writing entry points to ../../build/navibot_description/navibot_description.egg-info/entry_points.txt
[3.326s] writing requirements to ../../build/navibot_description/navibot_description.egg-info/requires.txt
[3.326s] writing top-level names to ../../build/navibot_description/navibot_description.egg-info/top_level.txt
[3.333s] reading manifest file '../../build/navibot_description/navibot_description.egg-info/SOURCES.txt'
[3.336s] writing manifest file '../../build/navibot_description/navibot_description.egg-info/SOURCES.txt'
[3.337s] running build
[3.337s] running build_py
[3.337s] running install
[3.338s] running install_lib
[3.341s] running install_data
[3.342s] copying urdf/navibot.urdf.xacro -> /home/ismail/ros2_ws/install/navibot_description/share/navibot_description/urdf
[3.343s] copying config/nav2_params.yaml -> /home/ismail/ros2_ws/install/navibot_description/share/navibot_description/config
[3.343s] running install_egg_info
[3.350s] removing '/home/ismail/ros2_ws/install/navibot_description/lib/python3.10/site-packages/navibot_description-0.0.0-py3.10.egg-info' (and everything under it)
[3.351s] Copying ../../build/navibot_description/navibot_description.egg-info to /home/ismail/ros2_ws/install/navibot_description/lib/python3.10/site-packages/navibot_description-0.0.0-py3.10.egg-info
[3.354s] running install_scripts
[3.426s] writing list of installed files to '/home/ismail/ros2_ws/build/navibot_description/install.log'
[3.505s] Invoked command in '/home/ismail/ros2_ws/src/navibot_description' returned '0': PYTHONPATH=/home/ismail/ros2_ws/build/navibot_description/prefix_override:/usr/lib/python3/dist-packages/colcon_core/task/python/colcon_distutils_commands:/home/ismail/ros2_ws/install/navibot_description/lib/python3.10/site-packages:${PYTHONPATH} /usr/bin/python3 -W ignore:setup.py install is deprecated -W ignore:easy_install command is deprecated setup.py egg_info --egg-base ../../build/navibot_description build --build-base /home/ismail/ros2_ws/build/navibot_description/build install --record /home/ismail/ros2_ws/build/navibot_description/install.log --single-version-externally-managed install_data
