[0.109s] DEBUG:colcon:Command line arguments: ['/usr/bin/colcon', 'build', '--packages-select', 'navibot_description']
[0.109s] DEBUG:colcon:Parsed command line arguments: Namespace(log_base=None, log_level=None, verb_name='build', build_base='build', install_base='install', merge_install=False, symlink_install=False, test_result_base=None, continue_on_error=False, executor='parallel', parallel_workers=8, event_handlers=None, ignore_user_meta=False, metas=['./colcon.meta'], base_paths=['.'], packages_ignore=None, packages_ignore_regex=None, paths=None, packages_up_to=None, packages_up_to_regex=None, packages_above=None, packages_above_and_dependencies=None, packages_above_depth=None, packages_select_by_dep=None, packages_skip_by_dep=None, packages_skip_up_to=None, packages_select_build_failed=False, packages_skip_build_finished=False, packages_select_test_failures=False, packages_skip_test_passed=False, packages_select=['navibot_description'], packages_skip=None, packages_select_regex=None, packages_skip_regex=None, packages_start=None, packages_end=None, allow_overriding=[], cmake_args=None, cmake_target=None, cmake_target_skip_unavailable=False, cmake_clean_cache=False, cmake_clean_first=False, cmake_force_configure=False, ament_cmake_args=None, catkin_cmake_args=None, catkin_skip_building_tests=False, verb_parser=<colcon_defaults.argument_parser.defaults.DefaultArgumentsDecorator object at 0x78b35d6485e0>, verb_extension=<colcon_core.verb.build.BuildVerb object at 0x78b35d6480a0>, main=<bound method BuildVerb.main of <colcon_core.verb.build.BuildVerb object at 0x78b35d6480a0>>)
[0.265s] Level 1:colcon.colcon_core.package_discovery:discover_packages(colcon_meta) check parameters
[0.265s] Level 1:colcon.colcon_core.package_discovery:discover_packages(recursive) check parameters
[0.267s] Level 1:colcon.colcon_core.package_discovery:discover_packages(ignore) check parameters
[0.267s] Level 1:colcon.colcon_core.package_discovery:discover_packages(path) check parameters
[0.267s] Level 1:colcon.colcon_core.package_discovery:discover_packages(colcon_meta) discover
[0.267s] Level 1:colcon.colcon_core.package_discovery:discover_packages(recursive) discover
[0.267s] INFO:colcon.colcon_core.package_discovery:Crawling recursively for packages in '/home/ismail/ros2_ws/src'
[0.267s] Level 1:colcon.colcon_core.package_identification:_identify(.) by extensions ['ignore', 'ignore_ament_install']
[0.267s] Level 1:colcon.colcon_core.package_identification:_identify(.) by extension 'ignore'
[0.267s] Level 1:colcon.colcon_core.package_identification:_identify(.) by extension 'ignore_ament_install'
[0.267s] Level 1:colcon.colcon_core.package_identification:_identify(.) by extensions ['colcon_pkg']
[0.267s] Level 1:colcon.colcon_core.package_identification:_identify(.) by extension 'colcon_pkg'
[0.267s] Level 1:colcon.colcon_core.package_identification:_identify(.) by extensions ['colcon_meta']
[0.267s] Level 1:colcon.colcon_core.package_identification:_identify(.) by extension 'colcon_meta'
[0.267s] Level 1:colcon.colcon_core.package_identification:_identify(.) by extensions ['ros']
[0.267s] Level 1:colcon.colcon_core.package_identification:_identify(.) by extension 'ros'
[0.277s] Level 1:colcon.colcon_core.package_identification:_identify(.) by extensions ['cmake', 'python']
[0.277s] Level 1:colcon.colcon_core.package_identification:_identify(.) by extension 'cmake'
[0.277s] Level 1:colcon.colcon_core.package_identification:_identify(.) by extension 'python'
[0.277s] Level 1:colcon.colcon_core.package_identification:_identify(.) by extensions ['python_setup_py']
[0.277s] Level 1:colcon.colcon_core.package_identification:_identify(.) by extension 'python_setup_py'
[0.277s] Level 1:colcon.colcon_core.package_identification:_identify(build) by extensions ['ignore', 'ignore_ament_install']
[0.277s] Level 1:colcon.colcon_core.package_identification:_identify(build) by extension 'ignore'
[0.278s] Level 1:colcon.colcon_core.package_identification:_identify(build) ignored
[0.278s] Level 1:colcon.colcon_core.package_identification:_identify(install) by extensions ['ignore', 'ignore_ament_install']
[0.278s] Level 1:colcon.colcon_core.package_identification:_identify(install) by extension 'ignore'
[0.278s] Level 1:colcon.colcon_core.package_identification:_identify(install) ignored
[0.278s] Level 1:colcon.colcon_core.package_identification:_identify(log) by extensions ['ignore', 'ignore_ament_install']
[0.278s] Level 1:colcon.colcon_core.package_identification:_identify(log) by extension 'ignore'
[0.278s] Level 1:colcon.colcon_core.package_identification:_identify(log) ignored
[0.278s] Level 1:colcon.colcon_core.package_identification:_identify(my_4w_robot_description) by extensions ['ignore', 'ignore_ament_install']
[0.278s] Level 1:colcon.colcon_core.package_identification:_identify(my_4w_robot_description) by extension 'ignore'
[0.278s] Level 1:colcon.colcon_core.package_identification:_identify(my_4w_robot_description) by extension 'ignore_ament_install'
[0.278s] Level 1:colcon.colcon_core.package_identification:_identify(my_4w_robot_description) by extensions ['colcon_pkg']
[0.278s] Level 1:colcon.colcon_core.package_identification:_identify(my_4w_robot_description) by extension 'colcon_pkg'
[0.278s] Level 1:colcon.colcon_core.package_identification:_identify(my_4w_robot_description) by extensions ['colcon_meta']
[0.278s] Level 1:colcon.colcon_core.package_identification:_identify(my_4w_robot_description) by extension 'colcon_meta'
[0.278s] Level 1:colcon.colcon_core.package_identification:_identify(my_4w_robot_description) by extensions ['ros']
[0.278s] Level 1:colcon.colcon_core.package_identification:_identify(my_4w_robot_description) by extension 'ros'
[0.281s] DEBUG:colcon.colcon_core.package_identification:Package 'my_4w_robot_description' with type 'ros.ament_cmake' and name 'my_4w_robot_description'
[0.281s] Level 1:colcon.colcon_core.package_identification:_identify(my_robot) by extensions ['ignore', 'ignore_ament_install']
[0.281s] Level 1:colcon.colcon_core.package_identification:_identify(my_robot) by extension 'ignore'
[0.281s] Level 1:colcon.colcon_core.package_identification:_identify(my_robot) by extension 'ignore_ament_install'
[0.281s] Level 1:colcon.colcon_core.package_identification:_identify(my_robot) by extensions ['colcon_pkg']
[0.281s] Level 1:colcon.colcon_core.package_identification:_identify(my_robot) by extension 'colcon_pkg'
[0.281s] Level 1:colcon.colcon_core.package_identification:_identify(my_robot) by extensions ['colcon_meta']
[0.281s] Level 1:colcon.colcon_core.package_identification:_identify(my_robot) by extension 'colcon_meta'
[0.281s] Level 1:colcon.colcon_core.package_identification:_identify(my_robot) by extensions ['ros']
[0.281s] Level 1:colcon.colcon_core.package_identification:_identify(my_robot) by extension 'ros'
[0.282s] Level 1:colcon.colcon_core.package_identification:_identify(my_robot) by extensions ['cmake', 'python']
[0.282s] Level 1:colcon.colcon_core.package_identification:_identify(my_robot) by extension 'cmake'
[0.282s] Level 1:colcon.colcon_core.package_identification:_identify(my_robot) by extension 'python'
[0.282s] Level 1:colcon.colcon_core.package_identification:_identify(my_robot) by extensions ['python_setup_py']
[0.282s] Level 1:colcon.colcon_core.package_identification:_identify(my_robot) by extension 'python_setup_py'
[0.282s] Level 1:colcon.colcon_core.package_identification:_identify(my_robot_bringup) by extensions ['ignore', 'ignore_ament_install']
[0.282s] Level 1:colcon.colcon_core.package_identification:_identify(my_robot_bringup) by extension 'ignore'
[0.282s] Level 1:colcon.colcon_core.package_identification:_identify(my_robot_bringup) by extension 'ignore_ament_install'
[0.282s] Level 1:colcon.colcon_core.package_identification:_identify(my_robot_bringup) by extensions ['colcon_pkg']
[0.282s] Level 1:colcon.colcon_core.package_identification:_identify(my_robot_bringup) by extension 'colcon_pkg'
[0.282s] Level 1:colcon.colcon_core.package_identification:_identify(my_robot_bringup) by extensions ['colcon_meta']
[0.282s] Level 1:colcon.colcon_core.package_identification:_identify(my_robot_bringup) by extension 'colcon_meta'
[0.282s] Level 1:colcon.colcon_core.package_identification:_identify(my_robot_bringup) by extensions ['ros']
[0.282s] Level 1:colcon.colcon_core.package_identification:_identify(my_robot_bringup) by extension 'ros'
[0.283s] DEBUG:colcon.colcon_core.package_identification:Failed to parse potential ROS package manifest in'my_robot_bringup': Error(s) in package 'my_robot_bringup/package.xml':
The manifest must contain exactly one "name" tag
[0.283s] Level 1:colcon.colcon_core.package_identification:_identify(my_robot_bringup) by extensions ['cmake', 'python']
[0.283s] Level 1:colcon.colcon_core.package_identification:_identify(my_robot_bringup) by extension 'cmake'
[0.283s] Level 1:colcon.colcon_core.package_identification:_identify(my_robot_bringup) by extension 'python'
[0.283s] Level 1:colcon.colcon_core.package_identification:_identify(my_robot_bringup) by extensions ['python_setup_py']
[0.283s] Level 1:colcon.colcon_core.package_identification:_identify(my_robot_bringup) by extension 'python_setup_py'
[0.540s] DEBUG:colcon.colcon_core.package_identification:Package 'my_robot_bringup' with type 'python' and name 'my_robot_bringup'
[0.541s] Level 1:colcon.colcon_core.package_identification:_identify(my_robot_description) by extensions ['ignore', 'ignore_ament_install']
[0.541s] Level 1:colcon.colcon_core.package_identification:_identify(my_robot_description) by extension 'ignore'
[0.541s] Level 1:colcon.colcon_core.package_identification:_identify(my_robot_description) by extension 'ignore_ament_install'
[0.541s] Level 1:colcon.colcon_core.package_identification:_identify(my_robot_description) by extensions ['colcon_pkg']
[0.541s] Level 1:colcon.colcon_core.package_identification:_identify(my_robot_description) by extension 'colcon_pkg'
[0.541s] Level 1:colcon.colcon_core.package_identification:_identify(my_robot_description) by extensions ['colcon_meta']
[0.541s] Level 1:colcon.colcon_core.package_identification:_identify(my_robot_description) by extension 'colcon_meta'
[0.541s] Level 1:colcon.colcon_core.package_identification:_identify(my_robot_description) by extensions ['ros']
[0.541s] Level 1:colcon.colcon_core.package_identification:_identify(my_robot_description) by extension 'ros'
[0.543s] DEBUG:colcon.colcon_core.package_identification:Package 'my_robot_description' with type 'ros.ament_cmake' and name 'my_robot_description'
[0.543s] Level 1:colcon.colcon_core.package_identification:_identify(my_robot_navigation) by extensions ['ignore', 'ignore_ament_install']
[0.543s] Level 1:colcon.colcon_core.package_identification:_identify(my_robot_navigation) by extension 'ignore'
[0.543s] Level 1:colcon.colcon_core.package_identification:_identify(my_robot_navigation) by extension 'ignore_ament_install'
[0.544s] Level 1:colcon.colcon_core.package_identification:_identify(my_robot_navigation) by extensions ['colcon_pkg']
[0.544s] Level 1:colcon.colcon_core.package_identification:_identify(my_robot_navigation) by extension 'colcon_pkg'
[0.544s] Level 1:colcon.colcon_core.package_identification:_identify(my_robot_navigation) by extensions ['colcon_meta']
[0.544s] Level 1:colcon.colcon_core.package_identification:_identify(my_robot_navigation) by extension 'colcon_meta'
[0.544s] Level 1:colcon.colcon_core.package_identification:_identify(my_robot_navigation) by extensions ['ros']
[0.544s] Level 1:colcon.colcon_core.package_identification:_identify(my_robot_navigation) by extension 'ros'
[0.544s] DEBUG:colcon.colcon_core.package_identification:Failed to parse potential ROS package manifest in'my_robot_navigation': Error(s) in package 'my_robot_navigation/package.xml':
The manifest must contain exactly one "name" tag
[0.544s] Level 1:colcon.colcon_core.package_identification:_identify(my_robot_navigation) by extensions ['cmake', 'python']
[0.544s] Level 1:colcon.colcon_core.package_identification:_identify(my_robot_navigation) by extension 'cmake'
[0.546s] Level 1:colcon.colcon_core.package_identification:_identify(my_robot_navigation) by extension 'python'
[0.547s] DEBUG:colcon.colcon_core.package_identification:Package 'my_robot_navigation' with type 'cmake' and name 'my_robot_navigation'
[0.547s] Level 1:colcon.colcon_core.package_identification:_identify(my_robot_simulation) by extensions ['ignore', 'ignore_ament_install']
[0.547s] Level 1:colcon.colcon_core.package_identification:_identify(my_robot_simulation) by extension 'ignore'
[0.547s] Level 1:colcon.colcon_core.package_identification:_identify(my_robot_simulation) by extension 'ignore_ament_install'
[0.547s] Level 1:colcon.colcon_core.package_identification:_identify(my_robot_simulation) by extensions ['colcon_pkg']
[0.547s] Level 1:colcon.colcon_core.package_identification:_identify(my_robot_simulation) by extension 'colcon_pkg'
[0.547s] Level 1:colcon.colcon_core.package_identification:_identify(my_robot_simulation) by extensions ['colcon_meta']
[0.547s] Level 1:colcon.colcon_core.package_identification:_identify(my_robot_simulation) by extension 'colcon_meta'
[0.547s] Level 1:colcon.colcon_core.package_identification:_identify(my_robot_simulation) by extensions ['ros']
[0.547s] Level 1:colcon.colcon_core.package_identification:_identify(my_robot_simulation) by extension 'ros'
[0.549s] DEBUG:colcon.colcon_core.package_identification:Package 'my_robot_simulation' with type 'ros.ament_cmake' and name 'my_robot_simulation'
[0.550s] Level 1:colcon.colcon_core.package_identification:_identify(navibot_description) by extensions ['ignore', 'ignore_ament_install']
[0.550s] Level 1:colcon.colcon_core.package_identification:_identify(navibot_description) by extension 'ignore'
[0.550s] Level 1:colcon.colcon_core.package_identification:_identify(navibot_description) by extension 'ignore_ament_install'
[0.550s] Level 1:colcon.colcon_core.package_identification:_identify(navibot_description) by extensions ['colcon_pkg']
[0.550s] Level 1:colcon.colcon_core.package_identification:_identify(navibot_description) by extension 'colcon_pkg'
[0.550s] Level 1:colcon.colcon_core.package_identification:_identify(navibot_description) by extensions ['colcon_meta']
[0.550s] Level 1:colcon.colcon_core.package_identification:_identify(navibot_description) by extension 'colcon_meta'
[0.550s] Level 1:colcon.colcon_core.package_identification:_identify(navibot_description) by extensions ['ros']
[0.550s] Level 1:colcon.colcon_core.package_identification:_identify(navibot_description) by extension 'ros'
[0.551s] DEBUG:colcon.colcon_core.package_identification:Package 'navibot_description' with type 'ros.ament_python' and name 'navibot_description'
[0.551s] Level 1:colcon.colcon_core.package_discovery:discover_packages(recursive) using defaults
[0.551s] Level 1:colcon.colcon_core.package_discovery:discover_packages(ignore) discover
[0.551s] Level 1:colcon.colcon_core.package_discovery:discover_packages(ignore) using defaults
[0.551s] Level 1:colcon.colcon_core.package_discovery:discover_packages(path) discover
[0.551s] Level 1:colcon.colcon_core.package_discovery:discover_packages(path) using defaults
[0.589s] INFO:colcon.colcon_core.package_selection:Skipping not selected package 'my_4w_robot_description' in 'my_4w_robot_description'
[0.589s] INFO:colcon.colcon_core.package_selection:Skipping not selected package 'my_robot_bringup' in 'my_robot_bringup'
[0.589s] INFO:colcon.colcon_core.package_selection:Skipping not selected package 'my_robot_description' in 'my_robot_description'
[0.589s] INFO:colcon.colcon_core.package_selection:Skipping not selected package 'my_robot_navigation' in 'my_robot_navigation'
[0.589s] INFO:colcon.colcon_core.package_selection:Skipping not selected package 'my_robot_simulation' in 'my_robot_simulation'
[0.590s] Level 1:colcon.colcon_core.package_discovery:discover_packages(prefix_path) check parameters
[0.590s] Level 1:colcon.colcon_core.package_discovery:discover_packages(prefix_path) discover
[0.592s] DEBUG:colcon.colcon_installed_package_information.package_discovery:Found 1 installed packages in /home/ismail/ros2_ws/src/install
[0.593s] DEBUG:colcon.colcon_installed_package_information.package_discovery:Found 2 installed packages in /home/ismail/ros2_ws/install
[0.595s] DEBUG:colcon.colcon_installed_package_information.package_discovery:Found 395 installed packages in /opt/ros/humble
[0.599s] Level 1:colcon.colcon_core.package_discovery:discover_packages(prefix_path) using defaults
[0.652s] Level 5:colcon.colcon_core.verb:set package 'navibot_description' build argument 'cmake_args' from command line to 'None'
[0.652s] Level 5:colcon.colcon_core.verb:set package 'navibot_description' build argument 'cmake_target' from command line to 'None'
[0.652s] Level 5:colcon.colcon_core.verb:set package 'navibot_description' build argument 'cmake_target_skip_unavailable' from command line to 'False'
[0.652s] Level 5:colcon.colcon_core.verb:set package 'navibot_description' build argument 'cmake_clean_cache' from command line to 'False'
[0.652s] Level 5:colcon.colcon_core.verb:set package 'navibot_description' build argument 'cmake_clean_first' from command line to 'False'
[0.652s] Level 5:colcon.colcon_core.verb:set package 'navibot_description' build argument 'cmake_force_configure' from command line to 'False'
[0.652s] Level 5:colcon.colcon_core.verb:set package 'navibot_description' build argument 'ament_cmake_args' from command line to 'None'
[0.652s] Level 5:colcon.colcon_core.verb:set package 'navibot_description' build argument 'catkin_cmake_args' from command line to 'None'
[0.652s] Level 5:colcon.colcon_core.verb:set package 'navibot_description' build argument 'catkin_skip_building_tests' from command line to 'False'
[0.652s] DEBUG:colcon.colcon_core.verb:Building package 'navibot_description' with the following arguments: {'ament_cmake_args': None, 'build_base': '/home/ismail/ros2_ws/src/build/navibot_description', 'catkin_cmake_args': None, 'catkin_skip_building_tests': False, 'cmake_args': None, 'cmake_clean_cache': False, 'cmake_clean_first': False, 'cmake_force_configure': False, 'cmake_target': None, 'cmake_target_skip_unavailable': False, 'install_base': '/home/ismail/ros2_ws/src/install/navibot_description', 'merge_install': False, 'path': '/home/ismail/ros2_ws/src/navibot_description', 'symlink_install': False, 'test_result_base': None}
[0.652s] INFO:colcon.colcon_core.executor:Executing jobs using 'parallel' executor
[0.653s] DEBUG:colcon.colcon_parallel_executor.executor.parallel:run_until_complete
[0.653s] INFO:colcon.colcon_ros.task.ament_python.build:Building ROS package in '/home/ismail/ros2_ws/src/navibot_description' with build type 'ament_python'
[0.653s] Level 1:colcon.colcon_core.shell:create_environment_hook('navibot_description', 'ament_prefix_path')
[0.655s] INFO:colcon.colcon_core.plugin_system:Skipping extension 'colcon_core.shell.bat': Not used on non-Windows systems
[0.655s] INFO:colcon.colcon_core.shell:Creating environment hook '/home/ismail/ros2_ws/src/install/navibot_description/share/navibot_description/hook/ament_prefix_path.ps1'
[0.656s] INFO:colcon.colcon_core.shell:Creating environment descriptor '/home/ismail/ros2_ws/src/install/navibot_description/share/navibot_description/hook/ament_prefix_path.dsv'
[0.656s] INFO:colcon.colcon_core.shell:Creating environment hook '/home/ismail/ros2_ws/src/install/navibot_description/share/navibot_description/hook/ament_prefix_path.sh'
[0.657s] INFO:colcon.colcon_core.shell:Skip shell extension 'powershell' for command environment: Not usable outside of PowerShell
[0.657s] DEBUG:colcon.colcon_core.shell:Skip shell extension 'dsv' for command environment
[0.916s] INFO:colcon.colcon_core.task.python.build:Building Python package in '/home/ismail/ros2_ws/src/navibot_description'
[0.916s] INFO:colcon.colcon_core.shell:Skip shell extension 'powershell' for command environment: Not usable outside of PowerShell
[0.917s] DEBUG:colcon.colcon_core.shell:Skip shell extension 'dsv' for command environment
[1.295s] DEBUG:colcon.colcon_core.event_handler.log_command:Invoking command in '/home/ismail/ros2_ws/src/navibot_description': PYTHONPATH=/home/ismail/ros2_ws/src/build/navibot_description/prefix_override:/usr/lib/python3/dist-packages/colcon_core/task/python/colcon_distutils_commands:/home/ismail/ros2_ws/src/install/navibot_description/lib/python3.10/site-packages:${PYTHONPATH} /usr/bin/python3 -W ignore:setup.py install is deprecated -W ignore:easy_install command is deprecated setup.py egg_info --egg-base ../build/navibot_description build --build-base /home/ismail/ros2_ws/src/build/navibot_description/build install --record /home/ismail/ros2_ws/src/build/navibot_description/install.log --single-version-externally-managed install_data
[1.600s] DEBUG:colcon.colcon_core.event_handler.log_command:Invoked command in '/home/ismail/ros2_ws/src/navibot_description' returned '0': PYTHONPATH=/home/ismail/ros2_ws/src/build/navibot_description/prefix_override:/usr/lib/python3/dist-packages/colcon_core/task/python/colcon_distutils_commands:/home/ismail/ros2_ws/src/install/navibot_description/lib/python3.10/site-packages:${PYTHONPATH} /usr/bin/python3 -W ignore:setup.py install is deprecated -W ignore:easy_install command is deprecated setup.py egg_info --egg-base ../build/navibot_description build --build-base /home/ismail/ros2_ws/src/build/navibot_description/build install --record /home/ismail/ros2_ws/src/build/navibot_description/install.log --single-version-externally-managed install_data
[1.603s] Level 1:colcon.colcon_core.environment:checking '/home/ismail/ros2_ws/src/install/navibot_description' for CMake module files
[1.604s] Level 1:colcon.colcon_core.environment:checking '/home/ismail/ros2_ws/src/install/navibot_description' for CMake config files
[1.604s] Level 1:colcon.colcon_core.environment:checking '/home/ismail/ros2_ws/src/install/navibot_description/lib'
[1.605s] Level 1:colcon.colcon_core.environment:checking '/home/ismail/ros2_ws/src/install/navibot_description/bin'
[1.605s] Level 1:colcon.colcon_core.environment:checking '/home/ismail/ros2_ws/src/install/navibot_description/lib/pkgconfig/navibot_description.pc'
[1.605s] Level 1:colcon.colcon_core.environment:checking '/home/ismail/ros2_ws/src/install/navibot_description/lib/python3.10/site-packages'
[1.605s] Level 1:colcon.colcon_core.shell:create_environment_hook('navibot_description', 'pythonpath')
[1.605s] INFO:colcon.colcon_core.shell:Creating environment hook '/home/ismail/ros2_ws/src/install/navibot_description/share/navibot_description/hook/pythonpath.ps1'
[1.606s] INFO:colcon.colcon_core.shell:Creating environment descriptor '/home/ismail/ros2_ws/src/install/navibot_description/share/navibot_description/hook/pythonpath.dsv'
[1.606s] INFO:colcon.colcon_core.shell:Creating environment hook '/home/ismail/ros2_ws/src/install/navibot_description/share/navibot_description/hook/pythonpath.sh'
[1.607s] Level 1:colcon.colcon_core.environment:checking '/home/ismail/ros2_ws/src/install/navibot_description/bin'
[1.607s] Level 1:colcon.colcon_core.environment:create_environment_scripts_only(navibot_description)
[1.608s] INFO:colcon.colcon_core.shell:Creating package script '/home/ismail/ros2_ws/src/install/navibot_description/share/navibot_description/package.ps1'
[1.609s] INFO:colcon.colcon_core.shell:Creating package descriptor '/home/ismail/ros2_ws/src/install/navibot_description/share/navibot_description/package.dsv'
[1.610s] INFO:colcon.colcon_core.shell:Creating package script '/home/ismail/ros2_ws/src/install/navibot_description/share/navibot_description/package.sh'
[1.611s] INFO:colcon.colcon_core.shell:Creating package script '/home/ismail/ros2_ws/src/install/navibot_description/share/navibot_description/package.bash'
[1.611s] INFO:colcon.colcon_core.shell:Creating package script '/home/ismail/ros2_ws/src/install/navibot_description/share/navibot_description/package.zsh'
[1.612s] Level 1:colcon.colcon_core.environment:create_file_with_runtime_dependencies(/home/ismail/ros2_ws/src/install/navibot_description/share/colcon-core/packages/navibot_description)
[1.613s] DEBUG:colcon.colcon_parallel_executor.executor.parallel:closing loop
[1.613s] DEBUG:colcon.colcon_parallel_executor.executor.parallel:loop closed
[1.613s] DEBUG:colcon.colcon_parallel_executor.executor.parallel:run_until_complete finished with '0'
[1.613s] DEBUG:colcon.colcon_core.event_reactor:joining thread
[1.620s] INFO:colcon.colcon_core.plugin_system:Skipping extension 'colcon_notification.desktop_notification.terminal_notifier': Not used on non-Darwin systems
[1.620s] INFO:colcon.colcon_core.plugin_system:Skipping extension 'colcon_notification.desktop_notification.win32': Not used on non-Windows systems
[1.620s] INFO:colcon.colcon_notification.desktop_notification:Sending desktop notification using 'notify2'
[1.634s] DEBUG:colcon.colcon_core.event_reactor:joined thread
[1.634s] INFO:colcon.colcon_core.shell:Creating prefix script '/home/ismail/ros2_ws/src/install/local_setup.ps1'
[1.635s] INFO:colcon.colcon_core.shell:Creating prefix util module '/home/ismail/ros2_ws/src/install/_local_setup_util_ps1.py'
[1.637s] INFO:colcon.colcon_core.shell:Creating prefix chain script '/home/ismail/ros2_ws/src/install/setup.ps1'
[1.639s] INFO:colcon.colcon_core.shell:Creating prefix script '/home/ismail/ros2_ws/src/install/local_setup.sh'
[1.639s] INFO:colcon.colcon_core.shell:Creating prefix util module '/home/ismail/ros2_ws/src/install/_local_setup_util_sh.py'
[1.640s] INFO:colcon.colcon_core.shell:Creating prefix chain script '/home/ismail/ros2_ws/src/install/setup.sh'
[1.641s] INFO:colcon.colcon_core.shell:Creating prefix script '/home/ismail/ros2_ws/src/install/local_setup.bash'
[1.642s] INFO:colcon.colcon_core.shell:Creating prefix chain script '/home/ismail/ros2_ws/src/install/setup.bash'
[1.643s] INFO:colcon.colcon_core.shell:Creating prefix script '/home/ismail/ros2_ws/src/install/local_setup.zsh'
[1.645s] INFO:colcon.colcon_core.shell:Creating prefix chain script '/home/ismail/ros2_ws/src/install/setup.zsh'
