[0.561s] Invoking command in '/home/ismail/ros2_ws/src/navibot_description': PYTHONPATH=/home/ismail/ros2_ws/build/navibot_description/prefix_override:/usr/lib/python3/dist-packages/colcon_core/task/python/colcon_distutils_commands:/home/ismail/ros2_ws/install/navibot_description/lib/python3.10/site-packages:${PYTHONPATH} /usr/bin/python3 -W ignore:setup.py install is deprecated -W ignore:easy_install command is deprecated setup.py egg_info --egg-base ../../build/navibot_description build --build-base /home/ismail/ros2_ws/build/navibot_description/build install --record /home/ismail/ros2_ws/build/navibot_description/install.log --single-version-externally-managed install_data
[0.781s] running egg_info
[0.781s] creating ../../build/navibot_description/navibot_description.egg-info
[0.781s] writing ../../build/navibot_description/navibot_description.egg-info/PKG-INFO
[0.781s] writing dependency_links to ../../build/navibot_description/navibot_description.egg-info/dependency_links.txt
[0.782s] writing entry points to ../../build/navibot_description/navibot_description.egg-info/entry_points.txt
[0.782s] writing requirements to ../../build/navibot_description/navibot_description.egg-info/requires.txt
[0.782s] writing top-level names to ../../build/navibot_description/navibot_description.egg-info/top_level.txt
[0.782s] writing manifest file '../../build/navibot_description/navibot_description.egg-info/SOURCES.txt'
[0.783s] reading manifest file '../../build/navibot_description/navibot_description.egg-info/SOURCES.txt'
[0.784s] writing manifest file '../../build/navibot_description/navibot_description.egg-info/SOURCES.txt'
[0.784s] running build
[0.784s] running build_py
[0.784s] creating /home/ismail/ros2_ws/build/navibot_description/build
[0.785s] creating /home/ismail/ros2_ws/build/navibot_description/build/lib
[0.785s] creating /home/ismail/ros2_ws/build/navibot_description/build/lib/navibot_description
[0.785s] copying navibot_description/__init__.py -> /home/ismail/ros2_ws/build/navibot_description/build/lib/navibot_description
[0.785s] running install
[0.785s] running install_lib
[0.785s] creating /home/ismail/ros2_ws/install/navibot_description/lib/python3.10/site-packages/navibot_description
[0.786s] copying /home/ismail/ros2_ws/build/navibot_description/build/lib/navibot_description/__init__.py -> /home/ismail/ros2_ws/install/navibot_description/lib/python3.10/site-packages/navibot_description
[0.786s] byte-compiling /home/ismail/ros2_ws/install/navibot_description/lib/python3.10/site-packages/navibot_description/__init__.py to __init__.cpython-310.pyc
[0.786s] running install_data
[0.786s] creating /home/ismail/ros2_ws/install/navibot_description/share/ament_index
[0.787s] creating /home/ismail/ros2_ws/install/navibot_description/share/ament_index/resource_index
[0.787s] creating /home/ismail/ros2_ws/install/navibot_description/share/ament_index/resource_index/packages
[0.787s] copying resource/navibot_description -> /home/ismail/ros2_ws/install/navibot_description/share/ament_index/resource_index/packages
[0.787s] copying package.xml -> /home/ismail/ros2_ws/install/navibot_description/share/navibot_description
[0.787s] creating /home/ismail/ros2_ws/install/navibot_description/share/navibot_description/launch
[0.787s] copying launch/gazebo.launch.py -> /home/ismail/ros2_ws/install/navibot_description/share/navibot_description/launch
[0.787s] creating /home/ismail/ros2_ws/install/navibot_description/share/navibot_description/urdf
[0.787s] copying urdf/navibot.urdf.xacro -> /home/ismail/ros2_ws/install/navibot_description/share/navibot_description/urdf
[0.787s] creating /home/ismail/ros2_ws/install/navibot_description/share/navibot_description/config
[0.787s] copying config/controllers.yaml -> /home/ismail/ros2_ws/install/navibot_description/share/navibot_description/config
[0.787s] running install_egg_info
[0.789s] Copying ../../build/navibot_description/navibot_description.egg-info to /home/ismail/ros2_ws/install/navibot_description/lib/python3.10/site-packages/navibot_description-0.0.0-py3.10.egg-info
[0.789s] running install_scripts
[0.809s] writing list of installed files to '/home/ismail/ros2_ws/build/navibot_description/install.log'
[0.833s] Invoked command in '/home/ismail/ros2_ws/src/navibot_description' returned '0': PYTHONPATH=/home/ismail/ros2_ws/build/navibot_description/prefix_override:/usr/lib/python3/dist-packages/colcon_core/task/python/colcon_distutils_commands:/home/ismail/ros2_ws/install/navibot_description/lib/python3.10/site-packages:${PYTHONPATH} /usr/bin/python3 -W ignore:setup.py install is deprecated -W ignore:easy_install command is deprecated setup.py egg_info --egg-base ../../build/navibot_description build --build-base /home/ismail/ros2_ws/build/navibot_description/build install --record /home/ismail/ros2_ws/build/navibot_description/install.log --single-version-externally-managed install_data
