[0.036s] Invoking command in '/home/ismail/ros2_ws/build/robot_description': CMAKE_PREFIX_PATH=/home/ismail/ros2_ws/install/navibot_description:/home/ismail/ros2_ws/install/my_4w_robot_description:/home/ismail/ros2_ws/src/navibot_description/install/navibot_description:/opt/ros/humble /usr/bin/cmake /home/ismail/ros2_ws/src/HomeBot-ROS2-Navigation-main/src/robot_description -DCMAKE_INSTALL_PREFIX=/home/ismail/ros2_ws/install/robot_description
[0.668s] -- The C compiler identification is GNU 11.4.0
[0.668s] -- The CXX compiler identification is GNU 11.4.0
[0.668s] -- Detecting C compiler ABI info
[0.669s] -- Detecting C compiler ABI info - done
[0.669s] -- Check for working C compiler: /usr/bin/cc - skipped
[0.669s] -- Detecting C compile features
[0.669s] -- Detecting C compile features - done
[0.669s] -- Detecting CXX compiler ABI info
[0.669s] -- Detecting CXX compiler ABI info - done
[0.669s] -- Check for working CXX compiler: /usr/bin/c++ - skipped
[0.669s] -- Detecting CXX compile features
[0.669s] -- Detecting CXX compile features - done
[0.669s] -- Found ament_cmake: 1.3.13 (/opt/ros/humble/share/ament_cmake/cmake)
[0.706s] -- Found Python3: /usr/bin/python3 (found version "3.10.12") found components: Interpreter 
[0.811s] -- Found xacro: 2.1.1 (/opt/ros/humble/share/xacro/cmake)
[0.814s] -- Found urdf: 2.6.1 (/opt/ros/humble/share/urdf/cmake)
[0.874s] -- Found gazebo_ros: 3.9.0 (/opt/ros/humble/share/gazebo_ros/cmake)
[0.921s] -- Found rosidl_generator_c: 3.1.8 (/opt/ros/humble/share/rosidl_generator_c/cmake)
[0.927s] -- Found rosidl_adapter: 3.1.8 (/opt/ros/humble/share/rosidl_adapter/cmake)
[0.941s] -- Found rosidl_generator_cpp: 3.1.8 (/opt/ros/humble/share/rosidl_generator_cpp/cmake)
[0.966s] -- Using all available rosidl_typesupport_c: rosidl_typesupport_fastrtps_c;rosidl_typesupport_introspection_c
[0.988s] -- Using all available rosidl_typesupport_cpp: rosidl_typesupport_fastrtps_cpp;rosidl_typesupport_introspection_cpp
[1.065s] -- Found rmw_implementation_cmake: 6.1.2 (/opt/ros/humble/share/rmw_implementation_cmake/cmake)
[1.070s] -- Found rmw_fastrtps_cpp: 6.2.10 (/opt/ros/humble/share/rmw_fastrtps_cpp/cmake)
[1.111s] -- Found TinyXML2 via Config file: TinyXML2_DIR-NOTFOUND
[1.157s] -- Found OpenSSL: /usr/lib/x86_64-linux-gnu/libcrypto.so (found version "3.0.2")  
[1.162s] -- Found TinyXML2 via Config file: TinyXML2_DIR-NOTFOUND
[1.175s] -- Found FastRTPS: /opt/ros/humble/include  
[1.179s] -- Found TinyXML2 via Config file: TinyXML2_DIR-NOTFOUND
[1.186s] -- Found TinyXML2 via Config file: TinyXML2_DIR-NOTFOUND
[1.195s] -- Using RMW implementation 'rmw_fastrtps_cpp' as default
[1.207s] -- Looking for pthread.h
[1.287s] -- Looking for pthread.h - found
[1.288s] -- Performing Test CMAKE_HAVE_LIBC_PTHREAD
[1.364s] -- Performing Test CMAKE_HAVE_LIBC_PTHREAD - Success
[1.365s] -- Found Threads: TRUE  
[1.464s] -- Found PkgConfig: /usr/bin/pkg-config (found version "0.29.2") 
[1.464s] -- Checking for module 'bullet>=2.82'
[1.474s] --   Found bullet, version 3.05
[1.568s] -- Found fcl: /usr/include (found suitable version "0.7.0", minimum required is "0.5.0") 
[1.608s] -- Found assimp: /usr/include (found version "5.2.0") 
[1.640s] -- Found DART: /usr/include (Required is at least version "6.6") found components: dart 
[1.674s] -- Found Boost: /usr/lib/x86_64-linux-gnu/cmake/Boost-1.74.0/BoostConfig.cmake (found suitable version "1.74.0", minimum required is "1.40.0") found components: thread system filesystem program_options regex iostreams date_time 
[1.699s] -- Found Protobuf: /usr/lib/x86_64-linux-gnu/libprotobuf.so (found version "3.12.4") 
[1.705s] -- Looking for ignition-math6 -- found version 6.15.1
[1.717s] -- Searching for dependencies of ignition-math6
[1.720s] -- Looking for OGRE...
[1.720s] -- OGRE_PREFIX_WATCH changed.
[1.724s] -- Checking for module 'OGRE'
[1.734s] --   Found OGRE, version 1.9.0
[1.761s] -- Found Ogre Ghadamon (1.9.0)
[1.767s] -- Found OGRE: optimized;/usr/lib/x86_64-linux-gnu/libOgreMain.so;debug;/usr/lib/x86_64-linux-gnu/libOgreMain.so
[1.777s] -- Looking for OGRE_Paging...
[1.782s] -- Found OGRE_Paging: optimized;/usr/lib/x86_64-linux-gnu/libOgrePaging.so;debug;/usr/lib/x86_64-linux-gnu/libOgrePaging.so
[1.783s] -- Looking for OGRE_Terrain...
[1.787s] -- Found OGRE_Terrain: optimized;/usr/lib/x86_64-linux-gnu/libOgreTerrain.so;debug;/usr/lib/x86_64-linux-gnu/libOgreTerrain.so
[1.787s] -- Looking for OGRE_Property...
[1.792s] -- Found OGRE_Property: optimized;/usr/lib/x86_64-linux-gnu/libOgreProperty.so;debug;/usr/lib/x86_64-linux-gnu/libOgreProperty.so
[1.792s] -- Looking for OGRE_RTShaderSystem...
[1.797s] -- Found OGRE_RTShaderSystem: optimized;/usr/lib/x86_64-linux-gnu/libOgreRTShaderSystem.so;debug;/usr/lib/x86_64-linux-gnu/libOgreRTShaderSystem.so
[1.797s] -- Looking for OGRE_Volume...
[1.802s] -- Found OGRE_Volume: optimized;/usr/lib/x86_64-linux-gnu/libOgreVolume.so;debug;/usr/lib/x86_64-linux-gnu/libOgreVolume.so
[1.802s] -- Looking for OGRE_Overlay...
[1.806s] -- Found OGRE_Overlay: optimized;/usr/lib/x86_64-linux-gnu/libOgreOverlay.so;debug;/usr/lib/x86_64-linux-gnu/libOgreOverlay.so
[1.907s] -- Looking for ignition-math6 -- found version 6.15.1
[1.909s] -- Looking for ignition-transport8 -- found version 8.2.1
[1.910s] -- Searching for dependencies of ignition-transport8
[1.927s] -- Found Protobuf: /usr/lib/x86_64-linux-gnu/libprotobuf.so (found suitable version "3.12.4", minimum required is "3") 
[1.937s] -- Config-file not installed for ZeroMQ -- checking for pkg-config
[1.941s] -- Checking for module 'libzmq >= 4'
[1.955s] --   Found libzmq , version 4.3.4
[1.985s] -- Found ZeroMQ: TRUE (Required is at least version "4") 
[1.991s] -- Checking for module 'uuid'
[2.004s] --   Found uuid, version 2.37.2
[2.041s] -- Found UUID: TRUE  
[2.044s] -- Looking for ignition-msgs5 -- found version 5.8.1
[2.044s] -- Searching for dependencies of ignition-msgs5
[2.067s] -- Looking for ignition-math6 -- found version 6.15.1
[2.074s] -- Checking for module 'tinyxml2'
[2.090s] --   Found tinyxml2, version 9.0.0
[2.135s] -- Looking for ignition-msgs5 -- found version 5.8.1
[2.139s] -- Looking for ignition-common3 -- found version 3.14.0
[2.140s] -- Searching for dependencies of ignition-common3
[2.140s] -- Looking for dlfcn.h - found
[2.141s] -- Looking for libdl - found
[2.143s] -- Found DL: TRUE  
[2.159s] -- Found tinyobjloader: /usr/lib/x86_64-linux-gnu/cmake/tinyobjloader/tinyobjloader-config.cmake (found version "2.0.0") 
[2.160s] -- Searching for <ignition-common3> component [graphics]
[2.164s] -- Looking for ignition-common3-graphics -- found version 3.14.0
[2.165s] -- Searching for dependencies of ignition-common3-graphics
[2.165s] -- Looking for ignition-math6 -- found version 6.15.1
[2.170s] -- Looking for ignition-fuel_tools4 -- found version 4.4.0
[2.170s] -- Searching for dependencies of ignition-fuel_tools4
[2.266s] -- Found CURL: /usr/lib/x86_64-linux-gnu/libcurl.so (found version "7.81.0")  
[2.278s] -- Checking for module 'jsoncpp'
[2.293s] --   Found jsoncpp, version 1.9.5
[2.333s] -- Found JSONCPP: TRUE  
[2.341s] -- Checking for module 'libzip'
[2.357s] --   Found libzip, version 1.7.3
[2.394s] -- Found ZIP: TRUE  
[2.394s] -- Looking for ignition-common3 -- found version 3.14.0
[2.395s] -- Looking for ignition-math6 -- found version 6.15.1
[2.396s] -- Looking for ignition-msgs5 -- found version 5.8.1
[2.402s] -- Gazebo version: 11.10
[2.402s] -- Checking for module 'tbb'
[2.417s] --   Found tbb, version 2021.5.0
[2.560s] -- Configuring done
[2.566s] -- Generating done
[2.570s] -- Build files have been written to: /home/ismail/ros2_ws/build/robot_description
