running develop
running egg_info
creating my_robot_bringup.egg-info
writing my_robot_bringup.egg-info/PKG-INFO
writing dependency_links to my_robot_bringup.egg-info/dependency_links.txt
writing entry points to my_robot_bringup.egg-info/entry_points.txt
writing requirements to my_robot_bringup.egg-info/requires.txt
writing top-level names to my_robot_bringup.egg-info/top_level.txt
writing manifest file 'my_robot_bringup.egg-info/SOURCES.txt'
reading manifest file 'my_robot_bringup.egg-info/SOURCES.txt'
writing manifest file 'my_robot_bringup.egg-info/SOURCES.txt'
running build_ext
Creating /home/ismail/ros2_ws/install/my_robot_bringup/lib/python3.10/site-packages/my-robot-bringup.egg-link (link to .)
Installing obstacle_avoidance_node script to /home/ismail/ros2_ws/install/my_robot_bringup/bin
Installing patrol_node script to /home/ismail/ros2_ws/install/my_robot_bringup/bin
Installing robot_monitor_node script to /home/ismail/ros2_ws/install/my_robot_bringup/bin

Installed /home/ismail/ros2_ws/build/my_robot_bringup
running symlink_data
creating /home/ismail/ros2_ws/install/my_robot_bringup/share
creating /home/ismail/ros2_ws/install/my_robot_bringup/share/ament_index
creating /home/ismail/ros2_ws/install/my_robot_bringup/share/ament_index/resource_index
creating /home/ismail/ros2_ws/install/my_robot_bringup/share/ament_index/resource_index/packages
symbolically linking /home/ismail/ros2_ws/build/my_robot_bringup/resource/my_robot_bringup -> /home/ismail/ros2_ws/install/my_robot_bringup/share/ament_index/resource_index/packages
creating /home/ismail/ros2_ws/install/my_robot_bringup/share/my_robot_bringup
symbolically linking /home/ismail/ros2_ws/build/my_robot_bringup/package.xml -> /home/ismail/ros2_ws/install/my_robot_bringup/share/my_robot_bringup
creating /home/ismail/ros2_ws/install/my_robot_bringup/share/my_robot_bringup/launch
symbolically linking /home/ismail/ros2_ws/build/my_robot_bringup/launch/bringup.launch.py -> /home/ismail/ros2_ws/install/my_robot_bringup/share/my_robot_bringup/launch
creating /home/ismail/ros2_ws/install/my_robot_bringup/share/my_robot_bringup/config
symbolically linking /home/ismail/ros2_ws/build/my_robot_bringup/config/ekf.yaml -> /home/ismail/ros2_ws/install/my_robot_bringup/share/my_robot_bringup/config
