[1.124s] Invoking command in '/home/ismail/ros2_ws/build/my_robot_bringup': PYTHONPATH=/home/ismail/ros2_ws/build/my_robot_bringup/prefix_override:/usr/lib/python3/dist-packages/colcon_core/task/python/colcon_distutils_commands:/home/ismail/ros2_ws/install/my_robot_bringup/lib/python3.10/site-packages:${PYTHONPATH} /usr/bin/python3 -W ignore:setup.py install is deprecated -W ignore:easy_install command is deprecated setup.py develop --editable --build-directory /home/ismail/ros2_ws/build/my_robot_bringup/build --no-deps symlink_data
[1.665s] running develop
[1.871s] running egg_info
[1.871s] creating my_robot_bringup.egg-info
[1.871s] writing my_robot_bringup.egg-info/PKG-INFO
[1.871s] writing dependency_links to my_robot_bringup.egg-info/dependency_links.txt
[1.871s] writing entry points to my_robot_bringup.egg-info/entry_points.txt
[1.871s] writing requirements to my_robot_bringup.egg-info/requires.txt
[1.872s] writing top-level names to my_robot_bringup.egg-info/top_level.txt
[1.872s] writing manifest file 'my_robot_bringup.egg-info/SOURCES.txt'
[1.873s] reading manifest file 'my_robot_bringup.egg-info/SOURCES.txt'
[1.874s] writing manifest file 'my_robot_bringup.egg-info/SOURCES.txt'
[1.875s] running build_ext
[1.875s] Creating /home/ismail/ros2_ws/install/my_robot_bringup/lib/python3.10/site-packages/my-robot-bringup.egg-link (link to .)
[1.876s] Installing obstacle_avoidance_node script to /home/ismail/ros2_ws/install/my_robot_bringup/bin
[1.876s] Installing patrol_node script to /home/ismail/ros2_ws/install/my_robot_bringup/bin
[1.876s] Installing robot_monitor_node script to /home/ismail/ros2_ws/install/my_robot_bringup/bin
[1.876s] 
[1.876s] Installed /home/ismail/ros2_ws/build/my_robot_bringup
[1.877s] running symlink_data
[1.877s] creating /home/ismail/ros2_ws/install/my_robot_bringup/share
[1.877s] creating /home/ismail/ros2_ws/install/my_robot_bringup/share/ament_index
[1.877s] creating /home/ismail/ros2_ws/install/my_robot_bringup/share/ament_index/resource_index
[1.877s] creating /home/ismail/ros2_ws/install/my_robot_bringup/share/ament_index/resource_index/packages
[1.877s] symbolically linking /home/ismail/ros2_ws/build/my_robot_bringup/resource/my_robot_bringup -> /home/ismail/ros2_ws/install/my_robot_bringup/share/ament_index/resource_index/packages
[1.877s] creating /home/ismail/ros2_ws/install/my_robot_bringup/share/my_robot_bringup
[1.877s] symbolically linking /home/ismail/ros2_ws/build/my_robot_bringup/package.xml -> /home/ismail/ros2_ws/install/my_robot_bringup/share/my_robot_bringup
[1.877s] creating /home/ismail/ros2_ws/install/my_robot_bringup/share/my_robot_bringup/launch
[1.878s] symbolically linking /home/ismail/ros2_ws/build/my_robot_bringup/launch/bringup.launch.py -> /home/ismail/ros2_ws/install/my_robot_bringup/share/my_robot_bringup/launch
[1.878s] creating /home/ismail/ros2_ws/install/my_robot_bringup/share/my_robot_bringup/config
[1.878s] symbolically linking /home/ismail/ros2_ws/build/my_robot_bringup/config/ekf.yaml -> /home/ismail/ros2_ws/install/my_robot_bringup/share/my_robot_bringup/config
