-- Install configuration: ""
-- Execute custom install script
-- Symlinking: /home/ismail/ros2_ws/install/my_robot_description/share/my_robot_description/urdf/gazebo_plugins.xacro
-- Symlinking: /home/ismail/ros2_ws/install/my_robot_description/share/my_robot_description/urdf/robot.urdf.xacro
-- Symlinking: /home/ismail/ros2_ws/install/my_robot_description/share/my_robot_description/urdf/ros2_control.xacro
-- Symlinking: /home/ismail/ros2_ws/install/my_robot_description/share/my_robot_description/launch/display.launch.py
-- Symlinking: /home/ismail/ros2_ws/install/my_robot_description/share/my_robot_description/rviz/navigation.rviz
-- Symlinking: /home/ismail/ros2_ws/install/my_robot_description/share/my_robot_description/config/controllers.yaml
-- Symlinking: /home/ismail/ros2_ws/install/my_robot_description/share/ament_index/resource_index/package_run_dependencies/my_robot_description
-- Symlinking: /home/ismail/ros2_ws/install/my_robot_description/share/ament_index/resource_index/parent_prefix_path/my_robot_description
-- Symlinking: /home/ismail/ros2_ws/install/my_robot_description/share/my_robot_description/environment/ament_prefix_path.sh
-- Symlinking: /home/ismail/ros2_ws/install/my_robot_description/share/my_robot_description/environment/ament_prefix_path.dsv
-- Symlinking: /home/ismail/ros2_ws/install/my_robot_description/share/my_robot_description/environment/path.sh
-- Symlinking: /home/ismail/ros2_ws/install/my_robot_description/share/my_robot_description/environment/path.dsv
-- Symlinking: /home/ismail/ros2_ws/install/my_robot_description/share/my_robot_description/local_setup.bash
-- Symlinking: /home/ismail/ros2_ws/install/my_robot_description/share/my_robot_description/local_setup.sh
-- Symlinking: /home/ismail/ros2_ws/install/my_robot_description/share/my_robot_description/local_setup.zsh
-- Symlinking: /home/ismail/ros2_ws/install/my_robot_description/share/my_robot_description/local_setup.dsv
-- Symlinking: /home/ismail/ros2_ws/install/my_robot_description/share/my_robot_description/package.dsv
-- Symlinking: /home/ismail/ros2_ws/install/my_robot_description/share/ament_index/resource_index/packages/my_robot_description
-- Symlinking: /home/ismail/ros2_ws/install/my_robot_description/share/my_robot_description/cmake/my_robot_descriptionConfig.cmake
-- Symlinking: /home/ismail/ros2_ws/install/my_robot_description/share/my_robot_description/cmake/my_robot_descriptionConfig-version.cmake
-- Symlinking: /home/ismail/ros2_ws/install/my_robot_description/share/my_robot_description/package.xml
