[0.044s] Invoking command in '/home/ismail/ros2_ws/build/my_4w_robot_description': CMAKE_PREFIX_PATH=/home/ismail/ros2_ws/install/navibot_description:/opt/ros/humble /usr/bin/cmake /home/ismail/ros2_ws/src/my_4w_robot_description -DAMENT_CMAKE_SYMLINK_INSTALL=1 -DCMAKE_INSTALL_PREFIX=/home/ismail/ros2_ws/install/my_4w_robot_description
[0.355s] -- The C compiler identification is GNU 11.4.0
[0.355s] -- The CXX compiler identification is GNU 11.4.0
[0.355s] -- Detecting C compiler ABI info
[0.355s] -- Detecting C compiler ABI info - done
[0.356s] -- Check for working C compiler: /usr/bin/cc - skipped
[0.356s] -- Detecting C compile features
[0.356s] -- Detecting C compile features - done
[0.356s] -- Detecting CXX compiler ABI info
[0.393s] -- Detecting CXX compiler ABI info - done
[0.404s] -- Check for working CXX compiler: /usr/bin/c++ - skipped
[0.404s] -- Detecting CXX compile features
[0.405s] -- Detecting CXX compile features - done
[0.409s] -- Found ament_cmake: 1.3.13 (/opt/ros/humble/share/ament_cmake/cmake)
[0.738s] -- Found Python3: /usr/bin/python3 (found version "3.10.12") found components: Interpreter 
[0.933s] -- Override CMake install command with custom implementation using symlinks instead of copying resources
[1.005s] -- Found ament_lint_auto: 0.12.15 (/opt/ros/humble/share/ament_lint_auto/cmake)
[1.180s] -- Added test 'flake8' to check Python code syntax and style conventions
[1.182s] -- Added test 'lint_cmake' to check CMake code style
[1.183s] -- Added test 'pep257' to check Python code against some of the docstring style conventions in PEP 257
[1.185s] -- Added test 'xmllint' to check XML markup files
[1.190s] -- Configuring done
[1.193s] -- Generating done
[1.196s] -- Build files have been written to: /home/ismail/ros2_ws/build/my_4w_robot_description
[1.203s] Invoked command in '/home/ismail/ros2_ws/build/my_4w_robot_description' returned '0': CMAKE_PREFIX_PATH=/home/ismail/ros2_ws/install/navibot_description:/opt/ros/humble /usr/bin/cmake /home/ismail/ros2_ws/src/my_4w_robot_description -DAMENT_CMAKE_SYMLINK_INSTALL=1 -DCMAKE_INSTALL_PREFIX=/home/ismail/ros2_ws/install/my_4w_robot_description
[1.206s] Invoking command in '/home/ismail/ros2_ws/build/my_4w_robot_description': CMAKE_PREFIX_PATH=/home/ismail/ros2_ws/install/navibot_description:/opt/ros/humble /usr/bin/cmake --build /home/ismail/ros2_ws/build/my_4w_robot_description -- -j8 -l8
[1.303s] Invoked command in '/home/ismail/ros2_ws/build/my_4w_robot_description' returned '0': CMAKE_PREFIX_PATH=/home/ismail/ros2_ws/install/navibot_description:/opt/ros/humble /usr/bin/cmake --build /home/ismail/ros2_ws/build/my_4w_robot_description -- -j8 -l8
[1.323s] Invoking command in '/home/ismail/ros2_ws/build/my_4w_robot_description': CMAKE_PREFIX_PATH=/home/ismail/ros2_ws/install/navibot_description:/opt/ros/humble /usr/bin/cmake --install /home/ismail/ros2_ws/build/my_4w_robot_description
[1.335s] -- Install configuration: ""
[1.336s] -- Execute custom install script
[1.336s] -- Symlinking: /home/ismail/ros2_ws/install/my_4w_robot_description/share/ament_index/resource_index/package_run_dependencies/my_4w_robot_description
[1.350s] -- Symlinking: /home/ismail/ros2_ws/install/my_4w_robot_description/share/ament_index/resource_index/parent_prefix_path/my_4w_robot_description
[1.366s] -- Symlinking: /home/ismail/ros2_ws/install/my_4w_robot_description/share/my_4w_robot_description/environment/ament_prefix_path.sh
[1.388s] -- Symlinking: /home/ismail/ros2_ws/install/my_4w_robot_description/share/my_4w_robot_description/environment/ament_prefix_path.dsv
[1.405s] -- Symlinking: /home/ismail/ros2_ws/install/my_4w_robot_description/share/my_4w_robot_description/environment/path.sh
[1.420s] -- Symlinking: /home/ismail/ros2_ws/install/my_4w_robot_description/share/my_4w_robot_description/environment/path.dsv
[1.432s] -- Symlinking: /home/ismail/ros2_ws/install/my_4w_robot_description/share/my_4w_robot_description/local_setup.bash
[1.447s] -- Symlinking: /home/ismail/ros2_ws/install/my_4w_robot_description/share/my_4w_robot_description/local_setup.sh
[1.466s] -- Symlinking: /home/ismail/ros2_ws/install/my_4w_robot_description/share/my_4w_robot_description/local_setup.zsh
[1.481s] -- Symlinking: /home/ismail/ros2_ws/install/my_4w_robot_description/share/my_4w_robot_description/local_setup.dsv
[1.494s] -- Symlinking: /home/ismail/ros2_ws/install/my_4w_robot_description/share/my_4w_robot_description/package.dsv
[1.507s] -- Symlinking: /home/ismail/ros2_ws/install/my_4w_robot_description/share/ament_index/resource_index/packages/my_4w_robot_description
[1.522s] -- Symlinking: /home/ismail/ros2_ws/install/my_4w_robot_description/share/my_4w_robot_description/cmake/my_4w_robot_descriptionConfig.cmake
[1.543s] -- Symlinking: /home/ismail/ros2_ws/install/my_4w_robot_description/share/my_4w_robot_description/cmake/my_4w_robot_descriptionConfig-version.cmake
[1.561s] -- Symlinking: /home/ismail/ros2_ws/install/my_4w_robot_description/share/my_4w_robot_description/package.xml
[1.582s] Invoked command in '/home/ismail/ros2_ws/build/my_4w_robot_description' returned '0': CMAKE_PREFIX_PATH=/home/ismail/ros2_ws/install/navibot_description:/opt/ros/humble /usr/bin/cmake --install /home/ismail/ros2_ws/build/my_4w_robot_description
