[1.387s] Invoking command in '/home/ismail/ros2_ws/src/navibot_description': PYTHONPATH=/home/ismail/ros2_ws/src/build/navibot_description/prefix_override:/usr/lib/python3/dist-packages/colcon_core/task/python/colcon_distutils_commands:/home/ismail/ros2_ws/src/install/navibot_description/lib/python3.10/site-packages:${PYTHONPATH} /usr/bin/python3 -W ignore:setup.py install is deprecated -W ignore:easy_install command is deprecated setup.py egg_info --egg-base ../build/navibot_description build --build-base /home/ismail/ros2_ws/src/build/navibot_description/build install --record /home/ismail/ros2_ws/src/build/navibot_description/install.log --single-version-externally-managed install_data
[1.898s] running egg_info
[1.899s] writing ../build/navibot_description/navibot_description.egg-info/PKG-INFO
[1.900s] writing dependency_links to ../build/navibot_description/navibot_description.egg-info/dependency_links.txt
[1.900s] writing entry points to ../build/navibot_description/navibot_description.egg-info/entry_points.txt
[1.900s] writing requirements to ../build/navibot_description/navibot_description.egg-info/requires.txt
[1.900s] writing top-level names to ../build/navibot_description/navibot_description.egg-info/top_level.txt
[1.903s] reading manifest file '../build/navibot_description/navibot_description.egg-info/SOURCES.txt'
[1.904s] writing manifest file '../build/navibot_description/navibot_description.egg-info/SOURCES.txt'
[1.904s] running build
[1.905s] running build_py
[1.905s] running install
[1.905s] running install_lib
[1.907s] running install_data
[1.907s] copying urdf/navibot.urdf.xacro -> /home/ismail/ros2_ws/src/install/navibot_description/share/navibot_description/urdf
[1.908s] running install_egg_info
[1.911s] removing '/home/ismail/ros2_ws/src/install/navibot_description/lib/python3.10/site-packages/navibot_description-0.0.0-py3.10.egg-info' (and everything under it)
[1.912s] Copying ../build/navibot_description/navibot_description.egg-info to /home/ismail/ros2_ws/src/install/navibot_description/lib/python3.10/site-packages/navibot_description-0.0.0-py3.10.egg-info
[1.914s] running install_scripts
[1.969s] writing list of installed files to '/home/ismail/ros2_ws/src/build/navibot_description/install.log'
[2.033s] Invoked command in '/home/ismail/ros2_ws/src/navibot_description' returned '0': PYTHONPATH=/home/ismail/ros2_ws/src/build/navibot_description/prefix_override:/usr/lib/python3/dist-packages/colcon_core/task/python/colcon_distutils_commands:/home/ismail/ros2_ws/src/install/navibot_description/lib/python3.10/site-packages:${PYTHONPATH} /usr/bin/python3 -W ignore:setup.py install is deprecated -W ignore:easy_install command is deprecated setup.py egg_info --egg-base ../build/navibot_description build --build-base /home/ismail/ros2_ws/src/build/navibot_description/build install --record /home/ismail/ros2_ws/src/build/navibot_description/install.log --single-version-externally-managed install_data
