[0.024s] Invoking command in '/home/ismail/ros2_ws/build/my_4w_robot_description': CMAKE_PREFIX_PATH=${CMAKE_PREFIX_PATH}:/home/ismail/ros2_ws/install/navibot_description:/opt/ros/humble /usr/bin/cmake --build /home/ismail/ros2_ws/build/my_4w_robot_description -- -j8 -l8
[0.620s] Invoked command in '/home/ismail/ros2_ws/build/my_4w_robot_description' returned '0': CMAKE_PREFIX_PATH=${CMAKE_PREFIX_PATH}:/home/ismail/ros2_ws/install/navibot_description:/opt/ros/humble /usr/bin/cmake --build /home/ismail/ros2_ws/build/my_4w_robot_description -- -j8 -l8
[0.633s] Invoking command in '/home/ismail/ros2_ws/build/my_4w_robot_description': CMAKE_PREFIX_PATH=${CMAKE_PREFIX_PATH}:/home/ismail/ros2_ws/install/navibot_description:/opt/ros/humble /usr/bin/cmake --install /home/ismail/ros2_ws/build/my_4w_robot_description
[0.642s] -- Install configuration: ""
[0.643s] -- Execute custom install script
[0.643s] -- Up-to-date symlink: /home/ismail/ros2_ws/install/my_4w_robot_description/share/ament_index/resource_index/package_run_dependencies/my_4w_robot_description
[0.643s] -- Up-to-date symlink: /home/ismail/ros2_ws/install/my_4w_robot_description/share/ament_index/resource_index/parent_prefix_path/my_4w_robot_description
[0.643s] -- Up-to-date symlink: /home/ismail/ros2_ws/install/my_4w_robot_description/share/my_4w_robot_description/environment/ament_prefix_path.sh
[0.644s] -- Up-to-date symlink: /home/ismail/ros2_ws/install/my_4w_robot_description/share/my_4w_robot_description/environment/ament_prefix_path.dsv
[0.644s] -- Up-to-date symlink: /home/ismail/ros2_ws/install/my_4w_robot_description/share/my_4w_robot_description/environment/path.sh
[0.644s] -- Up-to-date symlink: /home/ismail/ros2_ws/install/my_4w_robot_description/share/my_4w_robot_description/environment/path.dsv
[0.645s] -- Up-to-date symlink: /home/ismail/ros2_ws/install/my_4w_robot_description/share/my_4w_robot_description/local_setup.bash
[0.645s] -- Up-to-date symlink: /home/ismail/ros2_ws/install/my_4w_robot_description/share/my_4w_robot_description/local_setup.sh
[0.645s] -- Up-to-date symlink: /home/ismail/ros2_ws/install/my_4w_robot_description/share/my_4w_robot_description/local_setup.zsh
[0.646s] -- Up-to-date symlink: /home/ismail/ros2_ws/install/my_4w_robot_description/share/my_4w_robot_description/local_setup.dsv
[0.646s] -- Symlinking: /home/ismail/ros2_ws/install/my_4w_robot_description/share/my_4w_robot_description/package.dsv
[0.657s] -- Up-to-date symlink: /home/ismail/ros2_ws/install/my_4w_robot_description/share/ament_index/resource_index/packages/my_4w_robot_description
[0.657s] -- Up-to-date symlink: /home/ismail/ros2_ws/install/my_4w_robot_description/share/my_4w_robot_description/cmake/my_4w_robot_descriptionConfig.cmake
[0.657s] -- Up-to-date symlink: /home/ismail/ros2_ws/install/my_4w_robot_description/share/my_4w_robot_description/cmake/my_4w_robot_descriptionConfig-version.cmake
[0.657s] -- Up-to-date symlink: /home/ismail/ros2_ws/install/my_4w_robot_description/share/my_4w_robot_description/package.xml
