[0.928s] Invoking command in '/home/ismail/ros2_ws/src/navibot_description': PYTHONPATH=/home/ismail/ros2_ws/build/navibot_description/prefix_override:/usr/lib/python3/dist-packages/colcon_core/task/python/colcon_distutils_commands:/home/ismail/ros2_ws/install/navibot_description/lib/python3.10/site-packages:${PYTHONPATH} /usr/bin/python3 -W ignore:setup.py install is deprecated -W ignore:easy_install command is deprecated setup.py egg_info --egg-base ../../build/navibot_description build --build-base /home/ismail/ros2_ws/build/navibot_description/build install --record /home/ismail/ros2_ws/build/navibot_description/install.log --single-version-externally-managed install_data
[1.281s] running egg_info
[1.282s] writing ../../build/navibot_description/navibot_description.egg-info/PKG-INFO
[1.282s] writing dependency_links to ../../build/navibot_description/navibot_description.egg-info/dependency_links.txt
[1.282s] writing entry points to ../../build/navibot_description/navibot_description.egg-info/entry_points.txt
[1.283s] writing requirements to ../../build/navibot_description/navibot_description.egg-info/requires.txt
[1.283s] writing top-level names to ../../build/navibot_description/navibot_description.egg-info/top_level.txt
[1.287s] reading manifest file '../../build/navibot_description/navibot_description.egg-info/SOURCES.txt'
[1.288s] writing manifest file '../../build/navibot_description/navibot_description.egg-info/SOURCES.txt'
[1.288s] running build
[1.289s] running build_py
[1.289s] running install
[1.290s] running install_lib
[1.291s] running install_data
[1.292s] copying launch/gazebo.launch.py -> /home/ismail/ros2_ws/install/navibot_description/share/navibot_description/launch
[1.292s] copying urdf/navibot.urdf.xacro -> /home/ismail/ros2_ws/install/navibot_description/share/navibot_description/urdf
[1.292s] running install_egg_info
[1.295s] removing '/home/ismail/ros2_ws/install/navibot_description/lib/python3.10/site-packages/navibot_description-0.0.0-py3.10.egg-info' (and everything under it)
[1.295s] Copying ../../build/navibot_description/navibot_description.egg-info to /home/ismail/ros2_ws/install/navibot_description/lib/python3.10/site-packages/navibot_description-0.0.0-py3.10.egg-info
[1.296s] running install_scripts
[1.328s] writing list of installed files to '/home/ismail/ros2_ws/build/navibot_description/install.log'
[1.372s] Invoked command in '/home/ismail/ros2_ws/src/navibot_description' returned '0': PYTHONPATH=/home/ismail/ros2_ws/build/navibot_description/prefix_override:/usr/lib/python3/dist-packages/colcon_core/task/python/colcon_distutils_commands:/home/ismail/ros2_ws/install/navibot_description/lib/python3.10/site-packages:${PYTHONPATH} /usr/bin/python3 -W ignore:setup.py install is deprecated -W ignore:easy_install command is deprecated setup.py egg_info --egg-base ../../build/navibot_description build --build-base /home/ismail/ros2_ws/build/navibot_description/build install --record /home/ismail/ros2_ws/build/navibot_description/install.log --single-version-externally-managed install_data
