[0.237s] DEBUG:colcon:Command line arguments: ['/usr/bin/colcon', 'build', '--packages-select', 'navibot_description']
[0.237s] DEBUG:colcon:Parsed command line arguments: Namespace(log_base=None, log_level=None, verb_name='build', build_base='build', install_base='install', merge_install=False, symlink_install=False, test_result_base=None, continue_on_error=False, executor='parallel', parallel_workers=8, event_handlers=None, ignore_user_meta=False, metas=['./colcon.meta'], base_paths=['.'], packages_ignore=None, packages_ignore_regex=None, paths=None, packages_up_to=None, packages_up_to_regex=None, packages_above=None, packages_above_and_dependencies=None, packages_above_depth=None, packages_select_by_dep=None, packages_skip_by_dep=None, packages_skip_up_to=None, packages_select_build_failed=False, packages_skip_build_finished=False, packages_select_test_failures=False, packages_skip_test_passed=False, packages_select=['navibot_description'], packages_skip=None, packages_select_regex=None, packages_skip_regex=None, packages_start=None, packages_end=None, allow_overriding=[], cmake_args=None, cmake_target=None, cmake_target_skip_unavailable=False, cmake_clean_cache=False, cmake_clean_first=False, cmake_force_configure=False, ament_cmake_args=None, catkin_cmake_args=None, catkin_skip_building_tests=False, verb_parser=<colcon_defaults.argument_parser.defaults.DefaultArgumentsDecorator object at 0x764242f4c370>, verb_extension=<colcon_core.verb.build.BuildVerb object at 0x764242f1f3a0>, main=<bound method BuildVerb.main of <colcon_core.verb.build.BuildVerb object at 0x764242f1f3a0>>)
[0.550s] Level 1:colcon.colcon_core.package_discovery:discover_packages(colcon_meta) check parameters
[0.551s] Level 1:colcon.colcon_core.package_discovery:discover_packages(recursive) check parameters
[0.551s] Level 1:colcon.colcon_core.package_discovery:discover_packages(ignore) check parameters
[0.551s] Level 1:colcon.colcon_core.package_discovery:discover_packages(path) check parameters
[0.551s] Level 1:colcon.colcon_core.package_discovery:discover_packages(colcon_meta) discover
[0.551s] Level 1:colcon.colcon_core.package_discovery:discover_packages(recursive) discover
[0.551s] INFO:colcon.colcon_core.package_discovery:Crawling recursively for packages in '/home/ismail/ros2_ws/src'
[0.551s] Level 1:colcon.colcon_core.package_identification:_identify(.) by extensions ['ignore', 'ignore_ament_install']
[0.551s] Level 1:colcon.colcon_core.package_identification:_identify(.) by extension 'ignore'
[0.552s] Level 1:colcon.colcon_core.package_identification:_identify(.) by extension 'ignore_ament_install'
[0.552s] Level 1:colcon.colcon_core.package_identification:_identify(.) by extensions ['colcon_pkg']
[0.552s] Level 1:colcon.colcon_core.package_identification:_identify(.) by extension 'colcon_pkg'
[0.552s] Level 1:colcon.colcon_core.package_identification:_identify(.) by extensions ['colcon_meta']
[0.552s] Level 1:colcon.colcon_core.package_identification:_identify(.) by extension 'colcon_meta'
[0.552s] Level 1:colcon.colcon_core.package_identification:_identify(.) by extensions ['ros']
[0.552s] Level 1:colcon.colcon_core.package_identification:_identify(.) by extension 'ros'
[0.572s] Level 1:colcon.colcon_core.package_identification:_identify(.) by extensions ['cmake', 'python']
[0.572s] Level 1:colcon.colcon_core.package_identification:_identify(.) by extension 'cmake'
[0.572s] Level 1:colcon.colcon_core.package_identification:_identify(.) by extension 'python'
[0.572s] Level 1:colcon.colcon_core.package_identification:_identify(.) by extensions ['python_setup_py']
[0.572s] Level 1:colcon.colcon_core.package_identification:_identify(.) by extension 'python_setup_py'
[0.572s] Level 1:colcon.colcon_core.package_identification:_identify(build) by extensions ['ignore', 'ignore_ament_install']
[0.572s] Level 1:colcon.colcon_core.package_identification:_identify(build) by extension 'ignore'
[0.573s] Level 1:colcon.colcon_core.package_identification:_identify(build) ignored
[0.573s] Level 1:colcon.colcon_core.package_identification:_identify(install) by extensions ['ignore', 'ignore_ament_install']
[0.573s] Level 1:colcon.colcon_core.package_identification:_identify(install) by extension 'ignore'
[0.573s] Level 1:colcon.colcon_core.package_identification:_identify(install) ignored
[0.573s] Level 1:colcon.colcon_core.package_identification:_identify(log) by extensions ['ignore', 'ignore_ament_install']
[0.573s] Level 1:colcon.colcon_core.package_identification:_identify(log) by extension 'ignore'
[0.573s] Level 1:colcon.colcon_core.package_identification:_identify(log) ignored
[0.573s] Level 1:colcon.colcon_core.package_identification:_identify(my_4w_robot_description) by extensions ['ignore', 'ignore_ament_install']
[0.574s] Level 1:colcon.colcon_core.package_identification:_identify(my_4w_robot_description) by extension 'ignore'
[0.574s] Level 1:colcon.colcon_core.package_identification:_identify(my_4w_robot_description) by extension 'ignore_ament_install'
[0.574s] Level 1:colcon.colcon_core.package_identification:_identify(my_4w_robot_description) by extensions ['colcon_pkg']
[0.574s] Level 1:colcon.colcon_core.package_identification:_identify(my_4w_robot_description) by extension 'colcon_pkg'
[0.574s] Level 1:colcon.colcon_core.package_identification:_identify(my_4w_robot_description) by extensions ['colcon_meta']
[0.574s] Level 1:colcon.colcon_core.package_identification:_identify(my_4w_robot_description) by extension 'colcon_meta'
[0.574s] Level 1:colcon.colcon_core.package_identification:_identify(my_4w_robot_description) by extensions ['ros']
[0.574s] Level 1:colcon.colcon_core.package_identification:_identify(my_4w_robot_description) by extension 'ros'
[0.579s] DEBUG:colcon.colcon_core.package_identification:Package 'my_4w_robot_description' with type 'ros.ament_cmake' and name 'my_4w_robot_description'
[0.579s] Level 1:colcon.colcon_core.package_identification:_identify(my_robot) by extensions ['ignore', 'ignore_ament_install']
[0.580s] Level 1:colcon.colcon_core.package_identification:_identify(my_robot) by extension 'ignore'
[0.580s] Level 1:colcon.colcon_core.package_identification:_identify(my_robot) by extension 'ignore_ament_install'
[0.580s] Level 1:colcon.colcon_core.package_identification:_identify(my_robot) by extensions ['colcon_pkg']
[0.580s] Level 1:colcon.colcon_core.package_identification:_identify(my_robot) by extension 'colcon_pkg'
[0.580s] Level 1:colcon.colcon_core.package_identification:_identify(my_robot) by extensions ['colcon_meta']
[0.580s] Level 1:colcon.colcon_core.package_identification:_identify(my_robot) by extension 'colcon_meta'
[0.580s] Level 1:colcon.colcon_core.package_identification:_identify(my_robot) by extensions ['ros']
[0.580s] Level 1:colcon.colcon_core.package_identification:_identify(my_robot) by extension 'ros'
[0.581s] Level 1:colcon.colcon_core.package_identification:_identify(my_robot) by extensions ['cmake', 'python']
[0.581s] Level 1:colcon.colcon_core.package_identification:_identify(my_robot) by extension 'cmake'
[0.581s] Level 1:colcon.colcon_core.package_identification:_identify(my_robot) by extension 'python'
[0.581s] Level 1:colcon.colcon_core.package_identification:_identify(my_robot) by extensions ['python_setup_py']
[0.581s] Level 1:colcon.colcon_core.package_identification:_identify(my_robot) by extension 'python_setup_py'
[0.581s] Level 1:colcon.colcon_core.package_identification:_identify(my_robot_bringup) by extensions ['ignore', 'ignore_ament_install']
[0.582s] Level 1:colcon.colcon_core.package_identification:_identify(my_robot_bringup) by extension 'ignore'
[0.582s] Level 1:colcon.colcon_core.package_identification:_identify(my_robot_bringup) by extension 'ignore_ament_install'
[0.582s] Level 1:colcon.colcon_core.package_identification:_identify(my_robot_bringup) by extensions ['colcon_pkg']
[0.582s] Level 1:colcon.colcon_core.package_identification:_identify(my_robot_bringup) by extension 'colcon_pkg'
[0.582s] Level 1:colcon.colcon_core.package_identification:_identify(my_robot_bringup) by extensions ['colcon_meta']
[0.582s] Level 1:colcon.colcon_core.package_identification:_identify(my_robot_bringup) by extension 'colcon_meta'
[0.583s] Level 1:colcon.colcon_core.package_identification:_identify(my_robot_bringup) by extensions ['ros']
[0.583s] Level 1:colcon.colcon_core.package_identification:_identify(my_robot_bringup) by extension 'ros'
[0.585s] DEBUG:colcon.colcon_core.package_identification:Failed to parse potential ROS package manifest in'my_robot_bringup': Error(s) in package 'my_robot_bringup/package.xml':
The manifest must contain exactly one "name" tag
[0.586s] Level 1:colcon.colcon_core.package_identification:_identify(my_robot_bringup) by extensions ['cmake', 'python']
[0.586s] Level 1:colcon.colcon_core.package_identification:_identify(my_robot_bringup) by extension 'cmake'
[0.586s] Level 1:colcon.colcon_core.package_identification:_identify(my_robot_bringup) by extension 'python'
[0.587s] Level 1:colcon.colcon_core.package_identification:_identify(my_robot_bringup) by extensions ['python_setup_py']
[0.587s] Level 1:colcon.colcon_core.package_identification:_identify(my_robot_bringup) by extension 'python_setup_py'
[1.084s] DEBUG:colcon.colcon_core.package_identification:Package 'my_robot_bringup' with type 'python' and name 'my_robot_bringup'
[1.085s] Level 1:colcon.colcon_core.package_identification:_identify(my_robot_description) by extensions ['ignore', 'ignore_ament_install']
[1.085s] Level 1:colcon.colcon_core.package_identification:_identify(my_robot_description) by extension 'ignore'
[1.085s] Level 1:colcon.colcon_core.package_identification:_identify(my_robot_description) by extension 'ignore_ament_install'
[1.086s] Level 1:colcon.colcon_core.package_identification:_identify(my_robot_description) by extensions ['colcon_pkg']
[1.086s] Level 1:colcon.colcon_core.package_identification:_identify(my_robot_description) by extension 'colcon_pkg'
[1.086s] Level 1:colcon.colcon_core.package_identification:_identify(my_robot_description) by extensions ['colcon_meta']
[1.086s] Level 1:colcon.colcon_core.package_identification:_identify(my_robot_description) by extension 'colcon_meta'
[1.086s] Level 1:colcon.colcon_core.package_identification:_identify(my_robot_description) by extensions ['ros']
[1.086s] Level 1:colcon.colcon_core.package_identification:_identify(my_robot_description) by extension 'ros'
[1.089s] DEBUG:colcon.colcon_core.package_identification:Package 'my_robot_description' with type 'ros.ament_cmake' and name 'my_robot_description'
[1.089s] Level 1:colcon.colcon_core.package_identification:_identify(my_robot_navigation) by extensions ['ignore', 'ignore_ament_install']
[1.089s] Level 1:colcon.colcon_core.package_identification:_identify(my_robot_navigation) by extension 'ignore'
[1.089s] Level 1:colcon.colcon_core.package_identification:_identify(my_robot_navigation) by extension 'ignore_ament_install'
[1.089s] Level 1:colcon.colcon_core.package_identification:_identify(my_robot_navigation) by extensions ['colcon_pkg']
[1.089s] Level 1:colcon.colcon_core.package_identification:_identify(my_robot_navigation) by extension 'colcon_pkg'
[1.089s] Level 1:colcon.colcon_core.package_identification:_identify(my_robot_navigation) by extensions ['colcon_meta']
[1.090s] Level 1:colcon.colcon_core.package_identification:_identify(my_robot_navigation) by extension 'colcon_meta'
[1.090s] Level 1:colcon.colcon_core.package_identification:_identify(my_robot_navigation) by extensions ['ros']
[1.090s] Level 1:colcon.colcon_core.package_identification:_identify(my_robot_navigation) by extension 'ros'
[1.091s] DEBUG:colcon.colcon_core.package_identification:Failed to parse potential ROS package manifest in'my_robot_navigation': Error(s) in package 'my_robot_navigation/package.xml':
The manifest must contain exactly one "name" tag
[1.091s] Level 1:colcon.colcon_core.package_identification:_identify(my_robot_navigation) by extensions ['cmake', 'python']
[1.091s] Level 1:colcon.colcon_core.package_identification:_identify(my_robot_navigation) by extension 'cmake'
[1.093s] Level 1:colcon.colcon_core.package_identification:_identify(my_robot_navigation) by extension 'python'
[1.094s] DEBUG:colcon.colcon_core.package_identification:Package 'my_robot_navigation' with type 'cmake' and name 'my_robot_navigation'
[1.094s] Level 1:colcon.colcon_core.package_identification:_identify(my_robot_simulation) by extensions ['ignore', 'ignore_ament_install']
[1.094s] Level 1:colcon.colcon_core.package_identification:_identify(my_robot_simulation) by extension 'ignore'
[1.094s] Level 1:colcon.colcon_core.package_identification:_identify(my_robot_simulation) by extension 'ignore_ament_install'
[1.095s] Level 1:colcon.colcon_core.package_identification:_identify(my_robot_simulation) by extensions ['colcon_pkg']
[1.095s] Level 1:colcon.colcon_core.package_identification:_identify(my_robot_simulation) by extension 'colcon_pkg'
[1.095s] Level 1:colcon.colcon_core.package_identification:_identify(my_robot_simulation) by extensions ['colcon_meta']
[1.095s] Level 1:colcon.colcon_core.package_identification:_identify(my_robot_simulation) by extension 'colcon_meta'
[1.095s] Level 1:colcon.colcon_core.package_identification:_identify(my_robot_simulation) by extensions ['ros']
[1.095s] Level 1:colcon.colcon_core.package_identification:_identify(my_robot_simulation) by extension 'ros'
[1.098s] DEBUG:colcon.colcon_core.package_identification:Package 'my_robot_simulation' with type 'ros.ament_cmake' and name 'my_robot_simulation'
[1.098s] Level 1:colcon.colcon_core.package_identification:_identify(navibot_description) by extensions ['ignore', 'ignore_ament_install']
[1.098s] Level 1:colcon.colcon_core.package_identification:_identify(navibot_description) by extension 'ignore'
[1.098s] Level 1:colcon.colcon_core.package_identification:_identify(navibot_description) by extension 'ignore_ament_install'
[1.098s] Level 1:colcon.colcon_core.package_identification:_identify(navibot_description) by extensions ['colcon_pkg']
[1.098s] Level 1:colcon.colcon_core.package_identification:_identify(navibot_description) by extension 'colcon_pkg'
[1.099s] Level 1:colcon.colcon_core.package_identification:_identify(navibot_description) by extensions ['colcon_meta']
[1.099s] Level 1:colcon.colcon_core.package_identification:_identify(navibot_description) by extension 'colcon_meta'
[1.099s] Level 1:colcon.colcon_core.package_identification:_identify(navibot_description) by extensions ['ros']
[1.099s] Level 1:colcon.colcon_core.package_identification:_identify(navibot_description) by extension 'ros'
[1.100s] DEBUG:colcon.colcon_core.package_identification:Package 'navibot_description' with type 'ros.ament_python' and name 'navibot_description'
[1.100s] Level 1:colcon.colcon_core.package_discovery:discover_packages(recursive) using defaults
[1.100s] Level 1:colcon.colcon_core.package_discovery:discover_packages(ignore) discover
[1.100s] Level 1:colcon.colcon_core.package_discovery:discover_packages(ignore) using defaults
[1.100s] Level 1:colcon.colcon_core.package_discovery:discover_packages(path) discover
[1.101s] Level 1:colcon.colcon_core.package_discovery:discover_packages(path) using defaults
[1.172s] INFO:colcon.colcon_core.package_selection:Skipping not selected package 'my_4w_robot_description' in 'my_4w_robot_description'
[1.172s] INFO:colcon.colcon_core.package_selection:Skipping not selected package 'my_robot_bringup' in 'my_robot_bringup'
[1.172s] INFO:colcon.colcon_core.package_selection:Skipping not selected package 'my_robot_description' in 'my_robot_description'
[1.172s] INFO:colcon.colcon_core.package_selection:Skipping not selected package 'my_robot_navigation' in 'my_robot_navigation'
[1.172s] INFO:colcon.colcon_core.package_selection:Skipping not selected package 'my_robot_simulation' in 'my_robot_simulation'
[1.173s] Level 1:colcon.colcon_core.package_discovery:discover_packages(prefix_path) check parameters
[1.173s] Level 1:colcon.colcon_core.package_discovery:discover_packages(prefix_path) discover
[1.176s] DEBUG:colcon.colcon_installed_package_information.package_discovery:Found 2 installed packages in /home/ismail/ros2_ws/install
[1.179s] DEBUG:colcon.colcon_installed_package_information.package_discovery:Found 395 installed packages in /opt/ros/humble
[1.184s] Level 1:colcon.colcon_core.package_discovery:discover_packages(prefix_path) using defaults
[1.285s] Level 5:colcon.colcon_core.verb:set package 'navibot_description' build argument 'cmake_args' from command line to 'None'
[1.285s] Level 5:colcon.colcon_core.verb:set package 'navibot_description' build argument 'cmake_target' from command line to 'None'
[1.285s] Level 5:colcon.colcon_core.verb:set package 'navibot_description' build argument 'cmake_target_skip_unavailable' from command line to 'False'
[1.285s] Level 5:colcon.colcon_core.verb:set package 'navibot_description' build argument 'cmake_clean_cache' from command line to 'False'
[1.285s] Level 5:colcon.colcon_core.verb:set package 'navibot_description' build argument 'cmake_clean_first' from command line to 'False'
[1.285s] Level 5:colcon.colcon_core.verb:set package 'navibot_description' build argument 'cmake_force_configure' from command line to 'False'
[1.285s] Level 5:colcon.colcon_core.verb:set package 'navibot_description' build argument 'ament_cmake_args' from command line to 'None'
[1.285s] Level 5:colcon.colcon_core.verb:set package 'navibot_description' build argument 'catkin_cmake_args' from command line to 'None'
[1.285s] Level 5:colcon.colcon_core.verb:set package 'navibot_description' build argument 'catkin_skip_building_tests' from command line to 'False'
[1.285s] DEBUG:colcon.colcon_core.verb:Building package 'navibot_description' with the following arguments: {'ament_cmake_args': None, 'build_base': '/home/ismail/ros2_ws/src/build/navibot_description', 'catkin_cmake_args': None, 'catkin_skip_building_tests': False, 'cmake_args': None, 'cmake_clean_cache': False, 'cmake_clean_first': False, 'cmake_force_configure': False, 'cmake_target': None, 'cmake_target_skip_unavailable': False, 'install_base': '/home/ismail/ros2_ws/src/install/navibot_description', 'merge_install': False, 'path': '/home/ismail/ros2_ws/src/navibot_description', 'symlink_install': False, 'test_result_base': None}
[1.286s] INFO:colcon.colcon_core.executor:Executing jobs using 'parallel' executor
[1.287s] DEBUG:colcon.colcon_parallel_executor.executor.parallel:run_until_complete
[1.287s] INFO:colcon.colcon_ros.task.ament_python.build:Building ROS package in '/home/ismail/ros2_ws/src/navibot_description' with build type 'ament_python'
[1.288s] Level 1:colcon.colcon_core.shell:create_environment_hook('navibot_description', 'ament_prefix_path')
[1.290s] INFO:colcon.colcon_core.plugin_system:Skipping extension 'colcon_core.shell.bat': Not used on non-Windows systems
[1.291s] INFO:colcon.colcon_core.shell:Creating environment hook '/home/ismail/ros2_ws/src/install/navibot_description/share/navibot_description/hook/ament_prefix_path.ps1'
[1.291s] INFO:colcon.colcon_core.shell:Creating environment descriptor '/home/ismail/ros2_ws/src/install/navibot_description/share/navibot_description/hook/ament_prefix_path.dsv'
[1.292s] INFO:colcon.colcon_core.shell:Creating environment hook '/home/ismail/ros2_ws/src/install/navibot_description/share/navibot_description/hook/ament_prefix_path.sh'
[1.293s] INFO:colcon.colcon_core.shell:Skip shell extension 'powershell' for command environment: Not usable outside of PowerShell
[1.293s] DEBUG:colcon.colcon_core.shell:Skip shell extension 'dsv' for command environment
[1.859s] INFO:colcon.colcon_core.task.python.build:Building Python package in '/home/ismail/ros2_ws/src/navibot_description'
[1.859s] INFO:colcon.colcon_core.shell:Skip shell extension 'powershell' for command environment: Not usable outside of PowerShell
[1.861s] DEBUG:colcon.colcon_core.shell:Skip shell extension 'dsv' for command environment
[2.675s] DEBUG:colcon.colcon_core.event_handler.log_command:Invoking command in '/home/ismail/ros2_ws/src/navibot_description': PYTHONPATH=/home/ismail/ros2_ws/src/build/navibot_description/prefix_override:/usr/lib/python3/dist-packages/colcon_core/task/python/colcon_distutils_commands:/home/ismail/ros2_ws/src/install/navibot_description/lib/python3.10/site-packages:${PYTHONPATH} /usr/bin/python3 -W ignore:setup.py install is deprecated -W ignore:easy_install command is deprecated setup.py egg_info --egg-base ../build/navibot_description build --build-base /home/ismail/ros2_ws/src/build/navibot_description/build install --record /home/ismail/ros2_ws/src/build/navibot_description/install.log --single-version-externally-managed install_data
[3.321s] DEBUG:colcon.colcon_core.event_handler.log_command:Invoked command in '/home/ismail/ros2_ws/src/navibot_description' returned '0': PYTHONPATH=/home/ismail/ros2_ws/src/build/navibot_description/prefix_override:/usr/lib/python3/dist-packages/colcon_core/task/python/colcon_distutils_commands:/home/ismail/ros2_ws/src/install/navibot_description/lib/python3.10/site-packages:${PYTHONPATH} /usr/bin/python3 -W ignore:setup.py install is deprecated -W ignore:easy_install command is deprecated setup.py egg_info --egg-base ../build/navibot_description build --build-base /home/ismail/ros2_ws/src/build/navibot_description/build install --record /home/ismail/ros2_ws/src/build/navibot_description/install.log --single-version-externally-managed install_data
[3.328s] Level 1:colcon.colcon_core.environment:checking '/home/ismail/ros2_ws/src/install/navibot_description' for CMake module files
[3.329s] Level 1:colcon.colcon_core.environment:checking '/home/ismail/ros2_ws/src/install/navibot_description' for CMake config files
[3.332s] Level 1:colcon.colcon_core.environment:checking '/home/ismail/ros2_ws/src/install/navibot_description/lib'
[3.333s] Level 1:colcon.colcon_core.environment:checking '/home/ismail/ros2_ws/src/install/navibot_description/bin'
[3.333s] Level 1:colcon.colcon_core.environment:checking '/home/ismail/ros2_ws/src/install/navibot_description/lib/pkgconfig/navibot_description.pc'
[3.334s] Level 1:colcon.colcon_core.environment:checking '/home/ismail/ros2_ws/src/install/navibot_description/lib/python3.10/site-packages'
[3.334s] Level 1:colcon.colcon_core.shell:create_environment_hook('navibot_description', 'pythonpath')
[3.335s] INFO:colcon.colcon_core.shell:Creating environment hook '/home/ismail/ros2_ws/src/install/navibot_description/share/navibot_description/hook/pythonpath.ps1'
[3.336s] INFO:colcon.colcon_core.shell:Creating environment descriptor '/home/ismail/ros2_ws/src/install/navibot_description/share/navibot_description/hook/pythonpath.dsv'
[3.336s] INFO:colcon.colcon_core.shell:Creating environment hook '/home/ismail/ros2_ws/src/install/navibot_description/share/navibot_description/hook/pythonpath.sh'
[3.338s] Level 1:colcon.colcon_core.environment:checking '/home/ismail/ros2_ws/src/install/navibot_description/bin'
[3.338s] Level 1:colcon.colcon_core.environment:create_environment_scripts_only(navibot_description)
[3.339s] INFO:colcon.colcon_core.shell:Creating package script '/home/ismail/ros2_ws/src/install/navibot_description/share/navibot_description/package.ps1'
[3.340s] INFO:colcon.colcon_core.shell:Creating package descriptor '/home/ismail/ros2_ws/src/install/navibot_description/share/navibot_description/package.dsv'
[3.341s] INFO:colcon.colcon_core.shell:Creating package script '/home/ismail/ros2_ws/src/install/navibot_description/share/navibot_description/package.sh'
[3.343s] INFO:colcon.colcon_core.shell:Creating package script '/home/ismail/ros2_ws/src/install/navibot_description/share/navibot_description/package.bash'
[3.345s] INFO:colcon.colcon_core.shell:Creating package script '/home/ismail/ros2_ws/src/install/navibot_description/share/navibot_description/package.zsh'
[3.347s] Level 1:colcon.colcon_core.environment:create_file_with_runtime_dependencies(/home/ismail/ros2_ws/src/install/navibot_description/share/colcon-core/packages/navibot_description)
[3.348s] DEBUG:colcon.colcon_parallel_executor.executor.parallel:closing loop
[3.348s] DEBUG:colcon.colcon_parallel_executor.executor.parallel:loop closed
[3.349s] DEBUG:colcon.colcon_parallel_executor.executor.parallel:run_until_complete finished with '0'
[3.349s] DEBUG:colcon.colcon_core.event_reactor:joining thread
[3.365s] INFO:colcon.colcon_core.plugin_system:Skipping extension 'colcon_notification.desktop_notification.terminal_notifier': Not used on non-Darwin systems
[3.365s] INFO:colcon.colcon_core.plugin_system:Skipping extension 'colcon_notification.desktop_notification.win32': Not used on non-Windows systems
[3.365s] INFO:colcon.colcon_notification.desktop_notification:Sending desktop notification using 'notify2'
[3.391s] DEBUG:colcon.colcon_core.event_reactor:joined thread
[3.392s] INFO:colcon.colcon_core.shell:Creating prefix script '/home/ismail/ros2_ws/src/install/local_setup.ps1'
[3.397s] INFO:colcon.colcon_core.shell:Creating prefix util module '/home/ismail/ros2_ws/src/install/_local_setup_util_ps1.py'
[3.402s] INFO:colcon.colcon_core.shell:Creating prefix chain script '/home/ismail/ros2_ws/src/install/setup.ps1'
[3.407s] INFO:colcon.colcon_core.shell:Creating prefix script '/home/ismail/ros2_ws/src/install/local_setup.sh'
[3.408s] INFO:colcon.colcon_core.shell:Creating prefix util module '/home/ismail/ros2_ws/src/install/_local_setup_util_sh.py'
[3.410s] INFO:colcon.colcon_core.shell:Creating prefix chain script '/home/ismail/ros2_ws/src/install/setup.sh'
[3.415s] INFO:colcon.colcon_core.shell:Creating prefix script '/home/ismail/ros2_ws/src/install/local_setup.bash'
[3.416s] INFO:colcon.colcon_core.shell:Creating prefix chain script '/home/ismail/ros2_ws/src/install/setup.bash'
[3.419s] INFO:colcon.colcon_core.shell:Creating prefix script '/home/ismail/ros2_ws/src/install/local_setup.zsh'
[3.421s] INFO:colcon.colcon_core.shell:Creating prefix chain script '/home/ismail/ros2_ws/src/install/setup.zsh'
