[0.957s] Invoking command in '/home/ismail/ros2_ws/src/navibot_description': PYTHONPATH=/home/ismail/ros2_ws/build/navibot_description/prefix_override:/usr/lib/python3/dist-packages/colcon_core/task/python/colcon_distutils_commands:/home/ismail/ros2_ws/install/navibot_description/lib/python3.10/site-packages:${PYTHONPATH} /usr/bin/python3 -W ignore:setup.py install is deprecated -W ignore:easy_install command is deprecated setup.py egg_info --egg-base ../../build/navibot_description build --build-base /home/ismail/ros2_ws/build/navibot_description/build install --record /home/ismail/ros2_ws/build/navibot_description/install.log --single-version-externally-managed install_data
[1.302s] running egg_info
[1.303s] writing ../../build/navibot_description/navibot_description.egg-info/PKG-INFO
[1.306s] writing dependency_links to ../../build/navibot_description/navibot_description.egg-info/dependency_links.txt
[1.306s] writing entry points to ../../build/navibot_description/navibot_description.egg-info/entry_points.txt
[1.306s] writing requirements to ../../build/navibot_description/navibot_description.egg-info/requires.txt
[1.307s] writing top-level names to ../../build/navibot_description/navibot_description.egg-info/top_level.txt
[1.310s] reading manifest file '../../build/navibot_description/navibot_description.egg-info/SOURCES.txt'
[1.312s] writing manifest file '../../build/navibot_description/navibot_description.egg-info/SOURCES.txt'
[1.312s] running build
[1.313s] running build_py
[1.313s] running install
[1.314s] running install_lib
[1.316s] running install_data
[1.317s] copying launch/gazebo.launch.py -> /home/ismail/ros2_ws/install/navibot_description/share/navibot_description/launch
[1.317s] copying launch/nav2.launch.py -> /home/ismail/ros2_ws/install/navibot_description/share/navibot_description/launch
[1.318s] copying urdf/navibot.urdf.xacro -> /home/ismail/ros2_ws/install/navibot_description/share/navibot_description/urdf
[1.318s] copying config/nav2_params.yaml -> /home/ismail/ros2_ws/install/navibot_description/share/navibot_description/config
[1.318s] running install_egg_info
[1.321s] removing '/home/ismail/ros2_ws/install/navibot_description/lib/python3.10/site-packages/navibot_description-0.0.0-py3.10.egg-info' (and everything under it)
[1.321s] Copying ../../build/navibot_description/navibot_description.egg-info to /home/ismail/ros2_ws/install/navibot_description/lib/python3.10/site-packages/navibot_description-0.0.0-py3.10.egg-info
[1.323s] running install_scripts
[1.354s] writing list of installed files to '/home/ismail/ros2_ws/build/navibot_description/install.log'
[1.389s] Invoked command in '/home/ismail/ros2_ws/src/navibot_description' returned '0': PYTHONPATH=/home/ismail/ros2_ws/build/navibot_description/prefix_override:/usr/lib/python3/dist-packages/colcon_core/task/python/colcon_distutils_commands:/home/ismail/ros2_ws/install/navibot_description/lib/python3.10/site-packages:${PYTHONPATH} /usr/bin/python3 -W ignore:setup.py install is deprecated -W ignore:easy_install command is deprecated setup.py egg_info --egg-base ../../build/navibot_description build --build-base /home/ismail/ros2_ws/build/navibot_description/build install --record /home/ismail/ros2_ws/build/navibot_description/install.log --single-version-externally-managed install_data
