[0.291s] Invoking command in '/home/ismail/ros2_ws/build/my_robot_navigation': /usr/bin/cmake /home/ismail/ros2_ws/src/my_robot_navigation -DCMAKE_INSTALL_PREFIX=/home/ismail/ros2_ws/install/my_robot_navigation
[0.303s] -- Found ament_cmake: 1.3.13 (/opt/ros/humble/share/ament_cmake/cmake)
[0.498s] Error parsing '/home/ismail/ros2_ws/src/my_robot_navigation/package.xml':
[0.561s] Traceback (most recent call last):
[0.561s]   File "/opt/ros/humble/share/ament_cmake_core/cmake/core/package_xml_2_cmake.py", line 150, in <module>
[0.561s]     main()
[0.561s]   File "/opt/ros/humble/share/ament_cmake_core/cmake/core/package_xml_2_cmake.py", line 53, in main
[0.561s]     raise e
[0.561s]   File "/opt/ros/humble/share/ament_cmake_core/cmake/core/package_xml_2_cmake.py", line 49, in main
[0.562s]     package = parse_package_string(
[0.562s]   File "/usr/lib/python3/dist-packages/catkin_pkg/package.py", line 630, in parse_package_string
[0.562s]     pkg.name = _get_node_value(_get_node(root, 'name', filename))
[0.562s]   File "/usr/lib/python3/dist-packages/catkin_pkg/package.py", line 800, in _get_node
[0.562s]     raise InvalidPackage('The manifest must contain exactly one "%s" tag' % tagname, filename)
[0.562s] catkin_pkg.package.InvalidPackage: Error(s) in package '/home/ismail/ros2_ws/src/my_robot_navigation/package.xml':
[0.562s] The manifest must contain exactly one "name" tag
[0.607s] [31mCMake Error at /opt/ros/humble/share/ament_cmake_core/cmake/core/ament_package_xml.cmake:95 (message):
[0.607s]   execute_process(/usr/bin/python3
[0.607s]   /opt/ros/humble/share/ament_cmake_core/cmake/core/package_xml_2_cmake.py
[0.607s]   /home/ismail/ros2_ws/src/my_robot_navigation/package.xml
[0.607s]   /home/ismail/ros2_ws/build/my_robot_navigation/ament_cmake_core/package.cmake)
[0.608s]   returned error code 1
[0.608s] Call Stack (most recent call first):
[0.608s]   /opt/ros/humble/share/ament_cmake_core/cmake/core/ament_package_xml.cmake:49 (_ament_package_xml)
[0.608s]   /opt/ros/humble/share/ament_cmake_core/cmake/core/ament_package.cmake:63 (ament_package_xml)
[0.608s]   CMakeLists.txt:11 (ament_package)
[0.609s] 
[0.609s] [0m
[0.609s] -- Configuring incomplete, errors occurred!
[0.609s] See also "/home/ismail/ros2_ws/build/my_robot_navigation/CMakeFiles/CMakeOutput.log".
[0.632s] Invoked command in '/home/ismail/ros2_ws/build/my_robot_navigation' returned '1': /usr/bin/cmake /home/ismail/ros2_ws/src/my_robot_navigation -DCMAKE_INSTALL_PREFIX=/home/ismail/ros2_ws/install/my_robot_navigation
