[0.622s] Invoking command in '/home/ismail/ros2_ws/build/navibot_description': PYTHONPATH=/home/ismail/ros2_ws/build/navibot_description/prefix_override:/usr/lib/python3/dist-packages/colcon_core/task/python/colcon_distutils_commands:/home/ismail/ros2_ws/install/navibot_description/lib/python3.10/site-packages:${PYTHONPATH} /usr/bin/python3 -W ignore:setup.py install is deprecated -W ignore:easy_install command is deprecated setup.py develop --editable --build-directory /home/ismail/ros2_ws/build/navibot_description/build --no-deps symlink_data --force
[0.870s] running develop
[1.016s] running egg_info
[1.016s] writing navibot_description.egg-info/PKG-INFO
[1.017s] writing dependency_links to navibot_description.egg-info/dependency_links.txt
[1.017s] writing entry points to navibot_description.egg-info/entry_points.txt
[1.017s] writing requirements to navibot_description.egg-info/requires.txt
[1.017s] writing top-level names to navibot_description.egg-info/top_level.txt
[1.018s] reading manifest file 'navibot_description.egg-info/SOURCES.txt'
[1.019s] writing manifest file 'navibot_description.egg-info/SOURCES.txt'
[1.020s] running build_ext
[1.020s] Creating /home/ismail/ros2_ws/install/navibot_description/lib/python3.10/site-packages/navibot-description.egg-link (link to .)
[1.021s] 
[1.021s] Installed /home/ismail/ros2_ws/build/navibot_description
[1.021s] running symlink_data
[1.022s] symbolically linking /home/ismail/ros2_ws/build/navibot_description/resource/navibot_description -> /home/ismail/ros2_ws/install/navibot_description/share/ament_index/resource_index/packages
[1.022s] symbolically linking /home/ismail/ros2_ws/build/navibot_description/package.xml -> /home/ismail/ros2_ws/install/navibot_description/share/navibot_description
[1.022s] symbolically linking /home/ismail/ros2_ws/build/navibot_description/worlds/lidar_world.sdf -> /home/ismail/ros2_ws/install/navibot_description/share/navibot_description/worlds
[1.022s] symbolically linking /home/ismail/ros2_ws/build/navibot_description/launch/full_navigation.launch.py -> /home/ismail/ros2_ws/install/navibot_description/share/navibot_description/launch
[1.022s] symbolically linking /home/ismail/ros2_ws/build/navibot_description/launch/gazebo.launch.py -> /home/ismail/ros2_ws/install/navibot_description/share/navibot_description/launch
[1.022s] symbolically linking /home/ismail/ros2_ws/build/navibot_description/urdf/navibot.urdf.xacro -> /home/ismail/ros2_ws/install/navibot_description/share/navibot_description/urdf
[1.022s] symbolically linking /home/ismail/ros2_ws/build/navibot_description/config/controllers.yaml -> /home/ismail/ros2_ws/install/navibot_description/share/navibot_description/config
[1.058s] Invoked command in '/home/ismail/ros2_ws/build/navibot_description' returned '0': PYTHONPATH=/home/ismail/ros2_ws/build/navibot_description/prefix_override:/usr/lib/python3/dist-packages/colcon_core/task/python/colcon_distutils_commands:/home/ismail/ros2_ws/install/navibot_description/lib/python3.10/site-packages:${PYTHONPATH} /usr/bin/python3 -W ignore:setup.py install is deprecated -W ignore:easy_install command is deprecated setup.py develop --editable --build-directory /home/ismail/ros2_ws/build/navibot_description/build --no-deps symlink_data --force
