[2.465s] Invoking command in '/home/ismail/ros2_ws/src/navibot_description': PYTHONPATH=/home/ismail/ros2_ws/build/navibot_description/prefix_override:/usr/lib/python3/dist-packages/colcon_core/task/python/colcon_distutils_commands:/home/ismail/ros2_ws/install/navibot_description/lib/python3.10/site-packages:${PYTHONPATH} /usr/bin/python3 -W ignore:setup.py install is deprecated -W ignore:easy_install command is deprecated setup.py egg_info --egg-base ../../build/navibot_description build --build-base /home/ismail/ros2_ws/build/navibot_description/build install --record /home/ismail/ros2_ws/build/navibot_description/install.log --single-version-externally-managed install_data
[3.269s] running egg_info
[3.272s] writing ../../build/navibot_description/navibot_description.egg-info/PKG-INFO
[3.273s] writing dependency_links to ../../build/navibot_description/navibot_description.egg-info/dependency_links.txt
[3.273s] writing entry points to ../../build/navibot_description/navibot_description.egg-info/entry_points.txt
[3.274s] writing requirements to ../../build/navibot_description/navibot_description.egg-info/requires.txt
[3.274s] writing top-level names to ../../build/navibot_description/navibot_description.egg-info/top_level.txt
[3.279s] reading manifest file '../../build/navibot_description/navibot_description.egg-info/SOURCES.txt'
[3.282s] writing manifest file '../../build/navibot_description/navibot_description.egg-info/SOURCES.txt'
[3.283s] running build
[3.283s] running build_py
[3.283s] running install
[3.284s] running install_lib
[3.288s] running install_data
[3.288s] copying urdf/navibot.urdf.xacro -> /home/ismail/ros2_ws/install/navibot_description/share/navibot_description/urdf
[3.289s] running install_egg_info
[3.295s] removing '/home/ismail/ros2_ws/install/navibot_description/lib/python3.10/site-packages/navibot_description-0.0.0-py3.10.egg-info' (and everything under it)
[3.296s] Copying ../../build/navibot_description/navibot_description.egg-info to /home/ismail/ros2_ws/install/navibot_description/lib/python3.10/site-packages/navibot_description-0.0.0-py3.10.egg-info
[3.298s] running install_scripts
[3.371s] writing list of installed files to '/home/ismail/ros2_ws/build/navibot_description/install.log'
[3.446s] Invoked command in '/home/ismail/ros2_ws/src/navibot_description' returned '0': PYTHONPATH=/home/ismail/ros2_ws/build/navibot_description/prefix_override:/usr/lib/python3/dist-packages/colcon_core/task/python/colcon_distutils_commands:/home/ismail/ros2_ws/install/navibot_description/lib/python3.10/site-packages:${PYTHONPATH} /usr/bin/python3 -W ignore:setup.py install is deprecated -W ignore:easy_install command is deprecated setup.py egg_info --egg-base ../../build/navibot_description build --build-base /home/ismail/ros2_ws/build/navibot_description/build install --record /home/ismail/ros2_ws/build/navibot_description/install.log --single-version-externally-managed install_data
