running develop
running egg_info
creating navibot_description.egg-info
writing navibot_description.egg-info/PKG-INFO
writing dependency_links to navibot_description.egg-info/dependency_links.txt
writing entry points to navibot_description.egg-info/entry_points.txt
writing requirements to navibot_description.egg-info/requires.txt
writing top-level names to navibot_description.egg-info/top_level.txt
writing manifest file 'navibot_description.egg-info/SOURCES.txt'
reading manifest file 'navibot_description.egg-info/SOURCES.txt'
writing manifest file 'navibot_description.egg-info/SOURCES.txt'
running build_ext
Creating /home/ismail/ros2_ws/src/navibot_description/install/navibot_description/lib/python3.10/site-packages/navibot-description.egg-link (link to .)

Installed /home/ismail/ros2_ws/src/navibot_description/build/navibot_description
running symlink_data
creating /home/ismail/ros2_ws/src/navibot_description/install/navibot_description/share/ament_index
creating /home/ismail/ros2_ws/src/navibot_description/install/navibot_description/share/ament_index/resource_index
creating /home/ismail/ros2_ws/src/navibot_description/install/navibot_description/share/ament_index/resource_index/packages
symbolically linking /home/ismail/ros2_ws/src/navibot_description/build/navibot_description/resource/navibot_description -> /home/ismail/ros2_ws/src/navibot_description/install/navibot_description/share/ament_index/resource_index/packages
symbolically linking /home/ismail/ros2_ws/src/navibot_description/build/navibot_description/package.xml -> /home/ismail/ros2_ws/src/navibot_description/install/navibot_description/share/navibot_description
creating /home/ismail/ros2_ws/src/navibot_description/install/navibot_description/share/navibot_description/worlds
symbolically linking /home/ismail/ros2_ws/src/navibot_description/build/navibot_description/worlds/lidar_world.sdf -> /home/ismail/ros2_ws/src/navibot_description/install/navibot_description/share/navibot_description/worlds
creating /home/ismail/ros2_ws/src/navibot_description/install/navibot_description/share/navibot_description/launch
symbolically linking /home/ismail/ros2_ws/src/navibot_description/build/navibot_description/launch/full_navigation.launch.py -> /home/ismail/ros2_ws/src/navibot_description/install/navibot_description/share/navibot_description/launch
symbolically linking /home/ismail/ros2_ws/src/navibot_description/build/navibot_description/launch/gazebo.launch.py -> /home/ismail/ros2_ws/src/navibot_description/install/navibot_description/share/navibot_description/launch
creating /home/ismail/ros2_ws/src/navibot_description/install/navibot_description/share/navibot_description/urdf
symbolically linking /home/ismail/ros2_ws/src/navibot_description/build/navibot_description/urdf/navibot.urdf.xacro -> /home/ismail/ros2_ws/src/navibot_description/install/navibot_description/share/navibot_description/urdf
creating /home/ismail/ros2_ws/src/navibot_description/install/navibot_description/share/navibot_description/config
symbolically linking /home/ismail/ros2_ws/src/navibot_description/build/navibot_description/config/controllers.yaml -> /home/ismail/ros2_ws/src/navibot_description/install/navibot_description/share/navibot_description/config
