[0.581s] Invoking command in '/home/ismail/ros2_ws/src/navibot_description/build/navibot_description': PYTHONPATH=/home/ismail/ros2_ws/src/navibot_description/build/navibot_description/prefix_override:/usr/lib/python3/dist-packages/colcon_core/task/python/colcon_distutils_commands:/home/ismail/ros2_ws/src/navibot_description/install/navibot_description/lib/python3.10/site-packages:${PYTHONPATH} /usr/bin/python3 -W ignore:setup.py install is deprecated -W ignore:easy_install command is deprecated setup.py develop --editable --build-directory /home/ismail/ros2_ws/src/navibot_description/build/navibot_description/build --no-deps symlink_data
[0.820s] running develop
[0.965s] running egg_info
[0.965s] creating navibot_description.egg-info
[0.965s] writing navibot_description.egg-info/PKG-INFO
[0.965s] writing dependency_links to navibot_description.egg-info/dependency_links.txt
[0.965s] writing entry points to navibot_description.egg-info/entry_points.txt
[0.966s] writing requirements to navibot_description.egg-info/requires.txt
[0.966s] writing top-level names to navibot_description.egg-info/top_level.txt
[0.966s] writing manifest file 'navibot_description.egg-info/SOURCES.txt'
[0.968s] reading manifest file 'navibot_description.egg-info/SOURCES.txt'
[0.968s] writing manifest file 'navibot_description.egg-info/SOURCES.txt'
[0.970s] running build_ext
[0.970s] Creating /home/ismail/ros2_ws/src/navibot_description/install/navibot_description/lib/python3.10/site-packages/navibot-description.egg-link (link to .)
[0.971s] 
[0.971s] Installed /home/ismail/ros2_ws/src/navibot_description/build/navibot_description
[0.971s] running symlink_data
[0.971s] creating /home/ismail/ros2_ws/src/navibot_description/install/navibot_description/share/ament_index
[0.971s] creating /home/ismail/ros2_ws/src/navibot_description/install/navibot_description/share/ament_index/resource_index
[0.971s] creating /home/ismail/ros2_ws/src/navibot_description/install/navibot_description/share/ament_index/resource_index/packages
[0.972s] symbolically linking /home/ismail/ros2_ws/src/navibot_description/build/navibot_description/resource/navibot_description -> /home/ismail/ros2_ws/src/navibot_description/install/navibot_description/share/ament_index/resource_index/packages
[0.972s] symbolically linking /home/ismail/ros2_ws/src/navibot_description/build/navibot_description/package.xml -> /home/ismail/ros2_ws/src/navibot_description/install/navibot_description/share/navibot_description
[0.972s] creating /home/ismail/ros2_ws/src/navibot_description/install/navibot_description/share/navibot_description/worlds
[0.972s] symbolically linking /home/ismail/ros2_ws/src/navibot_description/build/navibot_description/worlds/lidar_world.sdf -> /home/ismail/ros2_ws/src/navibot_description/install/navibot_description/share/navibot_description/worlds
[0.972s] creating /home/ismail/ros2_ws/src/navibot_description/install/navibot_description/share/navibot_description/launch
[0.972s] symbolically linking /home/ismail/ros2_ws/src/navibot_description/build/navibot_description/launch/full_navigation.launch.py -> /home/ismail/ros2_ws/src/navibot_description/install/navibot_description/share/navibot_description/launch
[0.972s] symbolically linking /home/ismail/ros2_ws/src/navibot_description/build/navibot_description/launch/gazebo.launch.py -> /home/ismail/ros2_ws/src/navibot_description/install/navibot_description/share/navibot_description/launch
[0.972s] creating /home/ismail/ros2_ws/src/navibot_description/install/navibot_description/share/navibot_description/urdf
[0.972s] symbolically linking /home/ismail/ros2_ws/src/navibot_description/build/navibot_description/urdf/navibot.urdf.xacro -> /home/ismail/ros2_ws/src/navibot_description/install/navibot_description/share/navibot_description/urdf
[0.972s] creating /home/ismail/ros2_ws/src/navibot_description/install/navibot_description/share/navibot_description/config
[0.972s] symbolically linking /home/ismail/ros2_ws/src/navibot_description/build/navibot_description/config/controllers.yaml -> /home/ismail/ros2_ws/src/navibot_description/install/navibot_description/share/navibot_description/config
[1.002s] Invoked command in '/home/ismail/ros2_ws/src/navibot_description/build/navibot_description' returned '0': PYTHONPATH=/home/ismail/ros2_ws/src/navibot_description/build/navibot_description/prefix_override:/usr/lib/python3/dist-packages/colcon_core/task/python/colcon_distutils_commands:/home/ismail/ros2_ws/src/navibot_description/install/navibot_description/lib/python3.10/site-packages:${PYTHONPATH} /usr/bin/python3 -W ignore:setup.py install is deprecated -W ignore:easy_install command is deprecated setup.py develop --editable --build-directory /home/ismail/ros2_ws/src/navibot_description/build/navibot_description/build --no-deps symlink_data
