[0.501s] DEBUG:colcon:Command line arguments: ['/usr/bin/colcon', 'build', '--packages-select', 'navibot_description']
[0.501s] DEBUG:colcon:Parsed command line arguments: Namespace(log_base=None, log_level=None, verb_name='build', build_base='build', install_base='install', merge_install=False, symlink_install=False, test_result_base=None, continue_on_error=False, executor='parallel', parallel_workers=8, event_handlers=None, ignore_user_meta=False, metas=['./colcon.meta'], base_paths=['.'], packages_ignore=None, packages_ignore_regex=None, paths=None, packages_up_to=None, packages_up_to_regex=None, packages_above=None, packages_above_and_dependencies=None, packages_above_depth=None, packages_select_by_dep=None, packages_skip_by_dep=None, packages_skip_up_to=None, packages_select_build_failed=False, packages_skip_build_finished=False, packages_select_test_failures=False, packages_skip_test_passed=False, packages_select=['navibot_description'], packages_skip=None, packages_select_regex=None, packages_skip_regex=None, packages_start=None, packages_end=None, allow_overriding=[], cmake_args=None, cmake_target=None, cmake_target_skip_unavailable=False, cmake_clean_cache=False, cmake_clean_first=False, cmake_force_configure=False, ament_cmake_args=None, catkin_cmake_args=None, catkin_skip_building_tests=False, verb_parser=<colcon_defaults.argument_parser.defaults.DefaultArgumentsDecorator object at 0x7fe63c44c6d0>, verb_extension=<colcon_core.verb.build.BuildVerb object at 0x7fe63c44c190>, main=<bound method BuildVerb.main of <colcon_core.verb.build.BuildVerb object at 0x7fe63c44c190>>)
[1.272s] Level 1:colcon.colcon_core.package_discovery:discover_packages(colcon_meta) check parameters
[1.273s] Level 1:colcon.colcon_core.package_discovery:discover_packages(recursive) check parameters
[1.273s] Level 1:colcon.colcon_core.package_discovery:discover_packages(ignore) check parameters
[1.273s] Level 1:colcon.colcon_core.package_discovery:discover_packages(path) check parameters
[1.273s] Level 1:colcon.colcon_core.package_discovery:discover_packages(colcon_meta) discover
[1.274s] Level 1:colcon.colcon_core.package_discovery:discover_packages(recursive) discover
[1.274s] INFO:colcon.colcon_core.package_discovery:Crawling recursively for packages in '/home/ismail/ros2_ws'
[1.274s] Level 1:colcon.colcon_core.package_identification:_identify(.) by extensions ['ignore', 'ignore_ament_install']
[1.275s] Level 1:colcon.colcon_core.package_identification:_identify(.) by extension 'ignore'
[1.275s] Level 1:colcon.colcon_core.package_identification:_identify(.) by extension 'ignore_ament_install'
[1.275s] Level 1:colcon.colcon_core.package_identification:_identify(.) by extensions ['colcon_pkg']
[1.275s] Level 1:colcon.colcon_core.package_identification:_identify(.) by extension 'colcon_pkg'
[1.275s] Level 1:colcon.colcon_core.package_identification:_identify(.) by extensions ['colcon_meta']
[1.276s] Level 1:colcon.colcon_core.package_identification:_identify(.) by extension 'colcon_meta'
[1.276s] Level 1:colcon.colcon_core.package_identification:_identify(.) by extensions ['ros']
[1.276s] Level 1:colcon.colcon_core.package_identification:_identify(.) by extension 'ros'
[1.325s] Level 1:colcon.colcon_core.package_identification:_identify(.) by extensions ['cmake', 'python']
[1.325s] Level 1:colcon.colcon_core.package_identification:_identify(.) by extension 'cmake'
[1.325s] Level 1:colcon.colcon_core.package_identification:_identify(.) by extension 'python'
[1.325s] Level 1:colcon.colcon_core.package_identification:_identify(.) by extensions ['python_setup_py']
[1.326s] Level 1:colcon.colcon_core.package_identification:_identify(.) by extension 'python_setup_py'
[1.326s] Level 1:colcon.colcon_core.package_identification:_identify(build) by extensions ['ignore', 'ignore_ament_install']
[1.326s] Level 1:colcon.colcon_core.package_identification:_identify(build) by extension 'ignore'
[1.327s] Level 1:colcon.colcon_core.package_identification:_identify(build) ignored
[1.327s] Level 1:colcon.colcon_core.package_identification:_identify(install) by extensions ['ignore', 'ignore_ament_install']
[1.328s] Level 1:colcon.colcon_core.package_identification:_identify(install) by extension 'ignore'
[1.328s] Level 1:colcon.colcon_core.package_identification:_identify(install) ignored
[1.329s] Level 1:colcon.colcon_core.package_identification:_identify(log) by extensions ['ignore', 'ignore_ament_install']
[1.329s] Level 1:colcon.colcon_core.package_identification:_identify(log) by extension 'ignore'
[1.329s] Level 1:colcon.colcon_core.package_identification:_identify(log) ignored
[1.330s] Level 1:colcon.colcon_core.package_identification:_identify(src) by extensions ['ignore', 'ignore_ament_install']
[1.330s] Level 1:colcon.colcon_core.package_identification:_identify(src) by extension 'ignore'
[1.330s] Level 1:colcon.colcon_core.package_identification:_identify(src) by extension 'ignore_ament_install'
[1.331s] Level 1:colcon.colcon_core.package_identification:_identify(src) by extensions ['colcon_pkg']
[1.331s] Level 1:colcon.colcon_core.package_identification:_identify(src) by extension 'colcon_pkg'
[1.331s] Level 1:colcon.colcon_core.package_identification:_identify(src) by extensions ['colcon_meta']
[1.331s] Level 1:colcon.colcon_core.package_identification:_identify(src) by extension 'colcon_meta'
[1.331s] Level 1:colcon.colcon_core.package_identification:_identify(src) by extensions ['ros']
[1.331s] Level 1:colcon.colcon_core.package_identification:_identify(src) by extension 'ros'
[1.332s] Level 1:colcon.colcon_core.package_identification:_identify(src) by extensions ['cmake', 'python']
[1.332s] Level 1:colcon.colcon_core.package_identification:_identify(src) by extension 'cmake'
[1.332s] Level 1:colcon.colcon_core.package_identification:_identify(src) by extension 'python'
[1.332s] Level 1:colcon.colcon_core.package_identification:_identify(src) by extensions ['python_setup_py']
[1.332s] Level 1:colcon.colcon_core.package_identification:_identify(src) by extension 'python_setup_py'
[1.333s] Level 1:colcon.colcon_core.package_identification:_identify(src/aws-robomaker-hospital-world) by extensions ['ignore', 'ignore_ament_install']
[1.333s] Level 1:colcon.colcon_core.package_identification:_identify(src/aws-robomaker-hospital-world) by extension 'ignore'
[1.333s] Level 1:colcon.colcon_core.package_identification:_identify(src/aws-robomaker-hospital-world) by extension 'ignore_ament_install'
[1.334s] Level 1:colcon.colcon_core.package_identification:_identify(src/aws-robomaker-hospital-world) by extensions ['colcon_pkg']
[1.334s] Level 1:colcon.colcon_core.package_identification:_identify(src/aws-robomaker-hospital-world) by extension 'colcon_pkg'
[1.334s] Level 1:colcon.colcon_core.package_identification:_identify(src/aws-robomaker-hospital-world) by extensions ['colcon_meta']
[1.334s] Level 1:colcon.colcon_core.package_identification:_identify(src/aws-robomaker-hospital-world) by extension 'colcon_meta'
[1.334s] Level 1:colcon.colcon_core.package_identification:_identify(src/aws-robomaker-hospital-world) by extensions ['ros']
[1.335s] Level 1:colcon.colcon_core.package_identification:_identify(src/aws-robomaker-hospital-world) by extension 'ros'
[1.345s] DEBUG:colcon.colcon_core.package_identification:Package 'src/aws-robomaker-hospital-world' with type 'ros.catkin' and name 'aws_robomaker_hospital_world'
[1.345s] Level 1:colcon.colcon_core.package_identification:_identify(src/build) by extensions ['ignore', 'ignore_ament_install']
[1.346s] Level 1:colcon.colcon_core.package_identification:_identify(src/build) by extension 'ignore'
[1.346s] Level 1:colcon.colcon_core.package_identification:_identify(src/build) ignored
[1.346s] Level 1:colcon.colcon_core.package_identification:_identify(src/install) by extensions ['ignore', 'ignore_ament_install']
[1.347s] Level 1:colcon.colcon_core.package_identification:_identify(src/install) by extension 'ignore'
[1.347s] Level 1:colcon.colcon_core.package_identification:_identify(src/install) ignored
[1.347s] Level 1:colcon.colcon_core.package_identification:_identify(src/log) by extensions ['ignore', 'ignore_ament_install']
[1.348s] Level 1:colcon.colcon_core.package_identification:_identify(src/log) by extension 'ignore'
[1.348s] Level 1:colcon.colcon_core.package_identification:_identify(src/log) ignored
[1.349s] Level 1:colcon.colcon_core.package_identification:_identify(src/navibot_description) by extensions ['ignore', 'ignore_ament_install']
[1.349s] Level 1:colcon.colcon_core.package_identification:_identify(src/navibot_description) by extension 'ignore'
[1.349s] Level 1:colcon.colcon_core.package_identification:_identify(src/navibot_description) by extension 'ignore_ament_install'
[1.349s] Level 1:colcon.colcon_core.package_identification:_identify(src/navibot_description) by extensions ['colcon_pkg']
[1.350s] Level 1:colcon.colcon_core.package_identification:_identify(src/navibot_description) by extension 'colcon_pkg'
[1.350s] Level 1:colcon.colcon_core.package_identification:_identify(src/navibot_description) by extensions ['colcon_meta']
[1.350s] Level 1:colcon.colcon_core.package_identification:_identify(src/navibot_description) by extension 'colcon_meta'
[1.350s] Level 1:colcon.colcon_core.package_identification:_identify(src/navibot_description) by extensions ['ros']
[1.350s] Level 1:colcon.colcon_core.package_identification:_identify(src/navibot_description) by extension 'ros'
[1.354s] DEBUG:colcon.colcon_core.package_identification:Package 'src/navibot_description' with type 'ros.ament_python' and name 'navibot_description'
[1.354s] Level 1:colcon.colcon_core.package_discovery:discover_packages(recursive) using defaults
[1.354s] Level 1:colcon.colcon_core.package_discovery:discover_packages(ignore) discover
[1.354s] Level 1:colcon.colcon_core.package_discovery:discover_packages(ignore) using defaults
[1.354s] Level 1:colcon.colcon_core.package_discovery:discover_packages(path) discover
[1.354s] Level 1:colcon.colcon_core.package_discovery:discover_packages(path) using defaults
[1.446s] INFO:colcon.colcon_core.package_selection:Skipping not selected package 'aws_robomaker_hospital_world' in 'src/aws-robomaker-hospital-world'
[1.448s] Level 1:colcon.colcon_core.package_discovery:discover_packages(prefix_path) check parameters
[1.448s] Level 1:colcon.colcon_core.package_discovery:discover_packages(prefix_path) discover
[1.456s] DEBUG:colcon.colcon_installed_package_information.package_discovery:Found 2 installed packages in /home/ismail/ros2_ws/install
[1.458s] DEBUG:colcon.colcon_installed_package_information.package_discovery:Found 1 installed packages in /home/ismail/ros2_ws/src/navibot_description/install
[1.465s] DEBUG:colcon.colcon_installed_package_information.package_discovery:Found 395 installed packages in /opt/ros/humble
[1.506s] Level 1:colcon.colcon_core.package_discovery:discover_packages(prefix_path) using defaults
[1.726s] Level 5:colcon.colcon_core.verb:set package 'navibot_description' build argument 'cmake_args' from command line to 'None'
[1.727s] Level 5:colcon.colcon_core.verb:set package 'navibot_description' build argument 'cmake_target' from command line to 'None'
[1.727s] Level 5:colcon.colcon_core.verb:set package 'navibot_description' build argument 'cmake_target_skip_unavailable' from command line to 'False'
[1.727s] Level 5:colcon.colcon_core.verb:set package 'navibot_description' build argument 'cmake_clean_cache' from command line to 'False'
[1.727s] Level 5:colcon.colcon_core.verb:set package 'navibot_description' build argument 'cmake_clean_first' from command line to 'False'
[1.727s] Level 5:colcon.colcon_core.verb:set package 'navibot_description' build argument 'cmake_force_configure' from command line to 'False'
[1.727s] Level 5:colcon.colcon_core.verb:set package 'navibot_description' build argument 'ament_cmake_args' from command line to 'None'
[1.728s] Level 5:colcon.colcon_core.verb:set package 'navibot_description' build argument 'catkin_cmake_args' from command line to 'None'
[1.728s] Level 5:colcon.colcon_core.verb:set package 'navibot_description' build argument 'catkin_skip_building_tests' from command line to 'False'
[1.728s] DEBUG:colcon.colcon_core.verb:Building package 'navibot_description' with the following arguments: {'ament_cmake_args': None, 'build_base': '/home/ismail/ros2_ws/build/navibot_description', 'catkin_cmake_args': None, 'catkin_skip_building_tests': False, 'cmake_args': None, 'cmake_clean_cache': False, 'cmake_clean_first': False, 'cmake_force_configure': False, 'cmake_target': None, 'cmake_target_skip_unavailable': False, 'install_base': '/home/ismail/ros2_ws/install/navibot_description', 'merge_install': False, 'path': '/home/ismail/ros2_ws/src/navibot_description', 'symlink_install': False, 'test_result_base': None}
[1.728s] INFO:colcon.colcon_core.executor:Executing jobs using 'parallel' executor
[1.732s] DEBUG:colcon.colcon_parallel_executor.executor.parallel:run_until_complete
[1.733s] INFO:colcon.colcon_ros.task.ament_python.build:Building ROS package in '/home/ismail/ros2_ws/src/navibot_description' with build type 'ament_python'
[1.734s] Level 1:colcon.colcon_core.shell:create_environment_hook('navibot_description', 'ament_prefix_path')
[1.742s] INFO:colcon.colcon_core.plugin_system:Skipping extension 'colcon_core.shell.bat': Not used on non-Windows systems
[1.743s] INFO:colcon.colcon_core.shell:Creating environment hook '/home/ismail/ros2_ws/install/navibot_description/share/navibot_description/hook/ament_prefix_path.ps1'
[1.746s] INFO:colcon.colcon_core.shell:Creating environment descriptor '/home/ismail/ros2_ws/install/navibot_description/share/navibot_description/hook/ament_prefix_path.dsv'
[1.748s] INFO:colcon.colcon_core.shell:Creating environment hook '/home/ismail/ros2_ws/install/navibot_description/share/navibot_description/hook/ament_prefix_path.sh'
[1.752s] INFO:colcon.colcon_core.shell:Skip shell extension 'powershell' for command environment: Not usable outside of PowerShell
[1.752s] DEBUG:colcon.colcon_core.shell:Skip shell extension 'dsv' for command environment
[2.885s] INFO:colcon.colcon_core.task.python.build:Building Python package in '/home/ismail/ros2_ws/src/navibot_description'
[2.886s] INFO:colcon.colcon_core.shell:Skip shell extension 'powershell' for command environment: Not usable outside of PowerShell
[2.886s] DEBUG:colcon.colcon_core.shell:Skip shell extension 'dsv' for command environment
[4.239s] DEBUG:colcon.colcon_core.event_handler.log_command:Invoking command in '/home/ismail/ros2_ws/src/navibot_description': PYTHONPATH=/home/ismail/ros2_ws/build/navibot_description/prefix_override:/usr/lib/python3/dist-packages/colcon_core/task/python/colcon_distutils_commands:/home/ismail/ros2_ws/install/navibot_description/lib/python3.10/site-packages:${PYTHONPATH} /usr/bin/python3 -W ignore:setup.py install is deprecated -W ignore:easy_install command is deprecated setup.py egg_info --egg-base ../../build/navibot_description build --build-base /home/ismail/ros2_ws/build/navibot_description/build install --record /home/ismail/ros2_ws/build/navibot_description/install.log --single-version-externally-managed install_data
[5.240s] DEBUG:colcon.colcon_core.event_handler.log_command:Invoked command in '/home/ismail/ros2_ws/src/navibot_description' returned '0': PYTHONPATH=/home/ismail/ros2_ws/build/navibot_description/prefix_override:/usr/lib/python3/dist-packages/colcon_core/task/python/colcon_distutils_commands:/home/ismail/ros2_ws/install/navibot_description/lib/python3.10/site-packages:${PYTHONPATH} /usr/bin/python3 -W ignore:setup.py install is deprecated -W ignore:easy_install command is deprecated setup.py egg_info --egg-base ../../build/navibot_description build --build-base /home/ismail/ros2_ws/build/navibot_description/build install --record /home/ismail/ros2_ws/build/navibot_description/install.log --single-version-externally-managed install_data
[5.248s] Level 1:colcon.colcon_core.environment:checking '/home/ismail/ros2_ws/install/navibot_description' for CMake module files
[5.249s] Level 1:colcon.colcon_core.environment:checking '/home/ismail/ros2_ws/install/navibot_description' for CMake config files
[5.252s] Level 1:colcon.colcon_core.environment:checking '/home/ismail/ros2_ws/install/navibot_description/lib'
[5.253s] Level 1:colcon.colcon_core.environment:checking '/home/ismail/ros2_ws/install/navibot_description/bin'
[5.253s] Level 1:colcon.colcon_core.environment:checking '/home/ismail/ros2_ws/install/navibot_description/lib/pkgconfig/navibot_description.pc'
[5.254s] Level 1:colcon.colcon_core.environment:checking '/home/ismail/ros2_ws/install/navibot_description/lib/python3.10/site-packages'
[5.254s] Level 1:colcon.colcon_core.shell:create_environment_hook('navibot_description', 'pythonpath')
[5.255s] INFO:colcon.colcon_core.shell:Creating environment hook '/home/ismail/ros2_ws/install/navibot_description/share/navibot_description/hook/pythonpath.ps1'
[5.257s] INFO:colcon.colcon_core.shell:Creating environment descriptor '/home/ismail/ros2_ws/install/navibot_description/share/navibot_description/hook/pythonpath.dsv'
[5.258s] INFO:colcon.colcon_core.shell:Creating environment hook '/home/ismail/ros2_ws/install/navibot_description/share/navibot_description/hook/pythonpath.sh'
[5.260s] Level 1:colcon.colcon_core.environment:checking '/home/ismail/ros2_ws/install/navibot_description/bin'
[5.260s] Level 1:colcon.colcon_core.environment:create_environment_scripts_only(navibot_description)
[5.262s] INFO:colcon.colcon_core.shell:Creating package script '/home/ismail/ros2_ws/install/navibot_description/share/navibot_description/package.ps1'
[5.264s] INFO:colcon.colcon_core.shell:Creating package descriptor '/home/ismail/ros2_ws/install/navibot_description/share/navibot_description/package.dsv'
[5.266s] INFO:colcon.colcon_core.shell:Creating package script '/home/ismail/ros2_ws/install/navibot_description/share/navibot_description/package.sh'
[5.269s] INFO:colcon.colcon_core.shell:Creating package script '/home/ismail/ros2_ws/install/navibot_description/share/navibot_description/package.bash'
[5.271s] INFO:colcon.colcon_core.shell:Creating package script '/home/ismail/ros2_ws/install/navibot_description/share/navibot_description/package.zsh'
[5.273s] Level 1:colcon.colcon_core.environment:create_file_with_runtime_dependencies(/home/ismail/ros2_ws/install/navibot_description/share/colcon-core/packages/navibot_description)
[5.274s] DEBUG:colcon.colcon_parallel_executor.executor.parallel:closing loop
[5.275s] DEBUG:colcon.colcon_parallel_executor.executor.parallel:loop closed
[5.275s] DEBUG:colcon.colcon_parallel_executor.executor.parallel:run_until_complete finished with '0'
[5.275s] DEBUG:colcon.colcon_core.event_reactor:joining thread
[5.298s] INFO:colcon.colcon_core.plugin_system:Skipping extension 'colcon_notification.desktop_notification.terminal_notifier': Not used on non-Darwin systems
[5.298s] INFO:colcon.colcon_core.plugin_system:Skipping extension 'colcon_notification.desktop_notification.win32': Not used on non-Windows systems
[5.298s] INFO:colcon.colcon_notification.desktop_notification:Sending desktop notification using 'notify2'
[5.336s] DEBUG:colcon.colcon_core.event_reactor:joined thread
[5.337s] INFO:colcon.colcon_core.shell:Creating prefix script '/home/ismail/ros2_ws/install/local_setup.ps1'
[5.341s] INFO:colcon.colcon_core.shell:Creating prefix util module '/home/ismail/ros2_ws/install/_local_setup_util_ps1.py'
[5.347s] INFO:colcon.colcon_core.shell:Creating prefix chain script '/home/ismail/ros2_ws/install/setup.ps1'
[5.351s] INFO:colcon.colcon_core.shell:Creating prefix script '/home/ismail/ros2_ws/install/local_setup.sh'
[5.354s] INFO:colcon.colcon_core.shell:Creating prefix util module '/home/ismail/ros2_ws/install/_local_setup_util_sh.py'
[5.356s] INFO:colcon.colcon_core.shell:Creating prefix chain script '/home/ismail/ros2_ws/install/setup.sh'
[5.361s] INFO:colcon.colcon_core.shell:Creating prefix script '/home/ismail/ros2_ws/install/local_setup.bash'
[5.363s] INFO:colcon.colcon_core.shell:Creating prefix chain script '/home/ismail/ros2_ws/install/setup.bash'
[5.367s] INFO:colcon.colcon_core.shell:Creating prefix script '/home/ismail/ros2_ws/install/local_setup.zsh'
[5.369s] INFO:colcon.colcon_core.shell:Creating prefix chain script '/home/ismail/ros2_ws/install/setup.zsh'
