[0.329s] Invoking command in '/home/ismail/ros2_ws/build/my_robot_simulation': /usr/bin/cmake /home/ismail/ros2_ws/src/my_robot_simulation -DCMAKE_INSTALL_PREFIX=/home/ismail/ros2_ws/install/my_robot_simulation
[0.451s] -- The C compiler identification is GNU 11.4.0
[0.555s] -- The CXX compiler identification is GNU 11.4.0
[0.566s] -- Detecting C compiler ABI info
[0.692s] -- Detecting C compiler ABI info - done
[0.709s] -- Check for working C compiler: /usr/bin/cc - skipped
[0.709s] -- Detecting C compile features
[0.710s] -- Detecting C compile features - done
[0.716s] -- Detecting CXX compiler ABI info
[0.908s] -- Detecting CXX compiler ABI info - done
[0.924s] -- Check for working CXX compiler: /usr/bin/c++ - skipped
[0.925s] -- Detecting CXX compile features
[0.926s] -- Detecting CXX compile features - done
[0.929s] -- Found ament_cmake: 1.3.13 (/opt/ros/humble/share/ament_cmake/cmake)
[1.252s] -- Found Python3: /usr/bin/python3 (found version "3.10.12") found components: Interpreter 
[1.508s] Error parsing '/home/ismail/ros2_ws/src/my_robot_simulation/package.xml':
[1.617s] Traceback (most recent call last):
[1.617s]   File "/opt/ros/humble/share/ament_cmake_core/cmake/core/package_xml_2_cmake.py", line 150, in <module>
[1.618s]     main()
[1.618s]   File "/opt/ros/humble/share/ament_cmake_core/cmake/core/package_xml_2_cmake.py", line 53, in main
[1.618s]     raise e
[1.618s]   File "/opt/ros/humble/share/ament_cmake_core/cmake/core/package_xml_2_cmake.py", line 49, in main
[1.618s]     package = parse_package_string(
[1.619s]   File "/usr/lib/python3/dist-packages/catkin_pkg/package.py", line 630, in parse_package_string
[1.620s]     pkg.name = _get_node_value(_get_node(root, 'name', filename))
[1.620s]   File "/usr/lib/python3/dist-packages/catkin_pkg/package.py", line 800, in _get_node
[1.620s]     raise InvalidPackage('The manifest must contain exactly one "%s" tag' % tagname, filename)
[1.622s] catkin_pkg.package.InvalidPackage: Error(s) in package '/home/ismail/ros2_ws/src/my_robot_simulation/package.xml':
[1.622s] The manifest must contain exactly one "name" tag
[1.667s] [31mCMake Error at /opt/ros/humble/share/ament_cmake_core/cmake/core/ament_package_xml.cmake:95 (message):
[1.667s]   execute_process(/usr/bin/python3
[1.667s]   /opt/ros/humble/share/ament_cmake_core/cmake/core/package_xml_2_cmake.py
[1.668s]   /home/ismail/ros2_ws/src/my_robot_simulation/package.xml
[1.668s]   /home/ismail/ros2_ws/build/my_robot_simulation/ament_cmake_core/package.cmake)
[1.668s]   returned error code 1
[1.668s] Call Stack (most recent call first):
[1.668s]   /opt/ros/humble/share/ament_cmake_core/cmake/core/ament_package_xml.cmake:49 (_ament_package_xml)
[1.669s]   /opt/ros/humble/share/ament_cmake_core/cmake/core/ament_package.cmake:63 (ament_package_xml)
[1.669s]   CMakeLists.txt:11 (ament_package)
[1.669s] 
[1.669s] [0m
[1.669s] -- Configuring incomplete, errors occurred!
[1.670s] See also "/home/ismail/ros2_ws/build/my_robot_simulation/CMakeFiles/CMakeOutput.log".
[1.679s] Invoked command in '/home/ismail/ros2_ws/build/my_robot_simulation' returned '1': /usr/bin/cmake /home/ismail/ros2_ws/src/my_robot_simulation -DCMAKE_INSTALL_PREFIX=/home/ismail/ros2_ws/install/my_robot_simulation
