[1.057s] Invoking command in '/home/ismail/ros2_ws/src/navibot_description': PYTHONPATH=/home/ismail/ros2_ws/build/navibot_description/prefix_override:/usr/lib/python3/dist-packages/colcon_core/task/python/colcon_distutils_commands:/home/ismail/ros2_ws/install/navibot_description/lib/python3.10/site-packages:${PYTHONPATH} /usr/bin/python3 -W ignore:setup.py install is deprecated -W ignore:easy_install command is deprecated setup.py egg_info --egg-base ../../build/navibot_description build --build-base /home/ismail/ros2_ws/build/navibot_description/build install --record /home/ismail/ros2_ws/build/navibot_description/install.log --single-version-externally-managed install_data
[1.480s] running egg_info
[1.480s] writing ../../build/navibot_description/navibot_description.egg-info/PKG-INFO
[1.480s] writing dependency_links to ../../build/navibot_description/navibot_description.egg-info/dependency_links.txt
[1.481s] writing entry points to ../../build/navibot_description/navibot_description.egg-info/entry_points.txt
[1.481s] writing requirements to ../../build/navibot_description/navibot_description.egg-info/requires.txt
[1.481s] writing top-level names to ../../build/navibot_description/navibot_description.egg-info/top_level.txt
[1.484s] reading manifest file '../../build/navibot_description/navibot_description.egg-info/SOURCES.txt'
[1.486s] writing manifest file '../../build/navibot_description/navibot_description.egg-info/SOURCES.txt'
[1.486s] running build
[1.486s] running build_py
[1.486s] running install
[1.486s] running install_lib
[1.488s] running install_data
[1.488s] copying launch/gazebo.launch.py -> /home/ismail/ros2_ws/install/navibot_description/share/navibot_description/launch
[1.489s] running install_egg_info
[1.491s] removing '/home/ismail/ros2_ws/install/navibot_description/lib/python3.10/site-packages/navibot_description-0.0.0-py3.10.egg-info' (and everything under it)
[1.492s] Copying ../../build/navibot_description/navibot_description.egg-info to /home/ismail/ros2_ws/install/navibot_description/lib/python3.10/site-packages/navibot_description-0.0.0-py3.10.egg-info
[1.493s] running install_scripts
[1.528s] writing list of installed files to '/home/ismail/ros2_ws/build/navibot_description/install.log'
[1.574s] Invoked command in '/home/ismail/ros2_ws/src/navibot_description' returned '0': PYTHONPATH=/home/ismail/ros2_ws/build/navibot_description/prefix_override:/usr/lib/python3/dist-packages/colcon_core/task/python/colcon_distutils_commands:/home/ismail/ros2_ws/install/navibot_description/lib/python3.10/site-packages:${PYTHONPATH} /usr/bin/python3 -W ignore:setup.py install is deprecated -W ignore:easy_install command is deprecated setup.py egg_info --egg-base ../../build/navibot_description build --build-base /home/ismail/ros2_ws/build/navibot_description/build install --record /home/ismail/ros2_ws/build/navibot_description/install.log --single-version-externally-managed install_data
